Component: ARM Compiler 5.06 update 3 (build 300) Tool: armlink [4d35c9]

==============================================================================

Section Cross References

    startup_stm32f429xx.o(RESET) refers to startup_stm32f429xx.o(STACK) for __initial_sp
    startup_stm32f429xx.o(RESET) refers to startup_stm32f429xx.o(.text) for Reset_Handler
    startup_stm32f429xx.o(RESET) refers to stm32f4xx_it.o(i.NMI_Handler) for NMI_Handler
    startup_stm32f429xx.o(RESET) refers to stm32f4xx_it.o(i.HardFault_Handler) for HardFault_Handler
    startup_stm32f429xx.o(RESET) refers to stm32f4xx_it.o(i.MemManage_Handler) for MemManage_Handler
    startup_stm32f429xx.o(RESET) refers to stm32f4xx_it.o(i.BusFault_Handler) for BusFault_Handler
    startup_stm32f429xx.o(RESET) refers to stm32f4xx_it.o(i.UsageFault_Handler) for UsageFault_Handler
    startup_stm32f429xx.o(RESET) refers to stm32f4xx_it.o(i.SVC_Handler) for SVC_Handler
    startup_stm32f429xx.o(RESET) refers to stm32f4xx_it.o(i.DebugMon_Handler) for DebugMon_Handler
    startup_stm32f429xx.o(RESET) refers to stm32f4xx_it.o(i.PendSV_Handler) for PendSV_Handler
    startup_stm32f429xx.o(RESET) refers to stm32f4xx_it.o(i.SysTick_Handler) for SysTick_Handler
    startup_stm32f429xx.o(RESET) refers to stm32f4xx_it.o(i.EXTI4_IRQHandler) for EXTI4_IRQHandler
    startup_stm32f429xx.o(RESET) refers to stm32f4xx_it.o(i.DMA2_Stream1_IRQHandler) for DMA2_Stream1_IRQHandler
    startup_stm32f429xx.o(RESET) refers to stm32f4xx_it.o(i.OTG_FS_IRQHandler) for OTG_FS_IRQHandler
    startup_stm32f429xx.o(RESET) refers to stm32f4xx_it.o(i.DCMI_IRQHandler) for DCMI_IRQHandler
    startup_stm32f429xx.o(.text) refers to system_stm32f4xx.o(i.SystemInit) for SystemInit
    startup_stm32f429xx.o(.text) refers to entry.o(.ARM.Collect$$$$00000000) for __main
    hardware.o(i.delay_ms) refers to hardware.o(i.delay_us) for delay_us
    hardware.o(i.delay_us) refers to system_stm32f4xx.o(.data) for SystemCoreClock
    hardware.o(i.led_init) refers to hardware.o(.data) for .data
    hardware.o(i.ov5640_init) refers to ov5640.o(i.HW_OV5640_init) for HW_OV5640_init
    hardware.o(i.ov5640_init) refers to ov5640.o(i.HW_OV5640_get_chip_id) for HW_OV5640_get_chip_id
    hardware.o(i.ov5640_init) refers to ov5640.o(i.HW_OV5640_SCCB_write_reg) for HW_OV5640_SCCB_write_reg
    hardware.o(i.ov5640_init) refers to hardware.o(i.delay_ms) for delay_ms
    hardware.o(i.ov5640_init) refers to hardware.o(i.ov5640_rst) for ov5640_rst
    hardware.o(i.ov5640_init) refers to hardware.o(.bss) for .bss
    hardware.o(i.ov5640_init) refers to hardware.o(i.ov5640_pwdn) for ov5640_pwdn
    hardware.o(i.ov5640_init) refers to hardware.o(i.ov5640_scl) for ov5640_scl
    hardware.o(i.ov5640_init) refers to hardware.o(i.ov5640_sda_out) for ov5640_sda_out
    hardware.o(i.ov5640_init) refers to hardware.o(i.ov5640_sda_in) for ov5640_sda_in
    hardware.o(i.ov5640_init) refers to hardware.o(i.ov5640_sda_switch) for ov5640_sda_switch
    hardware.o(i.ov5640_init) refers to hardware.o(i.delay_us) for delay_us
    hardware.o(i.ov5640_pwdn) refers to stm32f4xx_hal_gpio.o(i.HAL_GPIO_WritePin) for HAL_GPIO_WritePin
    hardware.o(i.ov5640_rst) refers to stm32f4xx_hal_gpio.o(i.HAL_GPIO_WritePin) for HAL_GPIO_WritePin
    hardware.o(i.ov5640_scl) refers to stm32f4xx_hal_gpio.o(i.HAL_GPIO_WritePin) for HAL_GPIO_WritePin
    hardware.o(i.ov5640_sda_in) refers to stm32f4xx_hal_gpio.o(i.HAL_GPIO_ReadPin) for HAL_GPIO_ReadPin
    hardware.o(i.ov5640_sda_out) refers to stm32f4xx_hal_gpio.o(i.HAL_GPIO_WritePin) for HAL_GPIO_WritePin
    hardware.o(i.ov5640_sda_switch) refers to memseta.o(.text) for __aeabi_memclr4
    hardware.o(i.ov5640_sda_switch) refers to stm32f4xx_hal_gpio.o(i.HAL_GPIO_Init) for HAL_GPIO_Init
    main.o(i.DCMI_DMAXferCplt) refers to led.o(i.HW_LED_turn) for HW_LED_turn
    main.o(i.DCMI_DMAXferCplt) refers to main.o(i.save_buffer) for save_buffer
    main.o(i.DCMI_DMAXferCplt) refers to main.o(.data) for .data
    main.o(i.DCMI_DMAXferCplt) refers to hardware.o(.data) for led0
    main.o(i.DCMI_DMAXferM1Cplt) refers to led.o(i.HW_LED_turn) for HW_LED_turn
    main.o(i.DCMI_DMAXferM1Cplt) refers to main.o(i.save_buffer) for save_buffer
    main.o(i.DCMI_DMAXferM1Cplt) refers to main.o(.data) for .data
    main.o(i.DCMI_DMAXferM1Cplt) refers to hardware.o(.data) for led1
    main.o(i.HAL_DCMI_VsyncEventCallback) refers to main.o(i.data_process) for data_process
    main.o(i.SystemClock_Config) refers to memseta.o(.text) for __aeabi_memclr4
    main.o(i.SystemClock_Config) refers to stm32f4xx_hal_rcc.o(i.HAL_RCC_OscConfig) for HAL_RCC_OscConfig
    main.o(i.SystemClock_Config) refers to stm32f4xx_hal_rcc.o(i.HAL_RCC_ClockConfig) for HAL_RCC_ClockConfig
    main.o(i.data_process) refers to main.o(i.save_buffer) for save_buffer
    main.o(i.data_process) refers to main.o(.data) for .data
[...]
    i.HardFault_Handler                      0x08002b32   Section        0  stm32f4xx_it.o(i.HardFault_Handler)
    i.IntToUnicode                           0x08002b34   Section        0  usbd_desc.o(i.IntToUnicode)
    IntToUnicode                             0x08002b35   Thumb Code    56  usbd_desc.o(i.IntToUnicode)
    i.MX_DCMI_Init                           0x08002b6c   Section        0  dcmi.o(i.MX_DCMI_Init)
    i.MX_DMA_Init                            0x08002ba0   Section        0  dma.o(i.MX_DMA_Init)
    i.MX_FMC_Init                            0x08002bcc   Section        0  fmc.o(i.MX_FMC_Init)
    i.MX_GPIO_Init                           0x08002c3c   Section        0  gpio.o(i.MX_GPIO_Init)
    i.MX_USB_DEVICE_Init                     0x08002dac   Section        0  usb_device.o(i.MX_USB_DEVICE_Init)
    i.MemManage_Handler                      0x08002e00   Section        0  stm32f4xx_it.o(i.MemManage_Handler)
    i.NMI_Handler                            0x08002e02   Section        0  stm32f4xx_it.o(i.NMI_Handler)
    i.OTG_FS_IRQHandler                      0x08002e04   Section        0  stm32f4xx_it.o(i.OTG_FS_IRQHandler)
    i.PCD_EP_OutXfrComplete_int              0x08002e10   Section        0  stm32f4xx_hal_pcd.o(i.PCD_EP_OutXfrComplete_int)
    PCD_EP_OutXfrComplete_int                0x08002e11   Thumb Code   196  stm32f4xx_hal_pcd.o(i.PCD_EP_OutXfrComplete_int)
    i.PCD_WriteEmptyTxFifo                   0x08002edc   Section        0  stm32f4xx_hal_pcd.o(i.PCD_WriteEmptyTxFifo)
    PCD_WriteEmptyTxFifo                     0x08002edd   Thumb Code   162  stm32f4xx_hal_pcd.o(i.PCD_WriteEmptyTxFifo)
    i.PendSV_Handler                         0x08002f7e   Section        0  stm32f4xx_it.o(i.PendSV_Handler)
    i.SDRAM_Initialization_Sequence          0x08002f80   Section        0  fmc.o(i.SDRAM_Initialization_Sequence)
    i.SDRAM_Send_Cmd                         0x08002fd0   Section        0  fmc.o(i.SDRAM_Send_Cmd)
    i.SVC_Handler                            0x08003004   Section        0  stm32f4xx_it.o(i.SVC_Handler)
    i.SWAPBYTE                               0x08003006   Section        0  usbd_ctlreq.o(i.SWAPBYTE)
    SWAPBYTE                                 0x08003007   Thumb Code    10  usbd_ctlreq.o(i.SWAPBYTE)
    i.SysTick_Handler                        0x08003010   Section        0  stm32f4xx_it.o(i.SysTick_Handler)
    i.SystemClock_Config                     0x08003014   Section        0  main.o(i.SystemClock_Config)
    i.SystemInit                             0x080030ac   Section        0  system_stm32f4xx.o(i.SystemInit)
    i.USBD_CDC_DataIn                        0x080030c8   Section        0  usbd_cdc.o(i.USBD_CDC_DataIn)
    USBD_CDC_DataIn                          0x080030c9   Thumb Code    98  usbd_cdc.o(i.USBD_CDC_DataIn)
    i.USBD_CDC_DataOut                       0x0800312a   Section        0  usbd_cdc.o(i.USBD_CDC_DataOut)
    USBD_CDC_DataOut                         0x0800312b   Thumb Code    42  usbd_cdc.o(i.USBD_CDC_DataOut)
    i.USBD_CDC_DeInit                        0x08003154   Section        0  usbd_cdc.o(i.USBD_CDC_DeInit)
    USBD_CDC_DeInit                          0x08003155   Thumb Code    74  usbd_cdc.o(i.USBD_CDC_DeInit)
    i.USBD_CDC_EP0_RxReady                   0x0800319e   Section        0  usbd_cdc.o(i.USBD_CDC_EP0_RxReady)
    USBD_CDC_EP0_RxReady                     0x0800319f   Thumb Code    36  usbd_cdc.o(i.USBD_CDC_EP0_RxReady)
    i.USBD_CDC_GetDeviceQualifierDescriptor  0x080031c4   Section        0  usbd_cdc.o(i.USBD_CDC_GetDeviceQualifierDescriptor)
    i.USBD_CDC_GetFSCfgDesc                  0x080031d0   Section        0  usbd_cdc.o(i.USBD_CDC_GetFSCfgDesc)
    USBD_CDC_GetFSCfgDesc                    0x080031d1   Thumb Code     8  usbd_cdc.o(i.USBD_CDC_GetFSCfgDesc)
    i.USBD_CDC_GetHSCfgDesc                  0x080031dc   Section        0  usbd_cdc.o(i.USBD_CDC_GetHSCfgDesc)
    USBD_CDC_GetHSCfgDesc                    0x080031dd   Thumb Code     8  usbd_cdc.o(i.USBD_CDC_GetHSCfgDesc)
    i.USBD_CDC_GetOtherSpeedCfgDesc          0x080031e8   Section        0  usbd_cdc.o(i.USBD_CDC_GetOtherSpeedCfgDesc)
    USBD_CDC_GetOtherSpeedCfgDesc            0x080031e9   Thumb Code     8  usbd_cdc.o(i.USBD_CDC_GetOtherSpeedCfgDesc)
    i.USBD_CDC_Init                          0x080031f4   Section        0  usbd_cdc.o(i.USBD_CDC_Init)
    USBD_CDC_Init                            0x080031f5   Thumb Code   162  usbd_cdc.o(i.USBD_CDC_Init)
    i.USBD_CDC_ReceivePacket                 0x08003296   Section        0  usbd_cdc.o(i.USBD_CDC_ReceivePacket)
    i.USBD_CDC_RegisterInterface             0x080032be   Section        0  usbd_cdc.o(i.USBD_CDC_RegisterInterface)
    i.USBD_CDC_SetRxBuffer                   0x080032cc   Section        0  usbd_cdc.o(i.USBD_CDC_SetRxBuffer)
    i.USBD_CDC_SetTxBuffer                   0x080032d8   Section        0  usbd_cdc.o(i.USBD_CDC_SetTxBuffer)
    i.USBD_CDC_Setup                         0x080032e8   Section        0  usbd_cdc.o(i.USBD_CDC_Setup)
    USBD_CDC_Setup                           0x080032e9   Thumb Code   176  usbd_cdc.o(i.USBD_CDC_Setup)
    i.USBD_CDC_TransmitPacket                0x08003398   Section        0  usbd_cdc.o(i.USBD_CDC_TransmitPacket)
    i.USBD_ClrClassConfig                    0x080033ce   Section        0  usbd_core.o(i.USBD_ClrClassConfig)
    i.USBD_CtlContinueRx                     0x080033de   Section        0  usbd_ioreq.o(i.USBD_CtlContinueRx)
    i.USBD_CtlContinueSendData               0x080033ee   Section        0  usbd_ioreq.o(i.USBD_CtlContinueSendData)
    i.USBD_CtlError                          0x080033fe   Section        0  usbd_ctlreq.o(i.USBD_CtlError)
    i.USBD_CtlPrepareRx                      0x08003414   Section        0  usbd_ioreq.o(i.USBD_CtlPrepareRx)
    i.USBD_CtlReceiveStatus                  0x08003432   Section        0  usbd_ioreq.o(i.USBD_CtlReceiveStatus)
    i.USBD_CtlSendData                       0x08003448   Section        0  usbd_ioreq.o(i.USBD_CtlSendData)
    i.USBD_CtlSendStatus                     0x08003462   Section        0  usbd_ioreq.o(i.USBD_CtlSendStatus)
    i.USBD_FS_ConfigStrDescriptor            0x08003478   Section        0  usbd_desc.o(i.USBD_FS_ConfigStrDescriptor)
    i.USBD_FS_DeviceDescriptor               0x08003498   Section        0  usbd_desc.o(i.USBD_FS_DeviceDescriptor)
    i.USBD_FS_InterfaceStrDescriptor         0x080034a4   Section        0  usbd_desc.o(i.USBD_FS_InterfaceStrDescriptor)
    i.USBD_FS_LangIDStrDescriptor            0x080034c8   Section        0  usbd_desc.o(i.USBD_FS_LangIDStrDescriptor)
    i.USBD_FS_ManufacturerStrDescriptor      0x080034d4   Section        0  usbd_desc.o(i.USBD_FS_ManufacturerStrDescriptor)
    i.USBD_FS_ProductStrDescriptor           0x080034fc   Section        0  usbd_desc.o(i.USBD_FS_ProductStrDescriptor)
    i.USBD_FS_SerialStrDescriptor            0x08003528   Section        0  usbd_desc.o(i.USBD_FS_SerialStrDescriptor)
    i.USBD_GetDescriptor                     0x08003560   Section        0  usbd_ctlreq.o(i.USBD_GetDescriptor)
    USBD_GetDescriptor                       0x08003561   Thumb Code   230  usbd_ctlreq.o(i.USBD_GetDescriptor)
    i.USBD_GetString                         0x08003646   Section        0  usbd_ctlreq.o(i.USBD_GetString)
    i.USBD_Get_USB_Status                    0x0800368e   Section        0  usbd_conf.o(i.USBD_Get_USB_Status)
    i.USBD_Init                              0x080036a6   Section        0  usbd_core.o(i.USBD_Init)
    i.USBD_LL_ClearStallEP                   0x080036da   Section        0  usbd_conf.o(i.USBD_LL_ClearStallEP)
    i.USBD_LL_CloseEP                        0x080036ec   Section        0  usbd_conf.o(i.USBD_LL_CloseEP)
    i.USBD_LL_DataInStage                    0x080036fe   Section        0  usbd_core.o(i.USBD_LL_DataInStage)
    i.USBD_LL_DataOutStage                   0x080037a8   Section        0  usbd_core.o(i.USBD_LL_DataOutStage)
    i.USBD_LL_DevConnected                   0x08003816   Section        0  usbd_core.o(i.USBD_LL_DevConnected)
    i.USBD_LL_DevDisconnected                0x0800381a   Section        0  usbd_core.o(i.USBD_LL_DevDisconnected)
    i.USBD_LL_GetRxDataSize                  0x08003832   Section        0  usbd_conf.o(i.USBD_LL_GetRxDataSize)
    i.USBD_LL_Init                           0x0800383c   Section        0  usbd_conf.o(i.USBD_LL_Init)
    i.USBD_LL_IsStallEP                      0x0800389c   Section        0  usbd_conf.o(i.USBD_LL_IsStallEP)
    i.USBD_LL_IsoINIncomplete                0x080038bc   Section        0  usbd_core.o(i.USBD_LL_IsoINIncomplete)
    i.USBD_LL_IsoOUTIncomplete               0x080038c0   Section        0  usbd_core.o(i.USBD_LL_IsoOUTIncomplete)
    i.USBD_LL_OpenEP                         0x080038c4   Section        0  usbd_conf.o(i.USBD_LL_OpenEP)
    i.USBD_LL_PrepareReceive                 0x080038dc   Section        0  usbd_conf.o(i.USBD_LL_PrepareReceive)
    i.USBD_LL_Reset                          0x080038ee   Section        0  usbd_core.o(i.USBD_LL_Reset)
    i.USBD_LL_Resume                         0x08003940   Section        0  usbd_core.o(i.USBD_LL_Resume)
    i.USBD_LL_SOF                            0x08003954   Section        0  usbd_core.o(i.USBD_LL_SOF)
    i.USBD_LL_SetSpeed                       0x0800396c   Section        0  usbd_core.o(i.USBD_LL_SetSpeed)
    i.USBD_LL_SetUSBAddress                  0x08003972   Section        0  usbd_conf.o(i.USBD_LL_SetUSBAddress)
    i.USBD_LL_SetupStage                     0x08003984   Section        0  usbd_core.o(i.USBD_LL_SetupStage)
    i.USBD_LL_StallEP                        0x080039e4   Section        0  usbd_conf.o(i.USBD_LL_StallEP)
    i.USBD_LL_Start                          0x080039f6   Section        0  usbd_conf.o(i.USBD_LL_Start)
    i.USBD_LL_Suspend                        0x08003a08   Section        0  usbd_core.o(i.USBD_LL_Suspend)
    i.USBD_LL_Transmit                       0x08003a1a   Section        0  usbd_conf.o(i.USBD_LL_Transmit)
    i.USBD_ParseSetupRequest                 0x08003a2c   Section        0  usbd_ctlreq.o(i.USBD_ParseSetupRequest)
    i.USBD_RegisterClass                     0x08003a58   Section        0  usbd_core.o(i.USBD_RegisterClass)
    i.USBD_SetClassConfig                    0x08003a7a   Section        0  usbd_core.o(i.USBD_SetClassConfig)
    i.USBD_SetConfig                         0x08003a90   Section        0  usbd_ctlreq.o(i.USBD_SetConfig)
    USBD_SetConfig                           0x08003a91   Thumb Code   182  usbd_ctlreq.o(i.USBD_SetConfig)
    i.USBD_Start                             0x08003b4c   Section        0  usbd_core.o(i.USBD_Start)
    i.USBD_StdDevReq                         0x08003b50   Section        0  usbd_ctlreq.o(i.USBD_StdDevReq)
    i.USBD_StdEPReq                          0x08003c64   Section        0  usbd_ctlreq.o(i.USBD_StdEPReq)
    i.USBD_StdItfReq                         0x08003db0   Section        0  usbd_ctlreq.o(i.USBD_StdItfReq)
    i.USB_ActivateEndpoint                   0x08003e04   Section        0  stm32f4xx_ll_usb.o(i.USB_ActivateEndpoint)
    i.USB_ActivateSetup                      0x08003e84   Section        0  stm32f4xx_ll_usb.o(i.USB_ActivateSetup)
    i.USB_CoreInit                           0x08003ea0   Section        0  stm32f4xx_ll_usb.o(i.USB_CoreInit)
    i.USB_CoreReset                          0x08003f14   Section        0  stm32f4xx_ll_usb.o(i.USB_CoreReset)
    USB_CoreReset                            0x08003f15   Thumb Code    50  stm32f4xx_ll_usb.o(i.USB_CoreReset)
    i.USB_DeactivateEndpoint                 0x08003f4c   Section        0  stm32f4xx_ll_usb.o(i.USB_DeactivateEndpoint)
    i.USB_DevConnect                         0x08004018   Section        0  stm32f4xx_ll_usb.o(i.USB_DevConnect)
    i.USB_DevDisconnect                      0x08004034   Section        0  stm32f4xx_ll_usb.o(i.USB_DevDisconnect)
    i.USB_DevInit                            0x08004050   Section        0  stm32f4xx_ll_usb.o(i.USB_DevInit)
    i.USB_DisableGlobalInt                   0x080041c4   Section        0  stm32f4xx_ll_usb.o(i.USB_DisableGlobalInt)
    i.USB_EP0StartXfer                       0x080041d0   Section        0  stm32f4xx_ll_usb.o(i.USB_EP0StartXfer)
    i.USB_EP0_OutStart                       0x080042e8   Section        0  stm32f4xx_ll_usb.o(i.USB_EP0_OutStart)
    i.USB_EPClearStall                       0x08004340   Section        0  stm32f4xx_ll_usb.o(i.USB_EPClearStall)
    i.USB_EPSetStall                         0x08004398   Section        0  stm32f4xx_ll_usb.o(i.USB_EPSetStall)
    i.USB_EPStartXfer                        0x080043f0   Section        0  stm32f4xx_ll_usb.o(i.USB_EPStartXfer)
    i.USB_EnableGlobalInt                    0x080045d8   Section        0  stm32f4xx_ll_usb.o(i.USB_EnableGlobalInt)
    i.USB_FlushRxFifo                        0x080045e4   Section        0  stm32f4xx_ll_usb.o(i.USB_FlushRxFifo)
    i.USB_FlushTxFifo                        0x08004604   Section        0  stm32f4xx_ll_usb.o(i.USB_FlushTxFifo)
    i.USB_GetDevSpeed                        0x08004628   Section        0  stm32f4xx_ll_usb.o(i.USB_GetDevSpeed)
    i.USB_GetMode                            0x08004642   Section        0  stm32f4xx_ll_usb.o(i.USB_GetMode)
    i.USB_ReadDevAllInEpInterrupt            0x0800464a   Section        0  stm32f4xx_ll_usb.o(i.USB_ReadDevAllInEpInterrupt)
    i.USB_ReadDevAllOutEpInterrupt           0x08004658   Section        0  stm32f4xx_ll_usb.o(i.USB_ReadDevAllOutEpInterrupt)
    i.USB_ReadDevInEPInterrupt               0x08004666   Section        0  stm32f4xx_ll_usb.o(i.USB_ReadDevInEPInterrupt)
    i.USB_ReadDevOutEPInterrupt              0x0800468a   Section        0  stm32f4xx_ll_usb.o(i.USB_ReadDevOutEPInterrupt)
    i.USB_ReadInterrupts                     0x0800469a   Section        0  stm32f4xx_ll_usb.o(i.USB_ReadInterrupts)
    i.USB_ReadPacket                         0x080046a2   Section        0  stm32f4xx_ll_usb.o(i.USB_ReadPacket)
    i.USB_SetCurrentMode                     0x080046be   Section        0  stm32f4xx_ll_usb.o(i.USB_SetCurrentMode)
    i.USB_SetDevAddress                      0x080046ec   Section        0  stm32f4xx_ll_usb.o(i.USB_SetDevAddress)
    i.USB_SetTurnaroundTime                  0x08004710   Section        0  stm32f4xx_ll_usb.o(i.USB_SetTurnaroundTime)
    i.USB_WritePacket                        0x080047f8   Section        0  stm32f4xx_ll_usb.o(i.USB_WritePacket)
    i.UsageFault_Handler                     0x0800481c   Section        0  stm32f4xx_it.o(i.UsageFault_Handler)
    i.__NVIC_SetPriority                     0x0800481e   Section        0  stm32f4xx_hal_cortex.o(i.__NVIC_SetPriority)
    __NVIC_SetPriority                       0x0800481f   Thumb Code    32  stm32f4xx_hal_cortex.o(i.__NVIC_SetPriority)
    i.__scatterload_copy                     0x0800483e   Section       14  handlers.o(i.__scatterload_copy)
    i.__scatterload_null                     0x0800484c   Section        2  handlers.o(i.__scatterload_null)
    i.__scatterload_zeroinit                 0x0800484e   Section       14  handlers.o(i.__scatterload_zeroinit)
    i.data_process                           0x0800485c   Section        0  main.o(i.data_process)
    i.dcmi_start                             0x08004880   Section        0  main.o(i.dcmi_start)
    i.delay_ms                               0x080048fc   Section        0  hardware.o(i.delay_ms)
    i.delay_us                               0x08004918   Section        0  hardware.o(i.delay_us)
    i.free                                   0x08004958   Section        0  malloc.o(i.free)
    i.led_init                               0x080049a8   Section        0  hardware.o(i.led_init)
    i.main                                   0x080049c4   Section        0  main.o(i.main)
    i.malloc                                 0x08004aa8   Section        0  malloc.o(i.malloc)
    i.ov5640_init                            0x08004b14   Section        0  hardware.o(i.ov5640_init)
    i.ov5640_pwdn                            0x08004ba0   Section        0  hardware.o(i.ov5640_pwdn)
    i.ov5640_rst                             0x08004bb0   Section        0  hardware.o(i.ov5640_rst)
    i.ov5640_scl                             0x08004bc0   Section        0  hardware.o(i.ov5640_scl)
    i.ov5640_sda_in                          0x08004bd0   Section        0  hardware.o(i.ov5640_sda_in)
    i.ov5640_sda_out                         0x08004bdc   Section        0  hardware.o(i.ov5640_sda_out)
    i.ov5640_sda_switch                      0x08004bec   Section        0  hardware.o(i.ov5640_sda_switch)
    i.save_buffer                            0x08004c20   Section        0  main.o(i.save_buffer)
    .constdata                               0x08004c5c   Section        8  stm32f4xx_hal_dma.o(.constdata)
    flagBitshiftOffset                       0x08004c5c   Data           8  stm32f4xx_hal_dma.o(.constdata)
    .constdata                               0x08004c64   Section       16  system_stm32f4xx.o(.constdata)
    .constdata                               0x08004c74   Section     1172  ov5640.o(.constdata)
    .data                                    0x20000000   Section       16  hardware.o(.data)
    .data                                    0x20000010   Section        8  main.o(.data)
    .data                                    0x20000018   Section        8  fmc.o(.data)
    FMC_Initialized                          0x20000018   Data           4  fmc.o(.data)
    FMC_DeInitialized                        0x2000001c   Data           4  fmc.o(.data)
    .data                                    0x20000020   Section       28  usbd_desc.o(.data)
    .data                                    0x2000003c   Section       50  usbd_desc.o(.data)
    .data                                    0x20000070   Section       20  usbd_cdc_if.o(.data)
    .data                                    0x20000084   Section       12  stm32f4xx_hal.o(.data)
    .data                                    0x20000090   Section        4  system_stm32f4xx.o(.data)
    .data                                    0x20000094   Section        1  usbd_ctlreq.o(.data)
    cfgidx                                   0x20000094   Data           1  usbd_ctlreq.o(.data)
    .data                                    0x20000098   Section      215  usbd_cdc.o(.data)
    USBD_CDC_DeviceQualifierDesc             0x20000098   Data          10  usbd_cdc.o(.data)
    USBD_CDC_CfgHSDesc                       0x200000a4   Data          67  usbd_cdc.o(.data)
    USBD_CDC_CfgFSDesc                       0x200000e8   Data          67  usbd_cdc.o(.data)
    USBD_CDC_OtherSpeedCfgDesc               0x2000012c   Data          67  usbd_cdc.o(.data)
    .data                                    0x20000170   Section       56  usbd_cdc.o(.data)
    .data                                    0x200001a8   Section        4  mvars.o(.data)
    .data                                    0x200001ac   Section        4  mvars.o(.data)
    .bss                                     0x200001b0   Section       32  hardware.o(.bss)
    .bss                                     0x200001d0   Section    16384  main.o(.bss)
    .bss                                     0x200041d0   Section      160  dcmi.o(.bss)
    .bss                                     0x20004270   Section       52  fmc.o(.bss)
    .bss                                     0x200042a4   Section      720  usb_device.o(.bss)
    .bss                                     0x20004574   Section      512  usbd_desc.o(.bss)
    .bss                                     0x20004774   Section     4096  usbd_cdc_if.o(.bss)
    .bss                                     0x20005774   Section     1032  usbd_conf.o(.bss)
    HEAP                                     0x20005b80   Section     1536  startup_stm32f429xx.o(HEAP)
    STACK                                    0x20006180   Section     1024  startup_stm32f429xx.o(STACK)
    .ARM.__AT_0xC01F4000                     0xc01f4000   Section    122880  main.o(.ARM.__AT_0xC01F4000)

    Global Symbols

    Symbol Name                              Value     Ov Type        Size  Object(Section)

    BuildAttributes$$THM_ISAv4$E$P$D$K$B$S$7EM$VFPi3$EXTD16$VFPS$VFMA$PE$A:L22UL41UL21$X:L11$S22US41US21$IEEE1$IW$USESV6$~STKCKD$USESV7$~SHL$OSPACE$EBA8$MICROLIB$REQ8$PRES8$EABIv2 0x00000000   Number         0  anon$$obj.o ABSOLUTE
    __ARM_use_no_argv                        0x00000000   Number         0  main.o ABSOLUTE
    __cpp_initialize__aeabi_                  - Undefined Weak Reference
    __cxa_finalize                            - Undefined Weak Reference
    _clock_init                               - Undefined Weak Reference
    _microlib_exit                            - Undefined Weak Reference
    __Vectors_Size                           0x000001ac   Number         0  startup_stm32f429xx.o ABSOLUTE
    __Vectors                                0x08000000   Data           4  startup_stm32f429xx.o(RESET)
    __Vectors_End                            0x080001ac   Data           0  startup_stm32f429xx.o(RESET)
    __main                                   0x080001ad   Thumb Code     0  entry.o(.ARM.Collect$$$$00000000)
    _main_stk                                0x080001ad   Thumb Code     0  entry2.o(.ARM.Collect$$$$00000001)
    _main_scatterload                        0x080001b1   Thumb Code     0  entry5.o(.ARM.Collect$$$$00000004)
    __main_after_scatterload                 0x080001b5   Thumb Code     0  entry5.o(.ARM.Collect$$$$00000004)
    _main_clock                              0x080001b5   Thumb Code     0  entry7b.o(.ARM.Collect$$$$00000008)
    _main_cpp_init                           0x080001b5   Thumb Code     0  entry8b.o(.ARM.Collect$$$$0000000A)
    _main_init                               0x080001b5   Thumb Code     0  entry9a.o(.ARM.Collect$$$$0000000B)
    __rt_final_cpp                           0x080001bd   Thumb Code     0  entry10a.o(.ARM.Collect$$$$0000000D)
    __rt_final_exit                          0x080001bd   Thumb Code     0  entry11a.o(.ARM.Collect$$$$0000000F)
    Reset_Handler                            0x080001c1   Thumb Code     8  startup_stm32f429xx.o(.text)
    ADC_IRQHandler                           0x080001db   Thumb Code     0  startup_stm32f429xx.o(.text)
    CAN1_RX0_IRQHandler                      0x080001db   Thumb Code     0  startup_stm32f429xx.o(.text)
    CAN1_RX1_IRQHandler                      0x080001db   Thumb Code     0  startup_stm32f429xx.o(.text)
    CAN1_SCE_IRQHandler                      0x080001db   Thumb Code     0  startup_stm32f429xx.o(.text)
    CAN1_TX_IRQHandler                       0x080001db   Thumb Code     0  startup_stm32f429xx.o(.text)
    CAN2_RX0_IRQHandler                      0x080001db   Thumb Code     0  startup_stm32f429xx.o(.text)
    CAN2_RX1_IRQHandler                      0x080001db   Thumb Code     0  startup_stm32f429xx.o(.text)
    CAN2_SCE_IRQHandler                      0x080001db   Thumb Code     0  startup_stm32f429xx.o(.text)
    CAN2_TX_IRQHandler                       0x080001db   Thumb Code     0  startup_stm32f429xx.o(.text)
    DMA1_Stream0_IRQHandler                  0x080001db   Thumb Code     0  startup_stm32f429xx.o(.text)
    DMA1_Stream1_IRQHandler                  0x080001db   Thumb Code     0  startup_stm32f429xx.o(.text)
    DMA1_Stream2_IRQHandler                  0x080001db   Thumb Code     0  startup_stm32f429xx.o(.text)
    DMA1_Stream3_IRQHandler                  0x080001db   Thumb Code     0  startup_stm32f429xx.o(.text)
    DMA1_Stream4_IRQHandler                  0x080001db   Thumb Code     0  startup_stm32f429xx.o(.text)
    DMA1_Stream5_IRQHandler                  0x080001db   Thumb Code     0  startup_stm32f429xx.o(.text)
    DMA1_Stream6_IRQHandler                  0x080001db   Thumb Code     0  startup_stm32f429xx.o(.text)
    DMA1_Stream7_IRQHandler                  0x080001db   Thumb Code     0  startup_stm32f429xx.o(.text)
    DMA2D_IRQHandler                         0x080001db   Thumb Code     0  startup_stm32f429xx.o(.text)
    DMA2_Stream0_IRQHandler                  0x080001db   Thumb Code     0  startup_stm32f429xx.o(.text)
    DMA2_Stream2_IRQHandler                  0x080001db   Thumb Code     0  startup_stm32f429xx.o(.text)
    DMA2_Stream3_IRQHandler                  0x080001db   Thumb Code     0  startup_stm32f429xx.o(.text)
    DMA2_Stream4_IRQHandler                  0x080001db   Thumb Code     0  startup_stm32f429xx.o(.text)
    DMA2_Stream5_IRQHandler                  0x080001db   Thumb Code     0  startup_stm32f429xx.o(.text)
    DMA2_Stream6_IRQHandler                  0x080001db   Thumb Code     0  startup_stm32f429xx.o(.text)
    DMA2_Stream7_IRQHandler                  0x080001db   Thumb Code     0  startup_stm32f429xx.o(.text)
    ETH_IRQHandler                           0x080001db   Thumb Code     0  startup_stm32f429xx.o(.text)
    ETH_WKUP_IRQHandler                      0x080001db   Thumb Code     0  startup_stm32f429xx.o(.text)
    EXTI0_IRQHandler                         0x080001db   Thumb Code     0  startup_stm32f429xx.o(.text)
    EXTI15_10_IRQHandler                     0x080001db   Thumb Code     0  startup_stm32f429xx.o(.text)
    EXTI1_IRQHandler                         0x080001db   Thumb Code     0  startup_stm32f429xx.o(.text)
    EXTI2_IRQHandler                         0x080001db   Thumb Code     0  startup_stm32f429xx.o(.text)
    EXTI3_IRQHandler                         0x080001db   Thumb Code     0  startup_stm32f429xx.o(.text)
    EXTI9_5_IRQHandler                       0x080001db   Thumb Code     0  startup_stm32f429xx.o(.text)
    FLASH_IRQHandler                         0x080001db   Thumb Code     0  startup_stm32f429xx.o(.text)
    FMC_IRQHandler                           0x080001db   Thumb Code     0  startup_stm32f429xx.o(.text)
    FPU_IRQHandler                           0x080001db   Thumb Code     0  startup_stm32f429xx.o(.text)
    HASH_RNG_IRQHandler                      0x080001db   Thumb Code     0  startup_stm32f429xx.o(.text)
    I2C1_ER_IRQHandler                       0x080001db   Thumb Code     0  startup_stm32f429xx.o(.text)
    I2C1_EV_IRQHandler                       0x080001db   Thumb Code     0  startup_stm32f429xx.o(.text)
    I2C2_ER_IRQHandler                       0x080001db   Thumb Code     0  startup_stm32f429xx.o(.text)
    I2C2_EV_IRQHandler                       0x080001db   Thumb Code     0  startup_stm32f429xx.o(.text)
    I2C3_ER_IRQHandler                       0x080001db   Thumb Code     0  startup_stm32f429xx.o(.text)
    I2C3_EV_IRQHandler                       0x080001db   Thumb Code     0  startup_stm32f429xx.o(.text)
    LTDC_ER_IRQHandler                       0x080001db   Thumb Code     0  startup_stm32f429xx.o(.text)
    LTDC_IRQHandler                          0x080001db   Thumb Code     0  startup_stm32f429xx.o(.text)
    OTG_FS_WKUP_IRQHandler                   0x080001db   Thumb Code     0  startup_stm32f429xx.o(.text)
    OTG_HS_EP1_IN_IRQHandler                 0x080001db   Thumb Code     0  startup_stm32f429xx.o(.text)
    OTG_HS_EP1_OUT_IRQHandler                0x080001db   Thumb Code     0  startup_stm32f429xx.o(.text)
    OTG_HS_IRQHandler                        0x080001db   Thumb Code     0  startup_stm32f429xx.o(.text)
    OTG_HS_WKUP_IRQHandler                   0x080001db   Thumb Code     0  startup_stm32f429xx.o(.text)
    PVD_IRQHandler                           0x080001db   Thumb Code     0  startup_stm32f429xx.o(.text)
    RCC_IRQHandler                           0x080001db   Thumb Code     0  startup_stm32f429xx.o(.text)
    RTC_Alarm_IRQHandler                     0x080001db   Thumb Code     0  startup_stm32f429xx.o(.text)
    RTC_WKUP_IRQHandler                      0x080001db   Thumb Code     0  startup_stm32f429xx.o(.text)
    SAI1_IRQHandler                          0x080001db   Thumb Code     0  startup_stm32f429xx.o(.text)
    SDIO_IRQHandler                          0x080001db   Thumb Code     0  startup_stm32f429xx.o(.text)
    SPI1_IRQHandler                          0x080001db   Thumb Code     0  startup_stm32f429xx.o(.text)
    SPI2_IRQHandler                          0x080001db   Thumb Code     0  startup_stm32f429xx.o(.text)
    SPI3_IRQHandler                          0x080001db   Thumb Code     0  startup_stm32f429xx.o(.text)
    SPI4_IRQHandler                          0x080001db   Thumb Code     0  startup_stm32f429xx.o(.text)
    SPI5_IRQHandler                          0x080001db   Thumb Code     0  startup_stm32f429xx.o(.text)
    SPI6_IRQHandler                          0x080001db   Thumb Code     0  startup_stm32f429xx.o(.text)
    TAMP_STAMP_IRQHandler                    0x080001db   Thumb Code     0  startup_stm32f429xx.o(.text)
    TIM1_BRK_TIM9_IRQHandler                 0x080001db   Thumb Code     0  startup_stm32f429xx.o(.text)
    TIM1_CC_IRQHandler                       0x080001db   Thumb Code     0  startup_stm32f429xx.o(.text)
    TIM1_TRG_COM_TIM11_IRQHandler            0x080001db   Thumb Code     0  startup_stm32f429xx.o(.text)
    TIM1_UP_TIM10_IRQHandler                 0x080001db   Thumb Code     0  startup_stm32f429xx.o(.text)
    TIM2_IRQHandler                          0x080001db   Thumb Code     0  startup_stm32f429xx.o(.text)
    TIM3_IRQHandler                          0x080001db   Thumb Code     0  startup_stm32f429xx.o(.text)
    TIM4_IRQHandler                          0x080001db   Thumb Code     0  startup_stm32f429xx.o(.text)
    TIM5_IRQHandler                          0x080001db   Thumb Code     0  startup_stm32f429xx.o(.text)
    TIM6_DAC_IRQHandler                      0x080001db   Thumb Code     0  startup_stm32f429xx.o(.text)
    TIM7_IRQHandler                          0x080001db   Thumb Code     0  startup_stm32f429xx.o(.text)
    TIM8_BRK_TIM12_IRQHandler                0x080001db   Thumb Code     0  startup_stm32f429xx.o(.text)
    TIM8_CC_IRQHandler                       0x080001db   Thumb Code     0  startup_stm32f429xx.o(.text)
    TIM8_TRG_COM_TIM14_IRQHandler            0x080001db   Thumb Code     0  startup_stm32f429xx.o(.text)
    TIM8_UP_TIM13_IRQHandler                 0x080001db   Thumb Code     0  startup_stm32f429xx.o(.text)
    UART4_IRQHandler                         0x080001db   Thumb Code     0  startup_stm32f429xx.o(.text)
    UART5_IRQHandler                         0x080001db   Thumb Code     0  startup_stm32f429xx.o(.text)
    UART7_IRQHandler                         0x080001db   Thumb Code     0  startup_stm32f429xx.o(.text)
    UART8_IRQHandler                         0x080001db   Thumb Code     0  startup_stm32f429xx.o(.text)
    USART1_IRQHandler                        0x080001db   Thumb Code     0  startup_stm32f429xx.o(.text)
    USART2_IRQHandler                        0x080001db   Thumb Code     0  startup_stm32f429xx.o(.text)
    USART3_IRQHandler                        0x080001db   Thumb Code     0  startup_stm32f429xx.o(.text)
    USART6_IRQHandler                        0x080001db   Thumb Code     0  startup_stm32f429xx.o(.text)
    WWDG_IRQHandler                          0x080001db   Thumb Code     0  startup_stm32f429xx.o(.text)
    __aeabi_uldivmod                         0x080001e5   Thumb Code    98  uldiv.o(.text)
    __aeabi_memcpy                           0x08000247   Thumb Code    36  memcpya.o(.text)
    __aeabi_memcpy4                          0x08000247   Thumb Code     0  memcpya.o(.text)
    __aeabi_memcpy8                          0x08000247   Thumb Code     0  memcpya.o(.text)
    __aeabi_memset                           0x0800026b   Thumb Code    14  memseta.o(.text)
    __aeabi_memset4                          0x0800026b   Thumb Code     0  memseta.o(.text)
    __aeabi_memset8                          0x0800026b   Thumb Code     0  memseta.o(.text)
    __aeabi_memclr                           0x08000279   Thumb Code     4  memseta.o(.text)
    __aeabi_memclr4                          0x08000279   Thumb Code     0  memseta.o(.text)
    __aeabi_memclr8                          0x08000279   Thumb Code     0  memseta.o(.text)
    _memset$wrapper                          0x0800027d   Thumb Code    18  memseta.o(.text)
    __aeabi_llsl                             0x0800028f   Thumb Code    30  llshl.o(.text)
    _ll_shift_l                              0x0800028f   Thumb Code     0  llshl.o(.text)
    __aeabi_llsr                             0x080002ad   Thumb Code    32  llushr.o(.text)
    _ll_ushift_r                             0x080002ad   Thumb Code     0  llushr.o(.text)
    __scatterload                            0x080002cd   Thumb Code    28  init.o(.text)
    __scatterload_rt2                        0x080002cd   Thumb Code     0  init.o(.text)
    __decompress                             0x080002f1   Thumb Code     0  __dczerorl2.o(.text)
    __decompress1                            0x080002f1   Thumb Code    86  __dczerorl2.o(.text)
    BusFault_Handler                         0x08000347   Thumb Code     2  stm32f4xx_it.o(i.BusFault_Handler)
    CDC_Transmit_FS                          0x08000391   Thumb Code    38  usbd_cdc_if.o(i.CDC_Transmit_FS)
    DCMI_DMAXferCplt                         0x080003d5   Thumb Code    26  main.o(i.DCMI_DMAXferCplt)
    DCMI_DMAXferError                        0x080003f9   Thumb Code     2  main.o(i.DCMI_DMAXferError)
    DCMI_DMAXferM1Cplt                       0x080003fd   Thumb Code    26  main.o(i.DCMI_DMAXferM1Cplt)
    DCMI_IRQHandler                          0x08000421   Thumb Code     6  stm32f4xx_it.o(i.DCMI_IRQHandler)
    DMA2_Stream1_IRQHandler                  0x0800042d   Thumb Code     6  stm32f4xx_it.o(i.DMA2_Stream1_IRQHandler)
    DebugMon_Handler                         0x080004d3   Thumb Code     2  stm32f4xx_it.o(i.DebugMon_Handler)
    EXTI4_IRQHandler                         0x080004d5   Thumb Code     6  stm32f4xx_it.o(i.EXTI4_IRQHandler)
    Error_Handler                            0x080004db   Thumb Code     4  main.o(i.Error_Handler)
    FMC_SDRAM_Init                           0x080004df   Thumb Code    80  stm32f4xx_ll_fmc.o(i.FMC_SDRAM_Init)
    FMC_SDRAM_ProgramRefreshRate             0x0800052f   Thumb Code    12  stm32f4xx_ll_fmc.o(i.FMC_SDRAM_ProgramRefreshRate)
    FMC_SDRAM_SendCommand                    0x0800053b   Thumb Code    72  stm32f4xx_ll_fmc.o(i.FMC_SDRAM_SendCommand)
    FMC_SDRAM_Timing_Init                    0x08000585   Thumb Code   124  stm32f4xx_ll_fmc.o(i.FMC_SDRAM_Timing_Init)
    HAL_DCMI_ErrorCallback                   0x08000605   Thumb Code     2  stm32f4xx_hal_dcmi.o(i.HAL_DCMI_ErrorCallback)
    HAL_DCMI_FrameEventCallback              0x08000607   Thumb Code     2  stm32f4xx_hal_dcmi.o(i.HAL_DCMI_FrameEventCallback)
    HAL_DCMI_IRQHandler                      0x08000609   Thumb Code   148  stm32f4xx_hal_dcmi.o(i.HAL_DCMI_IRQHandler)
    HAL_DCMI_Init                            0x080006a1   Thumb Code   118  stm32f4xx_hal_dcmi_ex.o(i.HAL_DCMI_Init)
    HAL_DCMI_LineEventCallback               0x08000717   Thumb Code     2  stm32f4xx_hal_dcmi.o(i.HAL_DCMI_LineEventCallback)
    HAL_DCMI_MspInit                         0x08000719   Thumb Code   314  dcmi.o(i.HAL_DCMI_MspInit)
    HAL_DCMI_VsyncEventCallback              0x08000879   Thumb Code    20  main.o(i.HAL_DCMI_VsyncEventCallback)
    HAL_DMAEx_MultiBufferStart_IT            0x0800088d   Thumb Code  2422  stm32f4xx_hal_dma_ex.o(i.HAL_DMAEx_MultiBufferStart_IT)
    HAL_DMA_Abort_IT                         0x0800120d   Thumb Code    36  stm32f4xx_hal_dma.o(i.HAL_DMA_Abort_IT)
    HAL_DMA_IRQHandler                       0x08001231   Thumb Code   412  stm32f4xx_hal_dma.o(i.HAL_DMA_IRQHandler)
    HAL_DMA_Init                             0x080013d1   Thumb Code   206  stm32f4xx_hal_dma.o(i.HAL_DMA_Init)
    HAL_Delay                                0x080014a5   Thumb Code    32  stm32f4xx_hal.o(i.HAL_Delay)
    HAL_GPIO_EXTI_Callback                   0x08001589   Thumb Code     2  stm32f4xx_hal_gpio.o(i.HAL_GPIO_EXTI_Callback)
    HAL_GPIO_EXTI_IRQHandler                 0x0800158d   Thumb Code    18  stm32f4xx_hal_gpio.o(i.HAL_GPIO_EXTI_IRQHandler)
    HAL_GPIO_Init                            0x080015a5   Thumb Code   414  stm32f4xx_hal_gpio.o(i.HAL_GPIO_Init)
    HAL_GPIO_ReadPin                         0x08001779   Thumb Code    10  stm32f4xx_hal_gpio.o(i.HAL_GPIO_ReadPin)
    HAL_GPIO_TogglePin                       0x08001783   Thumb Code    14  stm32f4xx_hal_gpio.o(i.HAL_GPIO_TogglePin)
    HAL_GPIO_WritePin                        0x08001791   Thumb Code    10  stm32f4xx_hal_gpio.o(i.HAL_GPIO_WritePin)
    HAL_GetTick                              0x0800179d   Thumb Code     6  stm32f4xx_hal.o(i.HAL_GetTick)
    HAL_IncTick                              0x080017a9   Thumb Code    12  stm32f4xx_hal.o(i.HAL_IncTick)
    HAL_Init                                 0x080017b9   Thumb Code    48  stm32f4xx_hal.o(i.HAL_Init)
    HAL_InitTick                             0x080017ed   Thumb Code    54  stm32f4xx_hal.o(i.HAL_InitTick)
    HAL_MspInit                              0x0800182d   Thumb Code    42  stm32f4xx_hal_msp.o(i.HAL_MspInit)
    HAL_NVIC_EnableIRQ                       0x0800185d   Thumb Code    26  stm32f4xx_hal_cortex.o(i.HAL_NVIC_EnableIRQ)
    HAL_NVIC_SetPriority                     0x08001879   Thumb Code    60  stm32f4xx_hal_cortex.o(i.HAL_NVIC_SetPriority)
    HAL_NVIC_SetPriorityGrouping             0x080018b9   Thumb Code    26  stm32f4xx_hal_cortex.o(i.HAL_NVIC_SetPriorityGrouping)
    HAL_PCDEx_LPM_Callback                   0x080018dd   Thumb Code     2  stm32f4xx_hal_pcd_ex.o(i.HAL_PCDEx_LPM_Callback)
    HAL_PCDEx_SetRxFiFo                      0x080018df   Thumb Code     8  stm32f4xx_hal_pcd_ex.o(i.HAL_PCDEx_SetRxFiFo)
    HAL_PCDEx_SetTxFiFo                      0x080018e7   Thumb Code    68  stm32f4xx_hal_pcd_ex.o(i.HAL_PCDEx_SetTxFiFo)
    HAL_PCD_ConnectCallback                  0x0800192b   Thumb Code     8  usbd_conf.o(i.HAL_PCD_ConnectCallback)
    HAL_PCD_DataInStageCallback              0x08001933   Thumb Code    18  usbd_conf.o(i.HAL_PCD_DataInStageCallback)
    HAL_PCD_DataOutStageCallback             0x08001945   Thumb Code    20  usbd_conf.o(i.HAL_PCD_DataOutStageCallback)
    HAL_PCD_DisconnectCallback               0x08001959   Thumb Code     8  usbd_conf.o(i.HAL_PCD_DisconnectCallback)
    HAL_PCD_EP_Close                         0x08001961   Thumb Code    76  stm32f4xx_hal_pcd.o(i.HAL_PCD_EP_Close)
    HAL_PCD_EP_ClrStall                      0x080019ad   Thumb Code    92  stm32f4xx_hal_pcd.o(i.HAL_PCD_EP_ClrStall)
    HAL_PCD_EP_GetRxCount                    0x08001a09   Thumb Code    18  stm32f4xx_hal_pcd.o(i.HAL_PCD_EP_GetRxCount)
    HAL_PCD_EP_Open                          0x08001a1b   Thumb Code    96  stm32f4xx_hal_pcd.o(i.HAL_PCD_EP_Open)
    HAL_PCD_EP_Receive                       0x08001a7b   Thumb Code    72  stm32f4xx_hal_pcd.o(i.HAL_PCD_EP_Receive)
    HAL_PCD_EP_SetStall                      0x08001ac3   Thumb Code   116  stm32f4xx_hal_pcd.o(i.HAL_PCD_EP_SetStall)
    HAL_PCD_EP_Transmit                      0x08001b37   Thumb Code    64  stm32f4xx_hal_pcd.o(i.HAL_PCD_EP_Transmit)
    HAL_PCD_IRQHandler                       0x08001b79   Thumb Code  1070  stm32f4xx_hal_pcd.o(i.HAL_PCD_IRQHandler)
    HAL_PCD_ISOINIncompleteCallback          0x08001fad   Thumb Code     8  usbd_conf.o(i.HAL_PCD_ISOINIncompleteCallback)
    HAL_PCD_ISOOUTIncompleteCallback         0x08001fb5   Thumb Code     8  usbd_conf.o(i.HAL_PCD_ISOOUTIncompleteCallback)
    HAL_PCD_Init                             0x08001fbd   Thumb Code   226  stm32f4xx_hal_pcd.o(i.HAL_PCD_Init)
    HAL_PCD_MspInit                          0x080020a1   Thumb Code   122  usbd_conf.o(i.HAL_PCD_MspInit)
    HAL_PCD_ResetCallback                    0x08002125   Thumb Code    44  usbd_conf.o(i.HAL_PCD_ResetCallback)
    HAL_PCD_ResumeCallback                   0x08002151   Thumb Code     8  usbd_conf.o(i.HAL_PCD_ResumeCallback)
    HAL_PCD_SOFCallback                      0x08002159   Thumb Code     8  usbd_conf.o(i.HAL_PCD_SOFCallback)
    HAL_PCD_SetAddress                       0x08002161   Thumb Code    40  stm32f4xx_hal_pcd.o(i.HAL_PCD_SetAddress)
    HAL_PCD_SetupStageCallback               0x08002189   Thumb Code    14  usbd_conf.o(i.HAL_PCD_SetupStageCallback)
    HAL_PCD_Start                            0x08002197   Thumb Code    66  stm32f4xx_hal_pcd.o(i.HAL_PCD_Start)
    HAL_PCD_SuspendCallback                  0x080021d9   Thumb Code    44  usbd_conf.o(i.HAL_PCD_SuspendCallback)
    HAL_RCC_ClockConfig                      0x08002209   Thumb Code   288  stm32f4xx_hal_rcc.o(i.HAL_RCC_ClockConfig)
    HAL_RCC_GetHCLKFreq                      0x0800233d   Thumb Code     6  stm32f4xx_hal_rcc.o(i.HAL_RCC_GetHCLKFreq)
    HAL_RCC_GetSysClockFreq                  0x08002349   Thumb Code    88  stm32f4xx_hal_rcc.o(i.HAL_RCC_GetSysClockFreq)
    HAL_RCC_OscConfig                        0x080023ad   Thumb Code   840  stm32f4xx_hal_rcc.o(i.HAL_RCC_OscConfig)
    HAL_SDRAM_Init                           0x08002709   Thumb Code    66  stm32f4xx_hal_sdram.o(i.HAL_SDRAM_Init)
    HAL_SDRAM_MspInit                        0x0800274b   Thumb Code     4  fmc.o(i.HAL_SDRAM_MspInit)
    HAL_SDRAM_ProgramRefreshRate             0x0800274f   Thumb Code    34  stm32f4xx_hal_sdram.o(i.HAL_SDRAM_ProgramRefreshRate)
    HAL_SDRAM_SendCommand                    0x08002771   Thumb Code    48  stm32f4xx_hal_sdram.o(i.HAL_SDRAM_SendCommand)
    HAL_SYSTICK_Config                       0x080027a1   Thumb Code    40  stm32f4xx_hal_cortex.o(i.HAL_SYSTICK_Config)
    HW_LED_set                               0x080027c9   Thumb Code    12  led.o(i.HW_LED_set)
    HW_LED_turn                              0x080027d5   Thumb Code     8  led.o(i.HW_LED_turn)
    HW_OV5640_SCCB_No_Ack                    0x080027dd   Thumb Code     6  ov5640.o(i.HW_OV5640_SCCB_No_Ack)
    HW_OV5640_SCCB_Start                     0x080027e3   Thumb Code    44  ov5640.o(i.HW_OV5640_SCCB_Start)
    HW_OV5640_SCCB_Stop                      0x0800280f   Thumb Code    44  ov5640.o(i.HW_OV5640_SCCB_Stop)
    HW_OV5640_SCCB_read_bit                  0x0800283b   Thumb Code    50  ov5640.o(i.HW_OV5640_SCCB_read_bit)
    HW_OV5640_SCCB_read_byte                 0x0800286d   Thumb Code    44  ov5640.o(i.HW_OV5640_SCCB_read_byte)
    HW_OV5640_SCCB_read_reg                  0x08002899   Thumb Code    82  ov5640.o(i.HW_OV5640_SCCB_read_reg)
    HW_OV5640_SCCB_write_bit                 0x080028eb   Thumb Code    38  ov5640.o(i.HW_OV5640_SCCB_write_bit)
    HW_OV5640_SCCB_write_byte                0x08002911   Thumb Code    38  ov5640.o(i.HW_OV5640_SCCB_write_byte)
    HW_OV5640_SCCB_write_reg                 0x08002937   Thumb Code    76  ov5640.o(i.HW_OV5640_SCCB_write_reg)
    HW_OV5640_delay_ms                       0x08002983   Thumb Code    30  ov5640.o(i.HW_OV5640_delay_ms)
    HW_OV5640_get_chip_id                    0x080029a1   Thumb Code    36  ov5640.o(i.HW_OV5640_get_chip_id)
    HW_OV5640_init                           0x080029c5   Thumb Code    96  ov5640.o(i.HW_OV5640_init)
    HW_OV5640_set_jpeg                       0x08002a29   Thumb Code    34  ov5640.o(i.HW_OV5640_set_jpeg)
    HW_OV5640_set_resolution                 0x08002a51   Thumb Code   146  ov5640.o(i.HW_OV5640_set_resolution)
    HW_OV5640_set_rgb565                     0x08002ae5   Thumb Code    34  ov5640.o(i.HW_OV5640_set_rgb565)
    HW_OV5640_soft_reset                     0x08002b0d   Thumb Code    38  ov5640.o(i.HW_OV5640_soft_reset)
    HardFault_Handler                        0x08002b33   Thumb Code     2  stm32f4xx_it.o(i.HardFault_Handler)
    MX_DCMI_Init                             0x08002b6d   Thumb Code    44  dcmi.o(i.MX_DCMI_Init)
    MX_DMA_Init                              0x08002ba1   Thumb Code    40  dma.o(i.MX_DMA_Init)
    MX_FMC_Init                              0x08002bcd   Thumb Code   102  fmc.o(i.MX_FMC_Init)
    MX_GPIO_Init                             0x08002c3d   Thumb Code   342  gpio.o(i.MX_GPIO_Init)
    MX_USB_DEVICE_Init                       0x08002dad   Thumb Code    66  usb_device.o(i.MX_USB_DEVICE_Init)
    MemManage_Handler                        0x08002e01   Thumb Code     2  stm32f4xx_it.o(i.MemManage_Handler)
    NMI_Handler                              0x08002e03   Thumb Code     2  stm32f4xx_it.o(i.NMI_Handler)
    OTG_FS_IRQHandler                        0x08002e05   Thumb Code     6  stm32f4xx_it.o(i.OTG_FS_IRQHandler)
    PendSV_Handler                           0x08002f7f   Thumb Code     2  stm32f4xx_it.o(i.PendSV_Handler)
    SDRAM_Initialization_Sequence            0x08002f81   Thumb Code    74  fmc.o(i.SDRAM_Initialization_Sequence)
    SDRAM_Send_Cmd                           0x08002fd1   Thumb Code    48  fmc.o(i.SDRAM_Send_Cmd)
    SVC_Handler                              0x08003005   Thumb Code     2  stm32f4xx_it.o(i.SVC_Handler)
    SysTick_Handler                          0x08003011   Thumb Code     4  stm32f4xx_it.o(i.SysTick_Handler)
    SystemClock_Config                       0x08003015   Thumb Code   142  main.o(i.SystemClock_Config)
    SystemInit                               0x080030ad   Thumb Code    22  system_stm32f4xx.o(i.SystemInit)
    USBD_CDC_GetDeviceQualifierDescriptor    0x080031c5   Thumb Code     8  usbd_cdc.o(i.USBD_CDC_GetDeviceQualifierDescriptor)
    USBD_CDC_ReceivePacket                   0x08003297   Thumb Code    40  usbd_cdc.o(i.USBD_CDC_ReceivePacket)
    USBD_CDC_RegisterInterface               0x080032bf   Thumb Code    14  usbd_cdc.o(i.USBD_CDC_RegisterInterface)
    USBD_CDC_SetRxBuffer                     0x080032cd   Thumb Code    12  usbd_cdc.o(i.USBD_CDC_SetRxBuffer)
    USBD_CDC_SetTxBuffer                     0x080032d9   Thumb Code    16  usbd_cdc.o(i.USBD_CDC_SetTxBuffer)
    USBD_CDC_TransmitPacket                  0x08003399   Thumb Code    54  usbd_cdc.o(i.USBD_CDC_TransmitPacket)
    USBD_ClrClassConfig                      0x080033cf   Thumb Code    16  usbd_core.o(i.USBD_ClrClassConfig)
    USBD_CtlContinueRx                       0x080033df   Thumb Code    16  usbd_ioreq.o(i.USBD_CtlContinueRx)
    USBD_CtlContinueSendData                 0x080033ef   Thumb Code    16  usbd_ioreq.o(i.USBD_CtlContinueSendData)
    USBD_CtlError                            0x080033ff   Thumb Code    22  usbd_ctlreq.o(i.USBD_CtlError)
    USBD_CtlPrepareRx                        0x08003415   Thumb Code    30  usbd_ioreq.o(i.USBD_CtlPrepareRx)
    USBD_CtlReceiveStatus                    0x08003433   Thumb Code    22  usbd_ioreq.o(i.USBD_CtlReceiveStatus)
    USBD_CtlSendData                         0x08003449   Thumb Code    26  usbd_ioreq.o(i.USBD_CtlSendData)
    USBD_CtlSendStatus                       0x08003463   Thumb Code    22  usbd_ioreq.o(i.USBD_CtlSendStatus)
    USBD_FS_ConfigStrDescriptor              0x08003479   Thumb Code    16  usbd_desc.o(i.USBD_FS_ConfigStrDescriptor)
    USBD_FS_DeviceDescriptor                 0x08003499   Thumb Code     8  usbd_desc.o(i.USBD_FS_DeviceDescriptor)
    USBD_FS_InterfaceStrDescriptor           0x080034a5   Thumb Code    16  usbd_desc.o(i.USBD_FS_InterfaceStrDescriptor)
    USBD_FS_LangIDStrDescriptor              0x080034c9   Thumb Code     8  usbd_desc.o(i.USBD_FS_LangIDStrDescriptor)
    USBD_FS_ManufacturerStrDescriptor        0x080034d5   Thumb Code    16  usbd_desc.o(i.USBD_FS_ManufacturerStrDescriptor)
    USBD_FS_ProductStrDescriptor             0x080034fd   Thumb Code    16  usbd_desc.o(i.USBD_FS_ProductStrDescriptor)
    USBD_FS_SerialStrDescriptor              0x08003529   Thumb Code    48  usbd_desc.o(i.USBD_FS_SerialStrDescriptor)
    USBD_GetString                           0x08003647   Thumb Code    72  usbd_ctlreq.o(i.USBD_GetString)
    USBD_Get_USB_Status                      0x0800368f   Thumb Code    24  usbd_conf.o(i.USBD_Get_USB_Status)
    USBD_Init                                0x080036a7   Thumb Code    52  usbd_core.o(i.USBD_Init)
    USBD_LL_ClearStallEP                     0x080036db   Thumb Code    18  usbd_conf.o(i.USBD_LL_ClearStallEP)
    USBD_LL_CloseEP                          0x080036ed   Thumb Code    18  usbd_conf.o(i.USBD_LL_CloseEP)
    USBD_LL_DataInStage                      0x080036ff   Thumb Code   170  usbd_core.o(i.USBD_LL_DataInStage)
    USBD_LL_DataOutStage                     0x080037a9   Thumb Code   110  usbd_core.o(i.USBD_LL_DataOutStage)
    USBD_LL_DevConnected                     0x08003817   Thumb Code     4  usbd_core.o(i.USBD_LL_DevConnected)
    USBD_LL_DevDisconnected                  0x0800381b   Thumb Code    24  usbd_core.o(i.USBD_LL_DevDisconnected)
    USBD_LL_GetRxDataSize                    0x08003833   Thumb Code     8  usbd_conf.o(i.USBD_LL_GetRxDataSize)
    USBD_LL_Init                             0x0800383d   Thumb Code    90  usbd_conf.o(i.USBD_LL_Init)
    USBD_LL_IsStallEP                        0x0800389d   Thumb Code    32  usbd_conf.o(i.USBD_LL_IsStallEP)
    USBD_LL_IsoINIncomplete                  0x080038bd   Thumb Code     4  usbd_core.o(i.USBD_LL_IsoINIncomplete)
    USBD_LL_IsoOUTIncomplete                 0x080038c1   Thumb Code     4  usbd_core.o(i.USBD_LL_IsoOUTIncomplete)
    USBD_LL_OpenEP                           0x080038c5   Thumb Code    24  usbd_conf.o(i.USBD_LL_OpenEP)
    USBD_LL_PrepareReceive                   0x080038dd   Thumb Code    18  usbd_conf.o(i.USBD_LL_PrepareReceive)
    USBD_LL_Reset                            0x080038ef   Thumb Code    82  usbd_core.o(i.USBD_LL_Reset)
    USBD_LL_Resume                           0x08003941   Thumb Code    20  usbd_core.o(i.USBD_LL_Resume)
    USBD_LL_SOF                              0x08003955   Thumb Code    24  usbd_core.o(i.USBD_LL_SOF)
    USBD_LL_SetSpeed                         0x0800396d   Thumb Code     6  usbd_core.o(i.USBD_LL_SetSpeed)
    USBD_LL_SetUSBAddress                    0x08003973   Thumb Code    18  usbd_conf.o(i.USBD_LL_SetUSBAddress)
    USBD_LL_SetupStage                       0x08003985   Thumb Code    96  usbd_core.o(i.USBD_LL_SetupStage)
    USBD_LL_StallEP                          0x080039e5   Thumb Code    18  usbd_conf.o(i.USBD_LL_StallEP)
    USBD_LL_Start                            0x080039f7   Thumb Code    18  usbd_conf.o(i.USBD_LL_Start)
    USBD_LL_Suspend                          0x08003a09   Thumb Code    18  usbd_core.o(i.USBD_LL_Suspend)
    USBD_LL_Transmit                         0x08003a1b   Thumb Code    18  usbd_conf.o(i.USBD_LL_Transmit)
    USBD_ParseSetupRequest                   0x08003a2d   Thumb Code    44  usbd_ctlreq.o(i.USBD_ParseSetupRequest)
    USBD_RegisterClass                       0x08003a59   Thumb Code    34  usbd_core.o(i.USBD_RegisterClass)
    USBD_SetClassConfig                      0x08003a7b   Thumb Code    20  usbd_core.o(i.USBD_SetClassConfig)
    USBD_Start                               0x08003b4d   Thumb Code     4  usbd_core.o(i.USBD_Start)
    USBD_StdDevReq                           0x08003b51   Thumb Code   276  usbd_ctlreq.o(i.USBD_StdDevReq)
    USBD_StdEPReq                            0x08003c65   Thumb Code   332  usbd_ctlreq.o(i.USBD_StdEPReq)
    USBD_StdItfReq                           0x08003db1   Thumb Code    82  usbd_ctlreq.o(i.USBD_StdItfReq)
    USB_ActivateEndpoint                     0x08003e05   Thumb Code   122  stm32f4xx_ll_usb.o(i.USB_ActivateEndpoint)
    USB_ActivateSetup                        0x08003e85   Thumb Code    28  stm32f4xx_ll_usb.o(i.USB_ActivateSetup)
    USB_CoreInit                             0x08003ea1   Thumb Code   112  stm32f4xx_ll_usb.o(i.USB_CoreInit)
    USB_DeactivateEndpoint                   0x08003f4d   Thumb Code   194  stm32f4xx_ll_usb.o(i.USB_DeactivateEndpoint)
    USB_DevConnect                           0x08004019   Thumb Code    28  stm32f4xx_ll_usb.o(i.USB_DevConnect)
    USB_DevDisconnect                        0x08004035   Thumb Code    28  stm32f4xx_ll_usb.o(i.USB_DevDisconnect)
    USB_DevInit                              0x08004051   Thumb Code   362  stm32f4xx_ll_usb.o(i.USB_DevInit)
    USB_DisableGlobalInt                     0x080041c5   Thumb Code    12  stm32f4xx_ll_usb.o(i.USB_DisableGlobalInt)
    USB_EP0StartXfer                         0x080041d1   Thumb Code   276  stm32f4xx_ll_usb.o(i.USB_EP0StartXfer)
    USB_EP0_OutStart                         0x080042e9   Thumb Code    84  stm32f4xx_ll_usb.o(i.USB_EP0_OutStart)
    USB_EPClearStall                         0x08004341   Thumb Code    88  stm32f4xx_ll_usb.o(i.USB_EPClearStall)
    USB_EPSetStall                           0x08004399   Thumb Code    88  stm32f4xx_ll_usb.o(i.USB_EPSetStall)
    USB_EPStartXfer                          0x080043f1   Thumb Code   482  stm32f4xx_ll_usb.o(i.USB_EPStartXfer)
    USB_EnableGlobalInt                      0x080045d9   Thumb Code    12  stm32f4xx_ll_usb.o(i.USB_EnableGlobalInt)
    USB_FlushRxFifo                          0x080045e5   Thumb Code    28  stm32f4xx_ll_usb.o(i.USB_FlushRxFifo)
    USB_FlushTxFifo                          0x08004605   Thumb Code    32  stm32f4xx_ll_usb.o(i.USB_FlushTxFifo)
    USB_GetDevSpeed                          0x08004629   Thumb Code    26  stm32f4xx_ll_usb.o(i.USB_GetDevSpeed)
    USB_GetMode                              0x08004643   Thumb Code     8  stm32f4xx_ll_usb.o(i.USB_GetMode)
    USB_ReadDevAllInEpInterrupt              0x0800464b   Thumb Code    14  stm32f4xx_ll_usb.o(i.USB_ReadDevAllInEpInterrupt)
    USB_ReadDevAllOutEpInterrupt             0x08004659   Thumb Code    14  stm32f4xx_ll_usb.o(i.USB_ReadDevAllOutEpInterrupt)
    USB_ReadDevInEPInterrupt                 0x08004667   Thumb Code    36  stm32f4xx_ll_usb.o(i.USB_ReadDevInEPInterrupt)
    USB_ReadDevOutEPInterrupt                0x0800468b   Thumb Code    16  stm32f4xx_ll_usb.o(i.USB_ReadDevOutEPInterrupt)
    USB_ReadInterrupts                       0x0800469b   Thumb Code     8  stm32f4xx_ll_usb.o(i.USB_ReadInterrupts)
    USB_ReadPacket                           0x080046a3   Thumb Code    28  stm32f4xx_ll_usb.o(i.USB_ReadPacket)
    USB_SetCurrentMode                       0x080046bf   Thumb Code    46  stm32f4xx_ll_usb.o(i.USB_SetCurrentMode)
    USB_SetDevAddress                        0x080046ed   Thumb Code    34  stm32f4xx_ll_usb.o(i.USB_SetDevAddress)
    USB_SetTurnaroundTime                    0x08004711   Thumb Code   158  stm32f4xx_ll_usb.o(i.USB_SetTurnaroundTime)
    USB_WritePacket                          0x080047f9   Thumb Code    36  stm32f4xx_ll_usb.o(i.USB_WritePacket)
    UsageFault_Handler                       0x0800481d   Thumb Code     2  stm32f4xx_it.o(i.UsageFault_Handler)
    __scatterload_copy                       0x0800483f   Thumb Code    14  handlers.o(i.__scatterload_copy)
    __scatterload_null                       0x0800484d   Thumb Code     2  handlers.o(i.__scatterload_null)
    __scatterload_zeroinit                   0x0800484f   Thumb Code    14  handlers.o(i.__scatterload_zeroinit)
    data_process                             0x0800485d   Thumb Code    32  main.o(i.data_process)
    dcmi_start                               0x08004881   Thumb Code   112  main.o(i.dcmi_start)
    delay_ms                                 0x080048fd   Thumb Code    26  hardware.o(i.delay_ms)
    delay_us                                 0x08004919   Thumb Code    54  hardware.o(i.delay_us)
    free                                     0x08004959   Thumb Code    76  malloc.o(i.free)
    led_init                                 0x080049a9   Thumb Code    20  hardware.o(i.led_init)
    main                                     0x080049c5   Thumb Code   198  main.o(i.main)
    malloc                                   0x08004aa9   Thumb Code    92  malloc.o(i.malloc)
    ov5640_init                              0x08004b15   Thumb Code   108  hardware.o(i.ov5640_init)
    ov5640_pwdn                              0x08004ba1   Thumb Code    10  hardware.o(i.ov5640_pwdn)
    ov5640_rst                               0x08004bb1   Thumb Code    12  hardware.o(i.ov5640_rst)
    ov5640_scl                               0x08004bc1   Thumb Code    10  hardware.o(i.ov5640_scl)
    ov5640_sda_in                            0x08004bd1   Thumb Code     8  hardware.o(i.ov5640_sda_in)
    ov5640_sda_out                           0x08004bdd   Thumb Code    10  hardware.o(i.ov5640_sda_out)
    ov5640_sda_switch                        0x08004bed   Thumb Code    48  hardware.o(i.ov5640_sda_switch)
    save_buffer                              0x08004c21   Thumb Code    48  main.o(i.save_buffer)
    AHBPrescTable                            0x08004c64   Data          16  system_stm32f4xx.o(.constdata)
    OV5640_jpeg_reg_tbl                      0x08004c74   Data         164  ov5640.o(.constdata)
    ov5640_rgb565_reg_tbl                    0x08004d18   Data         180  ov5640.o(.constdata)
    ov5640_uxga_init_reg_tbl                 0x08004dcc   Data         828  ov5640.o(.constdata)
    Region$$Table$$Base                      0x08005108   Number         0  anon$$obj.o(Region$$Table)
    Region$$Table$$Limit                     0x08005128   Number         0  anon$$obj.o(Region$$Table)
    led0                                     0x20000000   Data           8  hardware.o(.data)
    led1                                     0x20000008   Data           8  hardware.o(.data)
    jpeg_process_state                       0x20000010   Data           1  main.o(.data)
    current_buffer                           0x20000011   Data           1  main.o(.data)
    jpeg_data_len                            0x20000014   Data           4  main.o(.data)
    FS_Desc                                  0x20000020   Data          28  usbd_desc.o(.data)
    USBD_LangIDDesc                          0x2000003c   Data           4  usbd_desc.o(.data)
    USBD_FS_DeviceDesc                       0x20000040   Data          18  usbd_desc.o(.data)
    USBD_StringSerial                        0x20000054   Data          26  usbd_desc.o(.data)
    USBD_Interface_fops_FS                   0x20000070   Data          20  usbd_cdc_if.o(.data)
    uwTickFreq                               0x20000084   Data           1  stm32f4xx_hal.o(.data)
    uwTickPrio                               0x20000088   Data           4  stm32f4xx_hal.o(.data)
    uwTick                                   0x2000008c   Data           4  stm32f4xx_hal.o(.data)
    SystemCoreClock                          0x20000090   Data           4  system_stm32f4xx.o(.data)
    USBD_CDC                                 0x20000170   Data          56  usbd_cdc.o(.data)
    __microlib_freelist                      0x200001a8   Data           4  mvars.o(.data)
    __microlib_freelist_initialised          0x200001ac   Data           4  mvars.o(.data)
    ov5640                                   0x200001b0   Data          32  hardware.o(.bss)
    jpeg_buffer                              0x200001d0   Data       16384  main.o(.bss)
    hdcmi                                    0x200041d0   Data          64  dcmi.o(.bss)
    hdma_dcmi                                0x20004210   Data          96  dcmi.o(.bss)
    hsdram1                                  0x20004270   Data          52  fmc.o(.bss)
    hUsbDeviceFS                             0x200042a4   Data         720  usb_device.o(.bss)
    USBD_StrDesc                             0x20004574   Data         512  usbd_desc.o(.bss)
    UserRxBufferFS                           0x20004774   Data        2048  usbd_cdc_if.o(.bss)
    UserTxBufferFS                           0x20004f74   Data        2048  usbd_cdc_if.o(.bss)
    hpcd_USB_OTG_FS                          0x20005774   Data        1032  usbd_conf.o(.bss)
    __heap_base                              0x20005b80   Data           0  startup_stm32f429xx.o(HEAP)
    __heap_limit                             0x20006180   Data           0  startup_stm32f429xx.o(HEAP)
    __initial_sp                             0x20006580   Data           0  startup_stm32f429xx.o(STACK)
    jpeg_data                                0xc01f4000   Data       122880  main.o(.ARM.__AT_0xC01F4000)



==============================================================================

Memory Map of the image

  Image Entry point : 0x080001ad

  Load Region LR_IROM1 (Base: 0x08000000, Size: 0x000052d8, Max: 0x00100000, ABSOLUTE, COMPRESSED[0x000051ec])

    Execution Region ER_IROM1 (Base: 0x08000000, Size: 0x00005128, Max: 0x00100000, ABSOLUTE)

    Base Addr    Size         Type   Attr      Idx    E Section Name        Object

    0x08000000   0x000001ac   Data   RO            3    RESET               startup_stm32f429xx.o
    0x080001ac   0x00000000   Code   RO         3907  * .ARM.Collect$$$$00000000  mc_w.l(entry.o)
    0x080001ac   0x00000004   Code   RO         3946    .ARM.Collect$$$$00000001  mc_w.l(entry2.o)
    0x080001b0   0x00000004   Code   RO         3949    .ARM.Collect$$$$00000004  mc_w.l(entry5.o)
    0x080001b4   0x00000000   Code   RO         3951    .ARM.Collect$$$$00000008  mc_w.l(entry7b.o)
    0x080001b4   0x00000000   Code   RO         3953    .ARM.Collect$$$$0000000A  mc_w.l(entry8b.o)
    0x080001b4   0x00000008   Code   RO         3954    .ARM.Collect$$$$0000000B  mc_w.l(entry9a.o)
    0x080001bc   0x00000000   Code   RO         3956    .ARM.Collect$$$$0000000D  mc_w.l(entry10a.o)
    0x080001bc   0x00000000   Code   RO         3958    .ARM.Collect$$$$0000000F  mc_w.l(entry11a.o)
    0x080001bc   0x00000004   Code   RO         3947    .ARM.Collect$$$$00002712  mc_w.l(entry2.o)
    0x080001c0   0x00000024   Code   RO            4    .text               startup_stm32f429xx.o
    0x080001e4   0x00000062   Code   RO         3910    .text               mc_w.l(uldiv.o)
    0x08000246   0x00000024   Code   RO         3912    .text               mc_w.l(memcpya.o)
    0x0800026a   0x00000024   Code   RO         3914    .text               mc_w.l(memseta.o)
    0x0800028e   0x0000001e   Code   RO         3960    .text               mc_w.l(llshl.o)
    0x080002ac   0x00000020   Code   RO         3962    .text               mc_w.l(llushr.o)
    0x080002cc   0x00000024   Code   RO         3966    .text               mc_w.l(init.o)
    0x080002f0   0x00000056   Code   RO         3976    .text               mc_w.l(__dczerorl2.o)
    0x08000346   0x00000002   Code   RO          505    i.BusFault_Handler  stm32f4xx_it.o
    0x08000348   0x00000004   Code   RO          749    i.CDC_Control_FS    usbd_cdc_if.o
    0x0800034c   0x00000004   Code   RO          750    i.CDC_DeInit_FS     usbd_cdc_if.o
    0x08000350   0x00000024   Code   RO          751    i.CDC_Init_FS       usbd_cdc_if.o
    0x08000374   0x00000018   Code   RO          752    i.CDC_Receive_FS    usbd_cdc_if.o
    0x0800038c   0x00000004   Code   RO          753    i.CDC_TransmitCplt_FS  usbd_cdc_if.o
    0x08000390   0x0000002c   Code   RO          754    i.CDC_Transmit_FS   usbd_cdc_if.o
    0x080003bc   0x00000018   Code   RO         2783    i.DCMI_DMAError     stm32f4xx_hal_dcmi.o
    0x080003d4   0x00000024   Code   RO          213    i.DCMI_DMAXferCplt  main.o
    0x080003f8   0x00000002   Code   RO          214    i.DCMI_DMAXferError  main.o
    0x080003fa   0x00000002   PAD
    0x080003fc   0x00000024   Code   RO          215    i.DCMI_DMAXferM1Cplt  main.o
    0x08000420   0x0000000c   Code   RO          506    i.DCMI_IRQHandler   stm32f4xx_it.o
    0x0800042c   0x0000000c   Code   RO          507    i.DMA2_Stream1_IRQHandler  stm32f4xx_it.o
    0x08000438   0x00000028   Code   RO         2080    i.DMA_CalcBaseAndBitshift  stm32f4xx_hal_dma.o
    0x08000460   0x00000054   Code   RO         2081    i.DMA_CheckFifoParam  stm32f4xx_hal_dma.o
    0x080004b4   0x0000001e   Code   RO         2039    i.DMA_MultiBufferSetConfig  stm32f4xx_hal_dma_ex.o
    0x080004d2   0x00000002   Code   RO          508    i.DebugMon_Handler  stm32f4xx_it.o
    0x080004d4   0x00000006   Code   RO          509    i.EXTI4_IRQHandler  stm32f4xx_it.o
    0x080004da   0x00000004   Code   RO          216    i.Error_Handler     main.o
    0x080004de   0x00000050   Code   RO         2969    i.FMC_SDRAM_Init    stm32f4xx_ll_fmc.o
    0x0800052e   0x0000000c   Code   RO         2970    i.FMC_SDRAM_ProgramRefreshRate  stm32f4xx_ll_fmc.o
    0x0800053a   0x00000048   Code   RO         2971    i.FMC_SDRAM_SendCommand  stm32f4xx_ll_fmc.o
    0x08000582   0x00000002   PAD
    0x08000584   0x00000080   Code   RO         2973    i.FMC_SDRAM_Timing_Init  stm32f4xx_ll_fmc.o
    0x08000604   0x00000002   Code   RO         2790    i.HAL_DCMI_ErrorCallback  stm32f4xx_hal_dcmi.o
    0x08000606   0x00000002   Code   RO         2791    i.HAL_DCMI_FrameEventCallback  stm32f4xx_hal_dcmi.o
    0x08000608   0x00000098   Code   RO         2794    i.HAL_DCMI_IRQHandler  stm32f4xx_hal_dcmi.o
    0x080006a0   0x00000076   Code   RO         2925    i.HAL_DCMI_Init     stm32f4xx_hal_dcmi_ex.o
    0x08000716   0x00000002   Code   RO         2796    i.HAL_DCMI_LineEventCallback  stm32f4xx_hal_dcmi.o
    0x08000718   0x00000160   Code   RO          380    i.HAL_DCMI_MspInit  dcmi.o
    0x08000878   0x00000014   Code   RO          217    i.HAL_DCMI_VsyncEventCallback  main.o
    0x0800088c   0x00000980   Code   RO         2042    i.HAL_DMAEx_MultiBufferStart_IT  stm32f4xx_hal_dma_ex.o
    0x0800120c   0x00000024   Code   RO         2084    i.HAL_DMA_Abort_IT  stm32f4xx_hal_dma.o
    0x08001230   0x000001a0   Code   RO         2088    i.HAL_DMA_IRQHandler  stm32f4xx_hal_dma.o
    0x080013d0   0x000000d4   Code   RO         2089    i.HAL_DMA_Init      stm32f4xx_hal_dma.o
    0x080014a4   0x00000024   Code   RO         2520    i.HAL_Delay         stm32f4xx_hal.o
    0x080014c8   0x000000c0   Code   RO          445    i.HAL_FMC_MspInit   fmc.o
    0x08001588   0x00000002   Code   RO         1974    i.HAL_GPIO_EXTI_Callback  stm32f4xx_hal_gpio.o
    0x0800158a   0x00000002   PAD
    0x0800158c   0x00000018   Code   RO         1975    i.HAL_GPIO_EXTI_IRQHandler  stm32f4xx_hal_gpio.o
    0x080015a4   0x000001d4   Code   RO         1976    i.HAL_GPIO_Init     stm32f4xx_hal_gpio.o
    0x08001778   0x0000000a   Code   RO         1978    i.HAL_GPIO_ReadPin  stm32f4xx_hal_gpio.o
    0x08001782   0x0000000e   Code   RO         1979    i.HAL_GPIO_TogglePin  stm32f4xx_hal_gpio.o
    0x08001790   0x0000000a   Code   RO         1980    i.HAL_GPIO_WritePin  stm32f4xx_hal_gpio.o
    0x0800179a   0x00000002   PAD
    0x0800179c   0x0000000c   Code   RO         2528    i.HAL_GetTick       stm32f4xx_hal.o
    0x080017a8   0x00000010   Code   RO         2534    i.HAL_IncTick       stm32f4xx_hal.o
    0x080017b8   0x00000034   Code   RO         2535    i.HAL_Init          stm32f4xx_hal.o
    0x080017ec   0x00000040   Code   RO         2536    i.HAL_InitTick      stm32f4xx_hal.o
    0x0800182c   0x00000030   Code   RO          605    i.HAL_MspInit       stm32f4xx_hal_msp.o
    0x0800185c   0x0000001a   Code   RO         2383    i.HAL_NVIC_EnableIRQ  stm32f4xx_hal_cortex.o
    0x08001876   0x00000002   PAD
    0x08001878   0x00000040   Code   RO         2389    i.HAL_NVIC_SetPriority  stm32f4xx_hal_cortex.o
    0x080018b8   0x00000024   Code   RO         2390    i.HAL_NVIC_SetPriorityGrouping  stm32f4xx_hal_cortex.o
    0x080018dc   0x00000002   Code   RO         1228    i.HAL_PCDEx_LPM_Callback  stm32f4xx_hal_pcd_ex.o
    0x080018de   0x00000008   Code   RO         1229    i.HAL_PCDEx_SetRxFiFo  stm32f4xx_hal_pcd_ex.o
    0x080018e6   0x00000044   Code   RO         1230    i.HAL_PCDEx_SetTxFiFo  stm32f4xx_hal_pcd_ex.o
    0x0800192a   0x00000008   Code   RO          806    i.HAL_PCD_ConnectCallback  usbd_conf.o
    0x08001932   0x00000012   Code   RO          807    i.HAL_PCD_DataInStageCallback  usbd_conf.o
    0x08001944   0x00000014   Code   RO          808    i.HAL_PCD_DataOutStageCallback  usbd_conf.o
    0x08001958   0x00000008   Code   RO          809    i.HAL_PCD_DisconnectCallback  usbd_conf.o
    0x08001960   0x0000004c   Code   RO         1010    i.HAL_PCD_EP_Close  stm32f4xx_hal_pcd.o
    0x080019ac   0x0000005c   Code   RO         1011    i.HAL_PCD_EP_ClrStall  stm32f4xx_hal_pcd.o
    0x08001a08   0x00000012   Code   RO         1013    i.HAL_PCD_EP_GetRxCount  stm32f4xx_hal_pcd.o
    0x08001a1a   0x00000060   Code   RO         1014    i.HAL_PCD_EP_Open   stm32f4xx_hal_pcd.o
    0x08001a7a   0x00000048   Code   RO         1015    i.HAL_PCD_EP_Receive  stm32f4xx_hal_pcd.o
    0x08001ac2   0x00000074   Code   RO         1016    i.HAL_PCD_EP_SetStall  stm32f4xx_hal_pcd.o
    0x08001b36   0x00000040   Code   RO         1017    i.HAL_PCD_EP_Transmit  stm32f4xx_hal_pcd.o
    0x08001b76   0x00000002   PAD
    0x08001b78   0x00000434   Code   RO         1019    i.HAL_PCD_IRQHandler  stm32f4xx_hal_pcd.o
    0x08001fac   0x00000008   Code   RO          810    i.HAL_PCD_ISOINIncompleteCallback  usbd_conf.o
    0x08001fb4   0x00000008   Code   RO          811    i.HAL_PCD_ISOOUTIncompleteCallback  usbd_conf.o
    0x08001fbc   0x000000e2   Code   RO         1022    i.HAL_PCD_Init      stm32f4xx_hal_pcd.o
    0x0800209e   0x00000002   PAD
    0x080020a0   0x00000084   Code   RO          813    i.HAL_PCD_MspInit   usbd_conf.o
    0x08002124   0x0000002c   Code   RO          814    i.HAL_PCD_ResetCallback  usbd_conf.o
    0x08002150   0x00000008   Code   RO          815    i.HAL_PCD_ResumeCallback  usbd_conf.o
    0x08002158   0x00000008   Code   RO          816    i.HAL_PCD_SOFCallback  usbd_conf.o
    0x08002160   0x00000028   Code   RO         1028    i.HAL_PCD_SetAddress  stm32f4xx_hal_pcd.o
    0x08002188   0x0000000e   Code   RO          817    i.HAL_PCD_SetupStageCallback  usbd_conf.o
    0x08002196   0x00000042   Code   RO         1030    i.HAL_PCD_Start     stm32f4xx_hal_pcd.o
    0x080021d8   0x00000030   Code   RO          818    i.HAL_PCD_SuspendCallback  usbd_conf.o
    0x08002208   0x00000134   Code   RO         1570    i.HAL_RCC_ClockConfig  stm32f4xx_hal_rcc.o
    0x0800233c   0x0000000c   Code   RO         1575    i.HAL_RCC_GetHCLKFreq  stm32f4xx_hal_rcc.o
    0x08002348   0x00000064   Code   RO         1579    i.HAL_RCC_GetSysClockFreq  stm32f4xx_hal_rcc.o
    0x080023ac   0x0000035c   Code   RO         1582    i.HAL_RCC_OscConfig  stm32f4xx_hal_rcc.o
    0x08002708   0x00000042   Code   RO         3135    i.HAL_SDRAM_Init    stm32f4xx_hal_sdram.o
    0x0800274a   0x00000004   Code   RO          447    i.HAL_SDRAM_MspInit  fmc.o
    0x0800274e   0x00000022   Code   RO         3138    i.HAL_SDRAM_ProgramRefreshRate  stm32f4xx_hal_sdram.o
    0x08002770   0x00000030   Code   RO         3144    i.HAL_SDRAM_SendCommand  stm32f4xx_hal_sdram.o
    0x080027a0   0x00000028   Code   RO         2394    i.HAL_SYSTICK_Config  stm32f4xx_hal_cortex.o
    0x080027c8   0x0000000c   Code   RO         3736    i.HW_LED_set        led.o
    0x080027d4   0x00000008   Code   RO         3737    i.HW_LED_turn       led.o
    0x080027dc   0x00000006   Code   RO         3766    i.HW_OV5640_SCCB_No_Ack  ov5640.o
    0x080027e2   0x0000002c   Code   RO         3767    i.HW_OV5640_SCCB_Start  ov5640.o
    0x0800280e   0x0000002c   Code   RO         3768    i.HW_OV5640_SCCB_Stop  ov5640.o
    0x0800283a   0x00000032   Code   RO         3769    i.HW_OV5640_SCCB_read_bit  ov5640.o
    0x0800286c   0x0000002c   Code   RO         3770    i.HW_OV5640_SCCB_read_byte  ov5640.o
    0x08002898   0x00000052   Code   RO         3771    i.HW_OV5640_SCCB_read_reg  ov5640.o
    0x080028ea   0x00000026   Code   RO         3772    i.HW_OV5640_SCCB_write_bit  ov5640.o
    0x08002910   0x00000026   Code   RO         3773    i.HW_OV5640_SCCB_write_byte  ov5640.o
    0x08002936   0x0000004c   Code   RO         3774    i.HW_OV5640_SCCB_write_reg  ov5640.o
    0x08002982   0x0000001e   Code   RO         3775    i.HW_OV5640_delay_ms  ov5640.o
    0x080029a0   0x00000024   Code   RO         3776    i.HW_OV5640_get_chip_id  ov5640.o
    0x080029c4   0x00000064   Code   RO         3777    i.HW_OV5640_init    ov5640.o
    0x08002a28   0x00000028   Code   RO         3778    i.HW_OV5640_set_jpeg  ov5640.o
    0x08002a50   0x00000092   Code   RO         3779    i.HW_OV5640_set_resolution  ov5640.o
    0x08002ae2   0x00000002   PAD
    0x08002ae4   0x00000028   Code   RO         3780    i.HW_OV5640_set_rgb565  ov5640.o
    0x08002b0c   0x00000026   Code   RO         3781    i.HW_OV5640_soft_reset  ov5640.o
    0x08002b32   0x00000002   Code   RO          510    i.HardFault_Handler  stm32f4xx_it.o
    0x08002b34   0x00000038   Code   RO          663    i.IntToUnicode      usbd_desc.o
    0x08002b6c   0x00000034   Code   RO          381    i.MX_DCMI_Init      dcmi.o
    0x08002ba0   0x0000002c   Code   RO          421    i.MX_DMA_Init       dma.o
    0x08002bcc   0x00000070   Code   RO          448    i.MX_FMC_Init       fmc.o
    0x08002c3c   0x00000170   Code   RO          355    i.MX_GPIO_Init      gpio.o
    0x08002dac   0x00000054   Code   RO          629    i.MX_USB_DEVICE_Init  usb_device.o
    0x08002e00   0x00000002   Code   RO          511    i.MemManage_Handler  stm32f4xx_it.o
    0x08002e02   0x00000002   Code   RO          512    i.NMI_Handler       stm32f4xx_it.o
    0x08002e04   0x0000000c   Code   RO          513    i.OTG_FS_IRQHandler  stm32f4xx_it.o
    0x08002e10   0x000000cc   Code   RO         1034    i.PCD_EP_OutXfrComplete_int  stm32f4xx_hal_pcd.o
    0x08002edc   0x000000a2   Code   RO         1035    i.PCD_WriteEmptyTxFifo  stm32f4xx_hal_pcd.o
    0x08002f7e   0x00000002   Code   RO          514    i.PendSV_Handler    stm32f4xx_it.o
    0x08002f80   0x00000050   Code   RO          449    i.SDRAM_Initialization_Sequence  fmc.o
    0x08002fd0   0x00000034   Code   RO          450    i.SDRAM_Send_Cmd    fmc.o
    0x08003004   0x00000002   Code   RO          515    i.SVC_Handler       stm32f4xx_it.o
    0x08003006   0x0000000a   Code   RO         3497    i.SWAPBYTE          usbd_ctlreq.o
    0x08003010   0x00000004   Code   RO          516    i.SysTick_Handler   stm32f4xx_it.o
    0x08003014   0x00000098   Code   RO          218    i.SystemClock_Config  main.o
    0x080030ac   0x0000001c   Code   RO         3322    i.SystemInit        system_stm32f4xx.o
    0x080030c8   0x00000062   Code   RO         3630    i.USBD_CDC_DataIn   usbd_cdc.o
    0x0800312a   0x0000002a   Code   RO         3631    i.USBD_CDC_DataOut  usbd_cdc.o
    0x08003154   0x0000004a   Code   RO         3632    i.USBD_CDC_DeInit   usbd_cdc.o
    0x0800319e   0x00000024   Code   RO         3633    i.USBD_CDC_EP0_RxReady  usbd_cdc.o
    0x080031c2   0x00000002   PAD
    0x080031c4   0x0000000c   Code   RO         3634    i.USBD_CDC_GetDeviceQualifierDescriptor  usbd_cdc.o
    0x080031d0   0x0000000c   Code   RO         3635    i.USBD_CDC_GetFSCfgDesc  usbd_cdc.o
    0x080031dc   0x0000000c   Code   RO         3636    i.USBD_CDC_GetHSCfgDesc  usbd_cdc.o
    0x080031e8   0x0000000c   Code   RO         3637    i.USBD_CDC_GetOtherSpeedCfgDesc  usbd_cdc.o
    0x080031f4   0x000000a2   Code   RO         3638    i.USBD_CDC_Init     usbd_cdc.o
    0x08003296   0x00000028   Code   RO         3639    i.USBD_CDC_ReceivePacket  usbd_cdc.o
    0x080032be   0x0000000e   Code   RO         3640    i.USBD_CDC_RegisterInterface  usbd_cdc.o
    0x080032cc   0x0000000c   Code   RO         3641    i.USBD_CDC_SetRxBuffer  usbd_cdc.o
    0x080032d8   0x00000010   Code   RO         3642    i.USBD_CDC_SetTxBuffer  usbd_cdc.o
    0x080032e8   0x000000b0   Code   RO         3643    i.USBD_CDC_Setup    usbd_cdc.o
    0x08003398   0x00000036   Code   RO         3644    i.USBD_CDC_TransmitPacket  usbd_cdc.o
    0x080033ce   0x00000010   Code   RO         3359    i.USBD_ClrClassConfig  usbd_core.o
    0x080033de   0x00000010   Code   RO         3570    i.USBD_CtlContinueRx  usbd_ioreq.o
    0x080033ee   0x00000010   Code   RO         3571    i.USBD_CtlContinueSendData  usbd_ioreq.o
    0x080033fe   0x00000016   Code   RO         3498    i.USBD_CtlError     usbd_ctlreq.o
    0x08003414   0x0000001e   Code   RO         3572    i.USBD_CtlPrepareRx  usbd_ioreq.o
    0x08003432   0x00000016   Code   RO         3573    i.USBD_CtlReceiveStatus  usbd_ioreq.o
    0x08003448   0x0000001a   Code   RO         3574    i.USBD_CtlSendData  usbd_ioreq.o
    0x08003462   0x00000016   Code   RO         3575    i.USBD_CtlSendStatus  usbd_ioreq.o
    0x08003478   0x00000020   Code   RO          664    i.USBD_FS_ConfigStrDescriptor  usbd_desc.o
    0x08003498   0x0000000c   Code   RO          665    i.USBD_FS_DeviceDescriptor  usbd_desc.o
    0x080034a4   0x00000024   Code   RO          666    i.USBD_FS_InterfaceStrDescriptor  usbd_desc.o
    0x080034c8   0x0000000c   Code   RO          667    i.USBD_FS_LangIDStrDescriptor  usbd_desc.o
    0x080034d4   0x00000028   Code   RO          668    i.USBD_FS_ManufacturerStrDescriptor  usbd_desc.o
    0x080034fc   0x0000002c   Code   RO          669    i.USBD_FS_ProductStrDescriptor  usbd_desc.o
    0x08003528   0x00000038   Code   RO          670    i.USBD_FS_SerialStrDescriptor  usbd_desc.o
    0x08003560   0x000000e6   Code   RO         3499    i.USBD_GetDescriptor  usbd_ctlreq.o
    0x08003646   0x00000048   Code   RO         3500    i.USBD_GetString    usbd_ctlreq.o
    0x0800368e   0x00000018   Code   RO          819    i.USBD_Get_USB_Status  usbd_conf.o
    0x080036a6   0x00000034   Code   RO         3361    i.USBD_Init         usbd_core.o
    0x080036da   0x00000012   Code   RO          820    i.USBD_LL_ClearStallEP  usbd_conf.o
    0x080036ec   0x00000012   Code   RO          821    i.USBD_LL_CloseEP   usbd_conf.o
    0x080036fe   0x000000aa   Code   RO         3362    i.USBD_LL_DataInStage  usbd_core.o
    0x080037a8   0x0000006e   Code   RO         3363    i.USBD_LL_DataOutStage  usbd_core.o
    0x08003816   0x00000004   Code   RO         3364    i.USBD_LL_DevConnected  usbd_core.o
    0x0800381a   0x00000018   Code   RO         3365    i.USBD_LL_DevDisconnected  usbd_core.o
    0x08003832   0x00000008   Code   RO          825    i.USBD_LL_GetRxDataSize  usbd_conf.o
    0x0800383a   0x00000002   PAD
    0x0800383c   0x00000060   Code   RO          826    i.USBD_LL_Init      usbd_conf.o
    0x0800389c   0x00000020   Code   RO          827    i.USBD_LL_IsStallEP  usbd_conf.o
    0x080038bc   0x00000004   Code   RO         3366    i.USBD_LL_IsoINIncomplete  usbd_core.o
    0x080038c0   0x00000004   Code   RO         3367    i.USBD_LL_IsoOUTIncomplete  usbd_core.o
    0x080038c4   0x00000018   Code   RO          828    i.USBD_LL_OpenEP    usbd_conf.o
    0x080038dc   0x00000012   Code   RO          829    i.USBD_LL_PrepareReceive  usbd_conf.o
    0x080038ee   0x00000052   Code   RO         3368    i.USBD_LL_Reset     usbd_core.o
    0x08003940   0x00000014   Code   RO         3369    i.USBD_LL_Resume    usbd_core.o
    0x08003954   0x00000018   Code   RO         3370    i.USBD_LL_SOF       usbd_core.o
    0x0800396c   0x00000006   Code   RO         3371    i.USBD_LL_SetSpeed  usbd_core.o
    0x08003972   0x00000012   Code   RO          830    i.USBD_LL_SetUSBAddress  usbd_conf.o
    0x08003984   0x00000060   Code   RO         3372    i.USBD_LL_SetupStage  usbd_core.o
    0x080039e4   0x00000012   Code   RO          831    i.USBD_LL_StallEP   usbd_conf.o
    0x080039f6   0x00000012   Code   RO          832    i.USBD_LL_Start     usbd_conf.o
    0x08003a08   0x00000012   Code   RO         3373    i.USBD_LL_Suspend   usbd_core.o
    0x08003a1a   0x00000012   Code   RO          834    i.USBD_LL_Transmit  usbd_conf.o
    0x08003a2c   0x0000002c   Code   RO         3501    i.USBD_ParseSetupRequest  usbd_ctlreq.o
    0x08003a58   0x00000022   Code   RO         3374    i.USBD_RegisterClass  usbd_core.o
    0x08003a7a   0x00000014   Code   RO         3376    i.USBD_SetClassConfig  usbd_core.o
    0x08003a8e   0x00000002   PAD
    0x08003a90   0x000000bc   Code   RO         3502    i.USBD_SetConfig    usbd_ctlreq.o
    0x08003b4c   0x00000004   Code   RO         3377    i.USBD_Start        usbd_core.o
    0x08003b50   0x00000114   Code   RO         3503    i.USBD_StdDevReq    usbd_ctlreq.o
    0x08003c64   0x0000014c   Code   RO         3504    i.USBD_StdEPReq     usbd_ctlreq.o
    0x08003db0   0x00000052   Code   RO         3505    i.USBD_StdItfReq    usbd_ctlreq.o
    0x08003e02   0x00000002   PAD
    0x08003e04   0x00000080   Code   RO         1270    i.USB_ActivateEndpoint  stm32f4xx_ll_usb.o
    0x08003e84   0x0000001c   Code   RO         1272    i.USB_ActivateSetup  stm32f4xx_ll_usb.o
    0x08003ea0   0x00000074   Code   RO         1274    i.USB_CoreInit      stm32f4xx_ll_usb.o
    0x08003f14   0x00000038   Code   RO         1275    i.USB_CoreReset     stm32f4xx_ll_usb.o
    0x08003f4c   0x000000cc   Code   RO         1278    i.USB_DeactivateEndpoint  stm32f4xx_ll_usb.o
    0x08004018   0x0000001c   Code   RO         1279    i.USB_DevConnect    stm32f4xx_ll_usb.o
    0x08004034   0x0000001c   Code   RO         1280    i.USB_DevDisconnect  stm32f4xx_ll_usb.o
    0x08004050   0x00000174   Code   RO         1281    i.USB_DevInit       stm32f4xx_ll_usb.o
    0x080041c4   0x0000000c   Code   RO         1282    i.USB_DisableGlobalInt  stm32f4xx_ll_usb.o
    0x080041d0   0x00000118   Code   RO         1285    i.USB_EP0StartXfer  stm32f4xx_ll_usb.o
    0x080042e8   0x00000058   Code   RO         1286    i.USB_EP0_OutStart  stm32f4xx_ll_usb.o
    0x08004340   0x00000058   Code   RO         1287    i.USB_EPClearStall  stm32f4xx_ll_usb.o
    0x08004398   0x00000058   Code   RO         1288    i.USB_EPSetStall    stm32f4xx_ll_usb.o
    0x080043f0   0x000001e8   Code   RO         1289    i.USB_EPStartXfer   stm32f4xx_ll_usb.o
    0x080045d8   0x0000000c   Code   RO         1290    i.USB_EnableGlobalInt  stm32f4xx_ll_usb.o
    0x080045e4   0x00000020   Code   RO         1291    i.USB_FlushRxFifo   stm32f4xx_ll_usb.o
    0x08004604   0x00000024   Code   RO         1292    i.USB_FlushTxFifo   stm32f4xx_ll_usb.o
    0x08004628   0x0000001a   Code   RO         1294    i.USB_GetDevSpeed   stm32f4xx_ll_usb.o
    0x08004642   0x00000008   Code   RO         1296    i.USB_GetMode       stm32f4xx_ll_usb.o
    0x0800464a   0x0000000e   Code   RO         1303    i.USB_ReadDevAllInEpInterrupt  stm32f4xx_ll_usb.o
    0x08004658   0x0000000e   Code   RO         1304    i.USB_ReadDevAllOutEpInterrupt  stm32f4xx_ll_usb.o
    0x08004666   0x00000024   Code   RO         1305    i.USB_ReadDevInEPInterrupt  stm32f4xx_ll_usb.o
    0x0800468a   0x00000010   Code   RO         1306    i.USB_ReadDevOutEPInterrupt  stm32f4xx_ll_usb.o
    0x0800469a   0x00000008   Code   RO         1307    i.USB_ReadInterrupts  stm32f4xx_ll_usb.o
    0x080046a2   0x0000001c   Code   RO         1308    i.USB_ReadPacket    stm32f4xx_ll_usb.o
    0x080046be   0x0000002e   Code   RO         1310    i.USB_SetCurrentMode  stm32f4xx_ll_usb.o
    0x080046ec   0x00000022   Code   RO         1311    i.USB_SetDevAddress  stm32f4xx_ll_usb.o
    0x0800470e   0x00000002   PAD
    0x08004710   0x000000e8   Code   RO         1313    i.USB_SetTurnaroundTime  stm32f4xx_ll_usb.o
    0x080047f8   0x00000024   Code   RO         1316    i.USB_WritePacket   stm32f4xx_ll_usb.o
    0x0800481c   0x00000002   Code   RO          517    i.UsageFault_Handler  stm32f4xx_it.o
    0x0800481e   0x00000020   Code   RO         2396    i.__NVIC_SetPriority  stm32f4xx_hal_cortex.o
    0x0800483e   0x0000000e   Code   RO         3970    i.__scatterload_copy  mc_w.l(handlers.o)
    0x0800484c   0x00000002   Code   RO         3971    i.__scatterload_null  mc_w.l(handlers.o)
    0x0800484e   0x0000000e   Code   RO         3972    i.__scatterload_zeroinit  mc_w.l(handlers.o)
    0x0800485c   0x00000024   Code   RO          219    i.data_process      main.o
    0x08004880   0x0000007c   Code   RO          220    i.dcmi_start        main.o
    0x080048fc   0x0000001a   Code   RO           13    i.delay_ms          hardware.o
    0x08004916   0x00000002   PAD
    0x08004918   0x00000040   Code   RO           14    i.delay_us          hardware.o
    0x08004958   0x00000050   Code   RO         3918    i.free              mc_w.l(malloc.o)
    0x080049a8   0x0000001c   Code   RO           15    i.led_init          hardware.o
    0x080049c4   0x000000e4   Code   RO          221    i.main              main.o
    0x08004aa8   0x0000006c   Code   RO         3919    i.malloc            mc_w.l(malloc.o)
    0x08004b14   0x0000008c   Code   RO           16    i.ov5640_init       hardware.o
    0x08004ba0   0x00000010   Code   RO           17    i.ov5640_pwdn       hardware.o
    0x08004bb0   0x00000010   Code   RO           18    i.ov5640_rst        hardware.o
    0x08004bc0   0x00000010   Code   RO           19    i.ov5640_scl        hardware.o
    0x08004bd0   0x0000000c   Code   RO           20    i.ov5640_sda_in     hardware.o
    0x08004bdc   0x00000010   Code   RO           21    i.ov5640_sda_out    hardware.o
    0x08004bec   0x00000034   Code   RO           22    i.ov5640_sda_switch  hardware.o
    0x08004c20   0x0000003c   Code   RO          222    i.save_buffer       main.o
    0x08004c5c   0x00000008   Data   RO         2095    .constdata          stm32f4xx_hal_dma.o
    0x08004c64   0x00000010   Data   RO         3323    .constdata          system_stm32f4xx.o
    0x08004c74   0x00000494   Data   RO         3782    .constdata          ov5640.o
    0x08005108   0x00000020   Data   RO         3968    Region$$Table       anon$$obj.o


    Execution Region RW_IRAM2 (Base: 0x10000000, Size: 0x00000000, Max: 0x00010000, ABSOLUTE)

    **** No section assigned to this execution region ****


    Execution Region RW_IRAM1 (Base: 0x20000000, Size: 0x00006580, Max: 0x00030000, ABSOLUTE, COMPRESSED[0x000000c4])

    Base Addr    Size         Type   Attr      Idx    E Section Name        Object

    0x20000000   0x00000010   Data   RW           24    .data               hardware.o
    0x20000010   0x00000008   Data   RW          225    .data               main.o
    0x20000018   0x00000008   Data   RW          452    .data               fmc.o
    0x20000020   0x0000001c   Data   RW          672    .data               usbd_desc.o
    0x2000003c   0x00000032   Data   RW          673    .data               usbd_desc.o
    0x2000006e   0x00000002   PAD
    0x20000070   0x00000014   Data   RW          756    .data               usbd_cdc_if.o
    0x20000084   0x0000000c   Data   RW         2542    .data               stm32f4xx_hal.o
    0x20000090   0x00000004   Data   RW         3325    .data               system_stm32f4xx.o
    0x20000094   0x00000001   Data   RW         3506    .data               usbd_ctlreq.o
    0x20000095   0x00000003   PAD
    0x20000098   0x000000d7   Data   RW         3645    .data               usbd_cdc.o
    0x2000016f   0x00000001   PAD
    0x20000170   0x00000038   Data   RW         3646    .data               usbd_cdc.o
    0x200001a8   0x00000004   Data   RW         3964    .data               mc_w.l(mvars.o)
    0x200001ac   0x00000004   Data   RW         3965    .data               mc_w.l(mvars.o)
    0x200001b0   0x00000020   Zero   RW           23    .bss                hardware.o
    0x200001d0   0x00004000   Zero   RW          224    .bss                main.o
    0x200041d0   0x000000a0   Zero   RW          382    .bss                dcmi.o
    0x20004270   0x00000034   Zero   RW          451    .bss                fmc.o
    0x200042a4   0x000002d0   Zero   RW          630    .bss                usb_device.o
    0x20004574   0x00000200   Zero   RW          671    .bss                usbd_desc.o
    0x20004774   0x00001000   Zero   RW          755    .bss                usbd_cdc_if.o
    0x20005774   0x00000408   Zero   RW          835    .bss                usbd_conf.o
    0x20005b7c   0x00000004   PAD
    0x20005b80   0x00000600   Zero   RW            2    HEAP                startup_stm32f429xx.o
    0x20006180   0x00000400   Zero   RW            1    STACK               startup_stm32f429xx.o



  Load Region LR$$.ARM.__AT_0xC01F4000 (Base: 0xc01f4000, Size: 0x00000000, Max: 0x0001e000, ABSOLUTE)

    Execution Region ER$$.ARM.__AT_0xC01F4000 (Base: 0xc01f4000, Size: 0x0001e000, Max: 0x0001e000, ABSOLUTE, UNINIT)

    Base Addr    Size         Type   Attr      Idx    E Section Name        Object

    0xc01f4000   0x0001e000   Zero   RW          223    .ARM.__AT_0xC01F4000  main.o


==============================================================================

Image component sizes


      Code (inc. data)   RO Data    RW Data    ZI Data      Debug   Object Name

       404         46          0          0        160       2068   dcmi.o
        44          4          0          0          0        826   dma.o
       440         50          0          8         52       3725   fmc.o
       368         26          0          0          0       1263   gpio.o
       386         80          0         16         32     745287   hardware.o
        20          0          0          0          0       1331   led.o
       698         88          0          8     139264      14211   main.o
       852         16       1172          0          0      11627   ov5640.o
        36          8        428          0       2560        860   startup_stm32f429xx.o
       180         28          0         12          0       9761   stm32f4xx_hal.o
       198         14          0          0          0      34095   stm32f4xx_hal_cortex.o
       182          4          0          0          0       3622   stm32f4xx_hal_dcmi.o
       118          0          0          0          0       1156   stm32f4xx_hal_dcmi_ex.o
       788         16          8          0          0       4879   stm32f4xx_hal_dma.o
      2462         18          0          0          0       2752   stm32f4xx_hal_dma_ex.o
       528         60          0          0          0       5044   stm32f4xx_hal_gpio.o
        48          6          0          0          0        906   stm32f4xx_hal_msp.o
      2308         14          0          0          0      13113   stm32f4xx_hal_pcd.o
        78          0          0          0          0       2505   stm32f4xx_hal_pcd_ex.o
      1280         58          0          0          0       4642   stm32f4xx_hal_rcc.o
       148          0          0          0          0       2816   stm32f4xx_hal_sdram.o
        62         18          0          0          0       6373   stm32f4xx_it.o
       292          4          0          0          0       3624   stm32f4xx_ll_fmc.o
      2582        132          0          0          0      23467   stm32f4xx_ll_usb.o
        28          6         16          4          0       1227   system_stm32f4xx.o
        84         18          0          0        720        860   usb_device.o
       772         16          0        271          0      13957   usbd_cdc.o
       116         22          0         20       4096       4116   usbd_cdc_if.o
       634         20          0          0       1032      16336   usbd_conf.o
       688          0          0          0          0      12845   usbd_core.o
      1256         30          0          1          0      14304   usbd_ctlreq.o
       288        104          0         78        512       6433   usbd_desc.o
       132          0          0          0          0       4680   usbd_ioreq.o

    ----------------------------------------------------------------------
     18528        906       1656        424     148432     974711   Object Totals
         0          0         32          0          0          0   (incl. Generated)
        28          0          0          6          4          0   (incl. Padding)

    ----------------------------------------------------------------------

      Code (inc. data)   RO Data    RW Data    ZI Data      Debug   Library Member Name

        86          0          0          0          0          0   __dczerorl2.o
         0          0          0          0          0          0   entry.o
         0          0          0          0          0          0   entry10a.o
         0          0          0          0          0          0   entry11a.o
         8          4          0          0          0          0   entry2.o
         4          0          0          0          0          0   entry5.o
         0          0          0          0          0          0   entry7b.o
         0          0          0          0          0          0   entry8b.o
         8          4          0          0          0          0   entry9a.o
        30          0          0          0          0          0   handlers.o
        36          8          0          0          0         68   init.o
        30          0          0          0          0         68   llshl.o
        32          0          0          0          0         68   llushr.o
       188         20          0          0          0        160   malloc.o
        36          0          0          0          0         68   memcpya.o
        36          0          0          0          0        108   memseta.o
         0          0          0          8          0          0   mvars.o
        98          0          0          0          0         92   uldiv.o

    ----------------------------------------------------------------------
       592         36          0          8          0        632   Library Totals
         0          0          0          0          0          0   (incl. Padding)

    ----------------------------------------------------------------------

      Code (inc. data)   RO Data    RW Data    ZI Data      Debug   Library Name

       592         36          0          8          0        632   mc_w.l

    ----------------------------------------------------------------------
       592         36          0          8          0        632   Library Totals

    ----------------------------------------------------------------------

==============================================================================


      Code (inc. data)   RO Data    RW Data    ZI Data      Debug   

     19120        942       1656        432     148432     952867   Grand Totals
     19120        942       1656        196     148432     952867   ELF Image Totals (compressed)
     19120        942       1656        196          0          0   ROM Totals

==============================================================================

    Total RO  Size (Code + RO Data)                20776 (  20.29kB)
    Total RW  Size (RW Data + ZI Data)            148864 ( 145.38kB)
    Total ROM Size (Code + RO Data + RW Data)      20972 (  20.48kB)

==============================================================================

