Component: ARM Compiler 5.06 update 3 (build 300) Tool: armlink [4d35c9]

==============================================================================

Section Cross References

    startup_stm32f429xx.o(RESET) refers to startup_stm32f429xx.o(STACK) for __initial_sp
    startup_stm32f429xx.o(RESET) refers to startup_stm32f429xx.o(.text) for Reset_Handler
    startup_stm32f429xx.o(RESET) refers to stm32f4xx_it.o(i.NMI_Handler) for NMI_Handler
    startup_stm32f429xx.o(RESET) refers to stm32f4xx_it.o(i.HardFault_Handler) for HardFault_Handler
    startup_stm32f429xx.o(RESET) refers to stm32f4xx_it.o(i.MemManage_Handler) for MemManage_Handler
    startup_stm32f429xx.o(RESET) refers to stm32f4xx_it.o(i.BusFault_Handler) for BusFault_Handler
    startup_stm32f429xx.o(RESET) refers to stm32f4xx_it.o(i.UsageFault_Handler) for UsageFault_Handler
    startup_stm32f429xx.o(RESET) refers to stm32f4xx_it.o(i.SVC_Handler) for SVC_Handler
    startup_stm32f429xx.o(RESET) refers to stm32f4xx_it.o(i.DebugMon_Handler) for DebugMon_Handler
    startup_stm32f429xx.o(RESET) refers to stm32f4xx_it.o(i.PendSV_Handler) for PendSV_Handler
    startup_stm32f429xx.o(RESET) refers to stm32f4xx_it.o(i.SysTick_Handler) for SysTick_Handler
    startup_stm32f429xx.o(RESET) refers to stm32f4xx_it.o(i.EXTI9_5_IRQHandler) for EXTI9_5_IRQHandler
    startup_stm32f429xx.o(RESET) refers to stm32f4xx_it.o(i.OTG_FS_IRQHandler) for OTG_FS_IRQHandler
    startup_stm32f429xx.o(.text) refers to system_stm32f4xx.o(i.SystemInit) for SystemInit
    startup_stm32f429xx.o(.text) refers to entry.o(.ARM.Collect$$$$00000000) for __main
    hardware.o(i.delay_ms) refers to hardware.o(i.delay_us) for delay_us
    hardware.o(i.delay_us) refers to system_stm32f4xx.o(.data) for SystemCoreClock
    hardware.o(i.led_init) refers to hardware.o(.data) for .data
    hardware.o(i.ov5640_init) refers to ov5640.o(i.HW_OV5640_init) for HW_OV5640_init
    hardware.o(i.ov5640_init) refers to ov5640.o(i.HW_OV5640_get_chip_id) for HW_OV5640_get_chip_id
    hardware.o(i.ov5640_init) refers to ov5640.o(i.HW_OV5640_SCCB_write_reg) for HW_OV5640_SCCB_write_reg
    hardware.o(i.ov5640_init) refers to hardware.o(i.delay_ms) for delay_ms
    hardware.o(i.ov5640_init) refers to hardware.o(i.ov5640_rst) for ov5640_rst
    hardware.o(i.ov5640_init) refers to hardware.o(.bss) for .bss
    hardware.o(i.ov5640_init) refers to hardware.o(i.ov5640_pwdn) for ov5640_pwdn
    hardware.o(i.ov5640_init) refers to hardware.o(i.ov5640_scl) for ov5640_scl
    hardware.o(i.ov5640_init) refers to hardware.o(i.ov5640_sda_out) for ov5640_sda_out
    hardware.o(i.ov5640_init) refers to hardware.o(i.ov5640_sda_in) for ov5640_sda_in
    hardware.o(i.ov5640_init) refers to hardware.o(i.ov5640_sda_switch) for ov5640_sda_switch
    hardware.o(i.ov5640_init) refers to hardware.o(i.delay_us) for delay_us
    hardware.o(i.ov5640_pwdn) refers to stm32f4xx_hal_gpio.o(i.HAL_GPIO_WritePin) for HAL_GPIO_WritePin
    hardware.o(i.ov5640_rst) refers to stm32f4xx_hal_gpio.o(i.HAL_GPIO_WritePin) for HAL_GPIO_WritePin
    hardware.o(i.ov5640_scl) refers to stm32f4xx_hal_gpio.o(i.HAL_GPIO_WritePin) for HAL_GPIO_WritePin
    hardware.o(i.ov5640_sda_in) refers to stm32f4xx_hal_gpio.o(i.HAL_GPIO_ReadPin) for HAL_GPIO_ReadPin
    hardware.o(i.ov5640_sda_out) refers to stm32f4xx_hal_gpio.o(i.HAL_GPIO_WritePin) for HAL_GPIO_WritePin
    hardware.o(i.ov5640_sda_switch) refers to memseta.o(.text) for __aeabi_memclr4
    hardware.o(i.ov5640_sda_switch) refers to stm32f4xx_hal_gpio.o(i.HAL_GPIO_Init) for HAL_GPIO_Init
    main.o(i.HAL_GPIO_EXTI_Callback) refers to led.o(i.HW_LED_turn) for HW_LED_turn
    main.o(i.HAL_GPIO_EXTI_Callback) refers to usbd_cdc_if.o(i.CDC_Transmit_FS) for CDC_Transmit_FS
    main.o(i.HAL_GPIO_EXTI_Callback) refers to main.o(.bss) for .bss
    main.o(i.HAL_GPIO_EXTI_Callback) refers to main.o(.data) for .data
    main.o(i.HAL_GPIO_EXTI_Callback) refers to hardware.o(.data) for led0
    main.o(i.SystemClock_Config) refers to memseta.o(.text) for __aeabi_memclr4
    main.o(i.SystemClock_Config) refers to stm32f4xx_hal_rcc.o(i.HAL_RCC_OscConfig) for HAL_RCC_OscConfig
    main.o(i.SystemClock_Config) refers to stm32f4xx_hal_rcc.o(i.HAL_RCC_ClockConfig) for HAL_RCC_ClockConfig
    main.o(i.main) refers to stm32f4xx_hal.o(i.HAL_Init) for HAL_Init
    main.o(i.main) refers to main.o(i.SystemClock_Config) for SystemClock_Config
    main.o(i.main) refers to gpio.o(i.MX_GPIO_Init) for MX_GPIO_Init
    main.o(i.main) refers to usb_device.o(i.MX_USB_DEVICE_Init) for MX_USB_DEVICE_Init
    main.o(i.main) refers to stm32f4xx_hal_cortex.o(i.HAL_NVIC_DisableIRQ) for HAL_NVIC_DisableIRQ
    main.o(i.main) refers to hardware.o(i.led_init) for led_init
    main.o(i.main) refers to led.o(i.HW_LED_set) for HW_LED_set
    main.o(i.main) refers to hardware.o(i.delay_ms) for delay_ms
    main.o(i.main) refers to hardware.o(i.ov5640_init) for ov5640_init
[...]
    .ARM.Collect$$$$00000008                 0x080001b4   Section        0  entry7b.o(.ARM.Collect$$$$00000008)
    .ARM.Collect$$$$0000000A                 0x080001b4   Section        0  entry8b.o(.ARM.Collect$$$$0000000A)
    .ARM.Collect$$$$0000000B                 0x080001b4   Section        8  entry9a.o(.ARM.Collect$$$$0000000B)
    .ARM.Collect$$$$0000000D                 0x080001bc   Section        0  entry10a.o(.ARM.Collect$$$$0000000D)
    .ARM.Collect$$$$0000000F                 0x080001bc   Section        0  entry11a.o(.ARM.Collect$$$$0000000F)
    .ARM.Collect$$$$00002712                 0x080001bc   Section        4  entry2.o(.ARM.Collect$$$$00002712)
    __lit__00000000                          0x080001bc   Data           4  entry2.o(.ARM.Collect$$$$00002712)
    .text                                    0x080001c0   Section       36  startup_stm32f429xx.o(.text)
    $v0                                      0x080001c0   Number         0  startup_stm32f429xx.o(.text)
    .text                                    0x080001e4   Section        0  uldiv.o(.text)
    .text                                    0x08000246   Section        0  memcpya.o(.text)
    .text                                    0x0800026a   Section        0  memseta.o(.text)
    .text                                    0x0800028e   Section        0  llshl.o(.text)
    .text                                    0x080002ac   Section        0  llushr.o(.text)
    .text                                    0x080002cc   Section       36  init.o(.text)
    .text                                    0x080002f0   Section        0  __dczerorl2.o(.text)
    i.BusFault_Handler                       0x08000346   Section        0  stm32f4xx_it.o(i.BusFault_Handler)
    i.CDC_Control_FS                         0x08000348   Section        0  usbd_cdc_if.o(i.CDC_Control_FS)
    CDC_Control_FS                           0x08000349   Thumb Code     4  usbd_cdc_if.o(i.CDC_Control_FS)
    i.CDC_DeInit_FS                          0x0800034c   Section        0  usbd_cdc_if.o(i.CDC_DeInit_FS)
    CDC_DeInit_FS                            0x0800034d   Thumb Code     4  usbd_cdc_if.o(i.CDC_DeInit_FS)
    i.CDC_Init_FS                            0x08000350   Section        0  usbd_cdc_if.o(i.CDC_Init_FS)
    CDC_Init_FS                              0x08000351   Thumb Code    24  usbd_cdc_if.o(i.CDC_Init_FS)
    i.CDC_Receive_FS                         0x08000374   Section        0  usbd_cdc_if.o(i.CDC_Receive_FS)
    CDC_Receive_FS                           0x08000375   Thumb Code    20  usbd_cdc_if.o(i.CDC_Receive_FS)
    i.CDC_TransmitCplt_FS                    0x0800038c   Section        0  usbd_cdc_if.o(i.CDC_TransmitCplt_FS)
    CDC_TransmitCplt_FS                      0x0800038d   Thumb Code     4  usbd_cdc_if.o(i.CDC_TransmitCplt_FS)
    i.CDC_Transmit_FS                        0x08000390   Section        0  usbd_cdc_if.o(i.CDC_Transmit_FS)
    i.DebugMon_Handler                       0x080003bc   Section        0  stm32f4xx_it.o(i.DebugMon_Handler)
    i.EXTI9_5_IRQHandler                     0x080003be   Section        0  stm32f4xx_it.o(i.EXTI9_5_IRQHandler)
    i.Error_Handler                          0x080003d0   Section        0  main.o(i.Error_Handler)
    i.HAL_Delay                              0x080003d4   Section        0  stm32f4xx_hal.o(i.HAL_Delay)
    i.HAL_GPIO_EXTI_Callback                 0x080003f8   Section        0  main.o(i.HAL_GPIO_EXTI_Callback)
    i.HAL_GPIO_EXTI_IRQHandler               0x0800044c   Section        0  stm32f4xx_hal_gpio.o(i.HAL_GPIO_EXTI_IRQHandler)
    i.HAL_GPIO_Init                          0x08000464   Section        0  stm32f4xx_hal_gpio.o(i.HAL_GPIO_Init)
    i.HAL_GPIO_ReadPin                       0x08000638   Section        0  stm32f4xx_hal_gpio.o(i.HAL_GPIO_ReadPin)
    i.HAL_GPIO_TogglePin                     0x08000642   Section        0  stm32f4xx_hal_gpio.o(i.HAL_GPIO_TogglePin)
    i.HAL_GPIO_WritePin                      0x08000650   Section        0  stm32f4xx_hal_gpio.o(i.HAL_GPIO_WritePin)
    i.HAL_GetTick                            0x0800065c   Section        0  stm32f4xx_hal.o(i.HAL_GetTick)
    i.HAL_IncTick                            0x08000668   Section        0  stm32f4xx_hal.o(i.HAL_IncTick)
    i.HAL_Init                               0x08000678   Section        0  stm32f4xx_hal.o(i.HAL_Init)
    i.HAL_InitTick                           0x080006ac   Section        0  stm32f4xx_hal.o(i.HAL_InitTick)
    i.HAL_MspInit                            0x080006ec   Section        0  stm32f4xx_hal_msp.o(i.HAL_MspInit)
    i.HAL_NVIC_DisableIRQ                    0x0800071c   Section        0  stm32f4xx_hal_cortex.o(i.HAL_NVIC_DisableIRQ)
    i.HAL_NVIC_EnableIRQ                     0x0800073e   Section        0  stm32f4xx_hal_cortex.o(i.HAL_NVIC_EnableIRQ)
    i.HAL_NVIC_SetPriority                   0x08000758   Section        0  stm32f4xx_hal_cortex.o(i.HAL_NVIC_SetPriority)
    i.HAL_NVIC_SetPriorityGrouping           0x08000798   Section        0  stm32f4xx_hal_cortex.o(i.HAL_NVIC_SetPriorityGrouping)
    i.HAL_PCDEx_LPM_Callback                 0x080007bc   Section        0  stm32f4xx_hal_pcd_ex.o(i.HAL_PCDEx_LPM_Callback)
    i.HAL_PCDEx_SetRxFiFo                    0x080007be   Section        0  stm32f4xx_hal_pcd_ex.o(i.HAL_PCDEx_SetRxFiFo)
    i.HAL_PCDEx_SetTxFiFo                    0x080007c6   Section        0  stm32f4xx_hal_pcd_ex.o(i.HAL_PCDEx_SetTxFiFo)
    i.HAL_PCD_ConnectCallback                0x0800080a   Section        0  usbd_conf.o(i.HAL_PCD_ConnectCallback)
    i.HAL_PCD_DataInStageCallback            0x08000812   Section        0  usbd_conf.o(i.HAL_PCD_DataInStageCallback)
    i.HAL_PCD_DataOutStageCallback           0x08000824   Section        0  usbd_conf.o(i.HAL_PCD_DataOutStageCallback)
    i.HAL_PCD_DisconnectCallback             0x08000838   Section        0  usbd_conf.o(i.HAL_PCD_DisconnectCallback)
    i.HAL_PCD_EP_Close                       0x08000840   Section        0  stm32f4xx_hal_pcd.o(i.HAL_PCD_EP_Close)
    i.HAL_PCD_EP_ClrStall                    0x0800088c   Section        0  stm32f4xx_hal_pcd.o(i.HAL_PCD_EP_ClrStall)
    i.HAL_PCD_EP_GetRxCount                  0x080008e8   Section        0  stm32f4xx_hal_pcd.o(i.HAL_PCD_EP_GetRxCount)
    i.HAL_PCD_EP_Open                        0x080008fa   Section        0  stm32f4xx_hal_pcd.o(i.HAL_PCD_EP_Open)
    i.HAL_PCD_EP_Receive                     0x0800095a   Section        0  stm32f4xx_hal_pcd.o(i.HAL_PCD_EP_Receive)
    i.HAL_PCD_EP_SetStall                    0x080009a2   Section        0  stm32f4xx_hal_pcd.o(i.HAL_PCD_EP_SetStall)
    i.HAL_PCD_EP_Transmit                    0x08000a16   Section        0  stm32f4xx_hal_pcd.o(i.HAL_PCD_EP_Transmit)
    i.HAL_PCD_IRQHandler                     0x08000a58   Section        0  stm32f4xx_hal_pcd.o(i.HAL_PCD_IRQHandler)
    i.HAL_PCD_ISOINIncompleteCallback        0x08000e8c   Section        0  usbd_conf.o(i.HAL_PCD_ISOINIncompleteCallback)
    i.HAL_PCD_ISOOUTIncompleteCallback       0x08000e94   Section        0  usbd_conf.o(i.HAL_PCD_ISOOUTIncompleteCallback)
    i.HAL_PCD_Init                           0x08000e9c   Section        0  stm32f4xx_hal_pcd.o(i.HAL_PCD_Init)
    i.HAL_PCD_MspInit                        0x08000f80   Section        0  usbd_conf.o(i.HAL_PCD_MspInit)
    i.HAL_PCD_ResetCallback                  0x08001004   Section        0  usbd_conf.o(i.HAL_PCD_ResetCallback)
    i.HAL_PCD_ResumeCallback                 0x08001030   Section        0  usbd_conf.o(i.HAL_PCD_ResumeCallback)
    i.HAL_PCD_SOFCallback                    0x08001038   Section        0  usbd_conf.o(i.HAL_PCD_SOFCallback)
    i.HAL_PCD_SetAddress                     0x08001040   Section        0  stm32f4xx_hal_pcd.o(i.HAL_PCD_SetAddress)
    i.HAL_PCD_SetupStageCallback             0x08001068   Section        0  usbd_conf.o(i.HAL_PCD_SetupStageCallback)
    i.HAL_PCD_Start                          0x08001076   Section        0  stm32f4xx_hal_pcd.o(i.HAL_PCD_Start)
    i.HAL_PCD_SuspendCallback                0x080010b8   Section        0  usbd_conf.o(i.HAL_PCD_SuspendCallback)
    i.HAL_RCC_ClockConfig                    0x080010e8   Section        0  stm32f4xx_hal_rcc.o(i.HAL_RCC_ClockConfig)
    i.HAL_RCC_GetHCLKFreq                    0x0800121c   Section        0  stm32f4xx_hal_rcc.o(i.HAL_RCC_GetHCLKFreq)
    i.HAL_RCC_GetSysClockFreq                0x08001228   Section        0  stm32f4xx_hal_rcc.o(i.HAL_RCC_GetSysClockFreq)
    i.HAL_RCC_OscConfig                      0x0800128c   Section        0  stm32f4xx_hal_rcc.o(i.HAL_RCC_OscConfig)
    i.HAL_SYSTICK_Config                     0x080015e8   Section        0  stm32f4xx_hal_cortex.o(i.HAL_SYSTICK_Config)
    i.HW_LED_set                             0x08001610   Section        0  led.o(i.HW_LED_set)
    i.HW_LED_turn                            0x0800161c   Section        0  led.o(i.HW_LED_turn)
    i.HW_OV5640_SCCB_No_Ack                  0x08001624   Section        0  ov5640.o(i.HW_OV5640_SCCB_No_Ack)
    i.HW_OV5640_SCCB_Start                   0x0800162a   Section        0  ov5640.o(i.HW_OV5640_SCCB_Start)
    i.HW_OV5640_SCCB_Stop                    0x08001656   Section        0  ov5640.o(i.HW_OV5640_SCCB_Stop)
    i.HW_OV5640_SCCB_read_bit                0x08001682   Section        0  ov5640.o(i.HW_OV5640_SCCB_read_bit)
    i.HW_OV5640_SCCB_read_byte               0x080016b4   Section        0  ov5640.o(i.HW_OV5640_SCCB_read_byte)
    i.HW_OV5640_SCCB_read_reg                0x080016e0   Section        0  ov5640.o(i.HW_OV5640_SCCB_read_reg)
    i.HW_OV5640_SCCB_write_bit               0x08001732   Section        0  ov5640.o(i.HW_OV5640_SCCB_write_bit)
    i.HW_OV5640_SCCB_write_byte              0x08001758   Section        0  ov5640.o(i.HW_OV5640_SCCB_write_byte)
    i.HW_OV5640_SCCB_write_reg               0x0800177e   Section        0  ov5640.o(i.HW_OV5640_SCCB_write_reg)
    i.HW_OV5640_delay_ms                     0x080017ca   Section        0  ov5640.o(i.HW_OV5640_delay_ms)
    i.HW_OV5640_get_chip_id                  0x080017e8   Section        0  ov5640.o(i.HW_OV5640_get_chip_id)
    i.HW_OV5640_init                         0x0800180c   Section        0  ov5640.o(i.HW_OV5640_init)
    i.HW_OV5640_set_jpeg                     0x08001870   Section        0  ov5640.o(i.HW_OV5640_set_jpeg)
    i.HW_OV5640_set_resolution               0x08001898   Section        0  ov5640.o(i.HW_OV5640_set_resolution)
    i.HW_OV5640_soft_reset                   0x0800192a   Section        0  ov5640.o(i.HW_OV5640_soft_reset)
    i.HardFault_Handler                      0x08001950   Section        0  stm32f4xx_it.o(i.HardFault_Handler)
    i.IntToUnicode                           0x08001954   Section        0  usbd_desc.o(i.IntToUnicode)
    IntToUnicode                             0x08001955   Thumb Code    56  usbd_desc.o(i.IntToUnicode)
    i.MX_GPIO_Init                           0x0800198c   Section        0  gpio.o(i.MX_GPIO_Init)
    i.MX_USB_DEVICE_Init                     0x08001a9c   Section        0  usb_device.o(i.MX_USB_DEVICE_Init)
    i.MemManage_Handler                      0x08001af0   Section        0  stm32f4xx_it.o(i.MemManage_Handler)
    i.NMI_Handler                            0x08001af2   Section        0  stm32f4xx_it.o(i.NMI_Handler)
    i.OTG_FS_IRQHandler                      0x08001af4   Section        0  stm32f4xx_it.o(i.OTG_FS_IRQHandler)
    i.PCD_EP_OutXfrComplete_int              0x08001b00   Section        0  stm32f4xx_hal_pcd.o(i.PCD_EP_OutXfrComplete_int)
    PCD_EP_OutXfrComplete_int                0x08001b01   Thumb Code   196  stm32f4xx_hal_pcd.o(i.PCD_EP_OutXfrComplete_int)
    i.PCD_WriteEmptyTxFifo                   0x08001bcc   Section        0  stm32f4xx_hal_pcd.o(i.PCD_WriteEmptyTxFifo)
    PCD_WriteEmptyTxFifo                     0x08001bcd   Thumb Code   162  stm32f4xx_hal_pcd.o(i.PCD_WriteEmptyTxFifo)
    i.PendSV_Handler                         0x08001c6e   Section        0  stm32f4xx_it.o(i.PendSV_Handler)
    i.SVC_Handler                            0x08001c70   Section        0  stm32f4xx_it.o(i.SVC_Handler)
    i.SWAPBYTE                               0x08001c72   Section        0  usbd_ctlreq.o(i.SWAPBYTE)
    SWAPBYTE                                 0x08001c73   Thumb Code    10  usbd_ctlreq.o(i.SWAPBYTE)
    i.SysTick_Handler                        0x08001c7c   Section        0  stm32f4xx_it.o(i.SysTick_Handler)
    i.SystemClock_Config                     0x08001c80   Section        0  main.o(i.SystemClock_Config)
    i.SystemInit                             0x08001d18   Section        0  system_stm32f4xx.o(i.SystemInit)
    i.USBD_CDC_DataIn                        0x08001d34   Section        0  usbd_cdc.o(i.USBD_CDC_DataIn)
    USBD_CDC_DataIn                          0x08001d35   Thumb Code    98  usbd_cdc.o(i.USBD_CDC_DataIn)
    i.USBD_CDC_DataOut                       0x08001d96   Section        0  usbd_cdc.o(i.USBD_CDC_DataOut)
    USBD_CDC_DataOut                         0x08001d97   Thumb Code    42  usbd_cdc.o(i.USBD_CDC_DataOut)
    i.USBD_CDC_DeInit                        0x08001dc0   Section        0  usbd_cdc.o(i.USBD_CDC_DeInit)
    USBD_CDC_DeInit                          0x08001dc1   Thumb Code    74  usbd_cdc.o(i.USBD_CDC_DeInit)
    i.USBD_CDC_EP0_RxReady                   0x08001e0a   Section        0  usbd_cdc.o(i.USBD_CDC_EP0_RxReady)
    USBD_CDC_EP0_RxReady                     0x08001e0b   Thumb Code    36  usbd_cdc.o(i.USBD_CDC_EP0_RxReady)
    i.USBD_CDC_GetDeviceQualifierDescriptor  0x08001e30   Section        0  usbd_cdc.o(i.USBD_CDC_GetDeviceQualifierDescriptor)
    i.USBD_CDC_GetFSCfgDesc                  0x08001e3c   Section        0  usbd_cdc.o(i.USBD_CDC_GetFSCfgDesc)
    USBD_CDC_GetFSCfgDesc                    0x08001e3d   Thumb Code     8  usbd_cdc.o(i.USBD_CDC_GetFSCfgDesc)
    i.USBD_CDC_GetHSCfgDesc                  0x08001e48   Section        0  usbd_cdc.o(i.USBD_CDC_GetHSCfgDesc)
    USBD_CDC_GetHSCfgDesc                    0x08001e49   Thumb Code     8  usbd_cdc.o(i.USBD_CDC_GetHSCfgDesc)
    i.USBD_CDC_GetOtherSpeedCfgDesc          0x08001e54   Section        0  usbd_cdc.o(i.USBD_CDC_GetOtherSpeedCfgDesc)
    USBD_CDC_GetOtherSpeedCfgDesc            0x08001e55   Thumb Code     8  usbd_cdc.o(i.USBD_CDC_GetOtherSpeedCfgDesc)
    i.USBD_CDC_Init                          0x08001e60   Section        0  usbd_cdc.o(i.USBD_CDC_Init)
    USBD_CDC_Init                            0x08001e61   Thumb Code   162  usbd_cdc.o(i.USBD_CDC_Init)
    i.USBD_CDC_ReceivePacket                 0x08001f02   Section        0  usbd_cdc.o(i.USBD_CDC_ReceivePacket)
    i.USBD_CDC_RegisterInterface             0x08001f2a   Section        0  usbd_cdc.o(i.USBD_CDC_RegisterInterface)
    i.USBD_CDC_SetRxBuffer                   0x08001f38   Section        0  usbd_cdc.o(i.USBD_CDC_SetRxBuffer)
    i.USBD_CDC_SetTxBuffer                   0x08001f44   Section        0  usbd_cdc.o(i.USBD_CDC_SetTxBuffer)
    i.USBD_CDC_Setup                         0x08001f54   Section        0  usbd_cdc.o(i.USBD_CDC_Setup)
    USBD_CDC_Setup                           0x08001f55   Thumb Code   176  usbd_cdc.o(i.USBD_CDC_Setup)
    i.USBD_CDC_TransmitPacket                0x08002004   Section        0  usbd_cdc.o(i.USBD_CDC_TransmitPacket)
    i.USBD_ClrClassConfig                    0x0800203a   Section        0  usbd_core.o(i.USBD_ClrClassConfig)
    i.USBD_CtlContinueRx                     0x0800204a   Section        0  usbd_ioreq.o(i.USBD_CtlContinueRx)
    i.USBD_CtlContinueSendData               0x0800205a   Section        0  usbd_ioreq.o(i.USBD_CtlContinueSendData)
    i.USBD_CtlError                          0x0800206a   Section        0  usbd_ctlreq.o(i.USBD_CtlError)
    i.USBD_CtlPrepareRx                      0x08002080   Section        0  usbd_ioreq.o(i.USBD_CtlPrepareRx)
    i.USBD_CtlReceiveStatus                  0x0800209e   Section        0  usbd_ioreq.o(i.USBD_CtlReceiveStatus)
    i.USBD_CtlSendData                       0x080020b4   Section        0  usbd_ioreq.o(i.USBD_CtlSendData)
    i.USBD_CtlSendStatus                     0x080020ce   Section        0  usbd_ioreq.o(i.USBD_CtlSendStatus)
    i.USBD_FS_ConfigStrDescriptor            0x080020e4   Section        0  usbd_desc.o(i.USBD_FS_ConfigStrDescriptor)
    i.USBD_FS_DeviceDescriptor               0x08002104   Section        0  usbd_desc.o(i.USBD_FS_DeviceDescriptor)
    i.USBD_FS_InterfaceStrDescriptor         0x08002110   Section        0  usbd_desc.o(i.USBD_FS_InterfaceStrDescriptor)
    i.USBD_FS_LangIDStrDescriptor            0x08002134   Section        0  usbd_desc.o(i.USBD_FS_LangIDStrDescriptor)
    i.USBD_FS_ManufacturerStrDescriptor      0x08002140   Section        0  usbd_desc.o(i.USBD_FS_ManufacturerStrDescriptor)
    i.USBD_FS_ProductStrDescriptor           0x08002168   Section        0  usbd_desc.o(i.USBD_FS_ProductStrDescriptor)
    i.USBD_FS_SerialStrDescriptor            0x08002194   Section        0  usbd_desc.o(i.USBD_FS_SerialStrDescriptor)
    i.USBD_GetDescriptor                     0x080021cc   Section        0  usbd_ctlreq.o(i.USBD_GetDescriptor)
    USBD_GetDescriptor                       0x080021cd   Thumb Code   230  usbd_ctlreq.o(i.USBD_GetDescriptor)
    i.USBD_GetString                         0x080022b2   Section        0  usbd_ctlreq.o(i.USBD_GetString)
    i.USBD_Get_USB_Status                    0x080022fa   Section        0  usbd_conf.o(i.USBD_Get_USB_Status)
    i.USBD_Init                              0x08002312   Section        0  usbd_core.o(i.USBD_Init)
    i.USBD_LL_ClearStallEP                   0x08002346   Section        0  usbd_conf.o(i.USBD_LL_ClearStallEP)
    i.USBD_LL_CloseEP                        0x08002358   Section        0  usbd_conf.o(i.USBD_LL_CloseEP)
    i.USBD_LL_DataInStage                    0x0800236a   Section        0  usbd_core.o(i.USBD_LL_DataInStage)
    i.USBD_LL_DataOutStage                   0x08002414   Section        0  usbd_core.o(i.USBD_LL_DataOutStage)
    i.USBD_LL_DevConnected                   0x08002482   Section        0  usbd_core.o(i.USBD_LL_DevConnected)
    i.USBD_LL_DevDisconnected                0x08002486   Section        0  usbd_core.o(i.USBD_LL_DevDisconnected)
    i.USBD_LL_GetRxDataSize                  0x0800249e   Section        0  usbd_conf.o(i.USBD_LL_GetRxDataSize)
    i.USBD_LL_Init                           0x080024a8   Section        0  usbd_conf.o(i.USBD_LL_Init)
    i.USBD_LL_IsStallEP                      0x08002508   Section        0  usbd_conf.o(i.USBD_LL_IsStallEP)
    i.USBD_LL_IsoINIncomplete                0x08002528   Section        0  usbd_core.o(i.USBD_LL_IsoINIncomplete)
    i.USBD_LL_IsoOUTIncomplete               0x0800252c   Section        0  usbd_core.o(i.USBD_LL_IsoOUTIncomplete)
    i.USBD_LL_OpenEP                         0x08002530   Section        0  usbd_conf.o(i.USBD_LL_OpenEP)
    i.USBD_LL_PrepareReceive                 0x08002548   Section        0  usbd_conf.o(i.USBD_LL_PrepareReceive)
    i.USBD_LL_Reset                          0x0800255a   Section        0  usbd_core.o(i.USBD_LL_Reset)
    i.USBD_LL_Resume                         0x080025ac   Section        0  usbd_core.o(i.USBD_LL_Resume)
    i.USBD_LL_SOF                            0x080025c0   Section        0  usbd_core.o(i.USBD_LL_SOF)
    i.USBD_LL_SetSpeed                       0x080025d8   Section        0  usbd_core.o(i.USBD_LL_SetSpeed)
    i.USBD_LL_SetUSBAddress                  0x080025de   Section        0  usbd_conf.o(i.USBD_LL_SetUSBAddress)
    i.USBD_LL_SetupStage                     0x080025f0   Section        0  usbd_core.o(i.USBD_LL_SetupStage)
    i.USBD_LL_StallEP                        0x08002650   Section        0  usbd_conf.o(i.USBD_LL_StallEP)
    i.USBD_LL_Start                          0x08002662   Section        0  usbd_conf.o(i.USBD_LL_Start)
    i.USBD_LL_Suspend                        0x08002674   Section        0  usbd_core.o(i.USBD_LL_Suspend)
    i.USBD_LL_Transmit                       0x08002686   Section        0  usbd_conf.o(i.USBD_LL_Transmit)
    i.USBD_ParseSetupRequest                 0x08002698   Section        0  usbd_ctlreq.o(i.USBD_ParseSetupRequest)
    i.USBD_RegisterClass                     0x080026c4   Section        0  usbd_core.o(i.USBD_RegisterClass)
    i.USBD_SetClassConfig                    0x080026e6   Section        0  usbd_core.o(i.USBD_SetClassConfig)
    i.USBD_SetConfig                         0x080026fc   Section        0  usbd_ctlreq.o(i.USBD_SetConfig)
    USBD_SetConfig                           0x080026fd   Thumb Code   182  usbd_ctlreq.o(i.USBD_SetConfig)
    i.USBD_Start                             0x080027b8   Section        0  usbd_core.o(i.USBD_Start)
    i.USBD_StdDevReq                         0x080027bc   Section        0  usbd_ctlreq.o(i.USBD_StdDevReq)
    i.USBD_StdEPReq                          0x080028d0   Section        0  usbd_ctlreq.o(i.USBD_StdEPReq)
    i.USBD_StdItfReq                         0x08002a1c   Section        0  usbd_ctlreq.o(i.USBD_StdItfReq)
    i.USB_ActivateEndpoint                   0x08002a70   Section        0  stm32f4xx_ll_usb.o(i.USB_ActivateEndpoint)
    i.USB_ActivateSetup                      0x08002af0   Section        0  stm32f4xx_ll_usb.o(i.USB_ActivateSetup)
    i.USB_CoreInit                           0x08002b0c   Section        0  stm32f4xx_ll_usb.o(i.USB_CoreInit)
    i.USB_CoreReset                          0x08002b80   Section        0  stm32f4xx_ll_usb.o(i.USB_CoreReset)
    USB_CoreReset                            0x08002b81   Thumb Code    50  stm32f4xx_ll_usb.o(i.USB_CoreReset)
    i.USB_DeactivateEndpoint                 0x08002bb8   Section        0  stm32f4xx_ll_usb.o(i.USB_DeactivateEndpoint)
    i.USB_DevConnect                         0x08002c84   Section        0  stm32f4xx_ll_usb.o(i.USB_DevConnect)
    i.USB_DevDisconnect                      0x08002ca0   Section        0  stm32f4xx_ll_usb.o(i.USB_DevDisconnect)
    i.USB_DevInit                            0x08002cbc   Section        0  stm32f4xx_ll_usb.o(i.USB_DevInit)
    i.USB_DisableGlobalInt                   0x08002e30   Section        0  stm32f4xx_ll_usb.o(i.USB_DisableGlobalInt)
    i.USB_EP0StartXfer                       0x08002e3c   Section        0  stm32f4xx_ll_usb.o(i.USB_EP0StartXfer)
    i.USB_EP0_OutStart                       0x08002f54   Section        0  stm32f4xx_ll_usb.o(i.USB_EP0_OutStart)
    i.USB_EPClearStall                       0x08002fac   Section        0  stm32f4xx_ll_usb.o(i.USB_EPClearStall)
    i.USB_EPSetStall                         0x08003004   Section        0  stm32f4xx_ll_usb.o(i.USB_EPSetStall)
    i.USB_EPStartXfer                        0x0800305c   Section        0  stm32f4xx_ll_usb.o(i.USB_EPStartXfer)
    i.USB_EnableGlobalInt                    0x08003244   Section        0  stm32f4xx_ll_usb.o(i.USB_EnableGlobalInt)
    i.USB_FlushRxFifo                        0x08003250   Section        0  stm32f4xx_ll_usb.o(i.USB_FlushRxFifo)
    i.USB_FlushTxFifo                        0x08003270   Section        0  stm32f4xx_ll_usb.o(i.USB_FlushTxFifo)
    i.USB_GetDevSpeed                        0x08003294   Section        0  stm32f4xx_ll_usb.o(i.USB_GetDevSpeed)
    i.USB_GetMode                            0x080032ae   Section        0  stm32f4xx_ll_usb.o(i.USB_GetMode)
    i.USB_ReadDevAllInEpInterrupt            0x080032b6   Section        0  stm32f4xx_ll_usb.o(i.USB_ReadDevAllInEpInterrupt)
    i.USB_ReadDevAllOutEpInterrupt           0x080032c4   Section        0  stm32f4xx_ll_usb.o(i.USB_ReadDevAllOutEpInterrupt)
    i.USB_ReadDevInEPInterrupt               0x080032d2   Section        0  stm32f4xx_ll_usb.o(i.USB_ReadDevInEPInterrupt)
    i.USB_ReadDevOutEPInterrupt              0x080032f6   Section        0  stm32f4xx_ll_usb.o(i.USB_ReadDevOutEPInterrupt)
    i.USB_ReadInterrupts                     0x08003306   Section        0  stm32f4xx_ll_usb.o(i.USB_ReadInterrupts)
    i.USB_ReadPacket                         0x0800330e   Section        0  stm32f4xx_ll_usb.o(i.USB_ReadPacket)
    i.USB_SetCurrentMode                     0x0800332a   Section        0  stm32f4xx_ll_usb.o(i.USB_SetCurrentMode)
    i.USB_SetDevAddress                      0x08003358   Section        0  stm32f4xx_ll_usb.o(i.USB_SetDevAddress)
    i.USB_SetTurnaroundTime                  0x0800337c   Section        0  stm32f4xx_ll_usb.o(i.USB_SetTurnaroundTime)
    i.USB_WritePacket                        0x08003464   Section        0  stm32f4xx_ll_usb.o(i.USB_WritePacket)
    i.UsageFault_Handler                     0x08003488   Section        0  stm32f4xx_it.o(i.UsageFault_Handler)
    i.__NVIC_SetPriority                     0x0800348a   Section        0  stm32f4xx_hal_cortex.o(i.__NVIC_SetPriority)
    __NVIC_SetPriority                       0x0800348b   Thumb Code    32  stm32f4xx_hal_cortex.o(i.__NVIC_SetPriority)
    i.__scatterload_copy                     0x080034aa   Section       14  handlers.o(i.__scatterload_copy)
    i.__scatterload_null                     0x080034b8   Section        2  handlers.o(i.__scatterload_null)
    i.__scatterload_zeroinit                 0x080034ba   Section       14  handlers.o(i.__scatterload_zeroinit)
    i.delay_ms                               0x080034c8   Section        0  hardware.o(i.delay_ms)
    i.delay_us                               0x080034e4   Section        0  hardware.o(i.delay_us)
    i.free                                   0x08003524   Section        0  malloc.o(i.free)
    i.led_init                               0x08003574   Section        0  hardware.o(i.led_init)
    i.main                                   0x08003590   Section        0  main.o(i.main)
    i.malloc                                 0x080035f4   Section        0  malloc.o(i.malloc)
    i.ov5640_init                            0x08003660   Section        0  hardware.o(i.ov5640_init)
    i.ov5640_pwdn                            0x080036ec   Section        0  hardware.o(i.ov5640_pwdn)
    i.ov5640_rst                             0x080036fc   Section        0  hardware.o(i.ov5640_rst)
    i.ov5640_scl                             0x0800370c   Section        0  hardware.o(i.ov5640_scl)
    i.ov5640_sda_in                          0x0800371c   Section        0  hardware.o(i.ov5640_sda_in)
    i.ov5640_sda_out                         0x08003728   Section        0  hardware.o(i.ov5640_sda_out)
    i.ov5640_sda_switch                      0x08003738   Section        0  hardware.o(i.ov5640_sda_switch)
    .constdata                               0x0800376c   Section       16  system_stm32f4xx.o(.constdata)
    .constdata                               0x0800377c   Section     1172  ov5640.o(.constdata)
    .data                                    0x20000000   Section       16  hardware.o(.data)
    .data                                    0x20000010   Section        8  main.o(.data)
    .data                                    0x20000018   Section       28  usbd_desc.o(.data)
    .data                                    0x20000034   Section       50  usbd_desc.o(.data)
    .data                                    0x20000068   Section       20  usbd_cdc_if.o(.data)
    .data                                    0x2000007c   Section       12  stm32f4xx_hal.o(.data)
    .data                                    0x20000088   Section        4  system_stm32f4xx.o(.data)
    .data                                    0x2000008c   Section        1  usbd_ctlreq.o(.data)
    cfgidx                                   0x2000008c   Data           1  usbd_ctlreq.o(.data)
    .data                                    0x20000090   Section      215  usbd_cdc.o(.data)
    USBD_CDC_DeviceQualifierDesc             0x20000090   Data          10  usbd_cdc.o(.data)
    USBD_CDC_CfgHSDesc                       0x2000009c   Data          67  usbd_cdc.o(.data)
    USBD_CDC_CfgFSDesc                       0x200000e0   Data          67  usbd_cdc.o(.data)
    USBD_CDC_OtherSpeedCfgDesc               0x20000124   Data          67  usbd_cdc.o(.data)
    .data                                    0x20000168   Section       56  usbd_cdc.o(.data)
    .data                                    0x200001a0   Section        4  mvars.o(.data)
    .data                                    0x200001a4   Section        4  mvars.o(.data)
    .bss                                     0x200001a8   Section       32  hardware.o(.bss)
    .bss                                     0x200001c8   Section     4096  main.o(.bss)
    .bss                                     0x200011c8   Section      720  usb_device.o(.bss)
    .bss                                     0x20001498   Section      512  usbd_desc.o(.bss)
    .bss                                     0x20001698   Section     4096  usbd_cdc_if.o(.bss)
    .bss                                     0x20002698   Section     1032  usbd_conf.o(.bss)
    HEAP                                     0x20002aa0   Section     1536  startup_stm32f429xx.o(HEAP)
    STACK                                    0x200030a0   Section     1024  startup_stm32f429xx.o(STACK)

    Global Symbols

    Symbol Name                              Value     Ov Type        Size  Object(Section)

    BuildAttributes$$THM_ISAv4$E$P$D$K$B$S$7EM$VFPi3$EXTD16$VFPS$VFMA$PE$A:L22UL41UL21$X:L11$S22US41US21$IEEE1$IW$USESV6$~STKCKD$USESV7$~SHL$OSPACE$EBA8$MICROLIB$REQ8$PRES8$EABIv2 0x00000000   Number         0  anon$$obj.o ABSOLUTE
    __ARM_use_no_argv                        0x00000000   Number         0  main.o ABSOLUTE
    __cpp_initialize__aeabi_                  - Undefined Weak Reference
    __cxa_finalize                            - Undefined Weak Reference
    _clock_init                               - Undefined Weak Reference
    _microlib_exit                            - Undefined Weak Reference
    __Vectors_Size                           0x000001ac   Number         0  startup_stm32f429xx.o ABSOLUTE
    __Vectors                                0x08000000   Data           4  startup_stm32f429xx.o(RESET)
    __Vectors_End                            0x080001ac   Data           0  startup_stm32f429xx.o(RESET)
    __main                                   0x080001ad   Thumb Code     0  entry.o(.ARM.Collect$$$$00000000)
    _main_stk                                0x080001ad   Thumb Code     0  entry2.o(.ARM.Collect$$$$00000001)
    _main_scatterload                        0x080001b1   Thumb Code     0  entry5.o(.ARM.Collect$$$$00000004)
    __main_after_scatterload                 0x080001b5   Thumb Code     0  entry5.o(.ARM.Collect$$$$00000004)
    _main_clock                              0x080001b5   Thumb Code     0  entry7b.o(.ARM.Collect$$$$00000008)
    _main_cpp_init                           0x080001b5   Thumb Code     0  entry8b.o(.ARM.Collect$$$$0000000A)
    _main_init                               0x080001b5   Thumb Code     0  entry9a.o(.ARM.Collect$$$$0000000B)
    __rt_final_cpp                           0x080001bd   Thumb Code     0  entry10a.o(.ARM.Collect$$$$0000000D)
    __rt_final_exit                          0x080001bd   Thumb Code     0  entry11a.o(.ARM.Collect$$$$0000000F)
    Reset_Handler                            0x080001c1   Thumb Code     8  startup_stm32f429xx.o(.text)
    ADC_IRQHandler                           0x080001db   Thumb Code     0  startup_stm32f429xx.o(.text)
    CAN1_RX0_IRQHandler                      0x080001db   Thumb Code     0  startup_stm32f429xx.o(.text)
    CAN1_RX1_IRQHandler                      0x080001db   Thumb Code     0  startup_stm32f429xx.o(.text)
    CAN1_SCE_IRQHandler                      0x080001db   Thumb Code     0  startup_stm32f429xx.o(.text)
    CAN1_TX_IRQHandler                       0x080001db   Thumb Code     0  startup_stm32f429xx.o(.text)
    CAN2_RX0_IRQHandler                      0x080001db   Thumb Code     0  startup_stm32f429xx.o(.text)
    CAN2_RX1_IRQHandler                      0x080001db   Thumb Code     0  startup_stm32f429xx.o(.text)
    CAN2_SCE_IRQHandler                      0x080001db   Thumb Code     0  startup_stm32f429xx.o(.text)
    CAN2_TX_IRQHandler                       0x080001db   Thumb Code     0  startup_stm32f429xx.o(.text)
    DCMI_IRQHandler                          0x080001db   Thumb Code     0  startup_stm32f429xx.o(.text)
    DMA1_Stream0_IRQHandler                  0x080001db   Thumb Code     0  startup_stm32f429xx.o(.text)
    DMA1_Stream1_IRQHandler                  0x080001db   Thumb Code     0  startup_stm32f429xx.o(.text)
    DMA1_Stream2_IRQHandler                  0x080001db   Thumb Code     0  startup_stm32f429xx.o(.text)
    DMA1_Stream3_IRQHandler                  0x080001db   Thumb Code     0  startup_stm32f429xx.o(.text)
    DMA1_Stream4_IRQHandler                  0x080001db   Thumb Code     0  startup_stm32f429xx.o(.text)
    DMA1_Stream5_IRQHandler                  0x080001db   Thumb Code     0  startup_stm32f429xx.o(.text)
    DMA1_Stream6_IRQHandler                  0x080001db   Thumb Code     0  startup_stm32f429xx.o(.text)
    DMA1_Stream7_IRQHandler                  0x080001db   Thumb Code     0  startup_stm32f429xx.o(.text)
    DMA2D_IRQHandler                         0x080001db   Thumb Code     0  startup_stm32f429xx.o(.text)
    DMA2_Stream0_IRQHandler                  0x080001db   Thumb Code     0  startup_stm32f429xx.o(.text)
    DMA2_Stream1_IRQHandler                  0x080001db   Thumb Code     0  startup_stm32f429xx.o(.text)
    DMA2_Stream2_IRQHandler                  0x080001db   Thumb Code     0  startup_stm32f429xx.o(.text)
    DMA2_Stream3_IRQHandler                  0x080001db   Thumb Code     0  startup_stm32f429xx.o(.text)
    DMA2_Stream4_IRQHandler                  0x080001db   Thumb Code     0  startup_stm32f429xx.o(.text)
    DMA2_Stream5_IRQHandler                  0x080001db   Thumb Code     0  startup_stm32f429xx.o(.text)
    DMA2_Stream6_IRQHandler                  0x080001db   Thumb Code     0  startup_stm32f429xx.o(.text)
    DMA2_Stream7_IRQHandler                  0x080001db   Thumb Code     0  startup_stm32f429xx.o(.text)
    ETH_IRQHandler                           0x080001db   Thumb Code     0  startup_stm32f429xx.o(.text)
    ETH_WKUP_IRQHandler                      0x080001db   Thumb Code     0  startup_stm32f429xx.o(.text)
    EXTI0_IRQHandler                         0x080001db   Thumb Code     0  startup_stm32f429xx.o(.text)
    EXTI15_10_IRQHandler                     0x080001db   Thumb Code     0  startup_stm32f429xx.o(.text)
    EXTI1_IRQHandler                         0x080001db   Thumb Code     0  startup_stm32f429xx.o(.text)
    EXTI2_IRQHandler                         0x080001db   Thumb Code     0  startup_stm32f429xx.o(.text)
    EXTI3_IRQHandler                         0x080001db   Thumb Code     0  startup_stm32f429xx.o(.text)
    EXTI4_IRQHandler                         0x080001db   Thumb Code     0  startup_stm32f429xx.o(.text)
    FLASH_IRQHandler                         0x080001db   Thumb Code     0  startup_stm32f429xx.o(.text)
    FMC_IRQHandler                           0x080001db   Thumb Code     0  startup_stm32f429xx.o(.text)
    FPU_IRQHandler                           0x080001db   Thumb Code     0  startup_stm32f429xx.o(.text)
    HASH_RNG_IRQHandler                      0x080001db   Thumb Code     0  startup_stm32f429xx.o(.text)
    I2C1_ER_IRQHandler                       0x080001db   Thumb Code     0  startup_stm32f429xx.o(.text)
    I2C1_EV_IRQHandler                       0x080001db   Thumb Code     0  startup_stm32f429xx.o(.text)
    I2C2_ER_IRQHandler                       0x080001db   Thumb Code     0  startup_stm32f429xx.o(.text)
    I2C2_EV_IRQHandler                       0x080001db   Thumb Code     0  startup_stm32f429xx.o(.text)
    I2C3_ER_IRQHandler                       0x080001db   Thumb Code     0  startup_stm32f429xx.o(.text)
    I2C3_EV_IRQHandler                       0x080001db   Thumb Code     0  startup_stm32f429xx.o(.text)
    LTDC_ER_IRQHandler                       0x080001db   Thumb Code     0  startup_stm32f429xx.o(.text)
    LTDC_IRQHandler                          0x080001db   Thumb Code     0  startup_stm32f429xx.o(.text)
    OTG_FS_WKUP_IRQHandler                   0x080001db   Thumb Code     0  startup_stm32f429xx.o(.text)
    OTG_HS_EP1_IN_IRQHandler                 0x080001db   Thumb Code     0  startup_stm32f429xx.o(.text)
    OTG_HS_EP1_OUT_IRQHandler                0x080001db   Thumb Code     0  startup_stm32f429xx.o(.text)
    OTG_HS_IRQHandler                        0x080001db   Thumb Code     0  startup_stm32f429xx.o(.text)
    OTG_HS_WKUP_IRQHandler                   0x080001db   Thumb Code     0  startup_stm32f429xx.o(.text)
    PVD_IRQHandler                           0x080001db   Thumb Code     0  startup_stm32f429xx.o(.text)
    RCC_IRQHandler                           0x080001db   Thumb Code     0  startup_stm32f429xx.o(.text)
    RTC_Alarm_IRQHandler                     0x080001db   Thumb Code     0  startup_stm32f429xx.o(.text)
    RTC_WKUP_IRQHandler                      0x080001db   Thumb Code     0  startup_stm32f429xx.o(.text)
    SAI1_IRQHandler                          0x080001db   Thumb Code     0  startup_stm32f429xx.o(.text)
    SDIO_IRQHandler                          0x080001db   Thumb Code     0  startup_stm32f429xx.o(.text)
    SPI1_IRQHandler                          0x080001db   Thumb Code     0  startup_stm32f429xx.o(.text)
    SPI2_IRQHandler                          0x080001db   Thumb Code     0  startup_stm32f429xx.o(.text)
    SPI3_IRQHandler                          0x080001db   Thumb Code     0  startup_stm32f429xx.o(.text)
    SPI4_IRQHandler                          0x080001db   Thumb Code     0  startup_stm32f429xx.o(.text)
    SPI5_IRQHandler                          0x080001db   Thumb Code     0  startup_stm32f429xx.o(.text)
    SPI6_IRQHandler                          0x080001db   Thumb Code     0  startup_stm32f429xx.o(.text)
    TAMP_STAMP_IRQHandler                    0x080001db   Thumb Code     0  startup_stm32f429xx.o(.text)
    TIM1_BRK_TIM9_IRQHandler                 0x080001db   Thumb Code     0  startup_stm32f429xx.o(.text)
    TIM1_CC_IRQHandler                       0x080001db   Thumb Code     0  startup_stm32f429xx.o(.text)
    TIM1_TRG_COM_TIM11_IRQHandler            0x080001db   Thumb Code     0  startup_stm32f429xx.o(.text)
    TIM1_UP_TIM10_IRQHandler                 0x080001db   Thumb Code     0  startup_stm32f429xx.o(.text)
    TIM2_IRQHandler                          0x080001db   Thumb Code     0  startup_stm32f429xx.o(.text)
    TIM3_IRQHandler                          0x080001db   Thumb Code     0  startup_stm32f429xx.o(.text)
    TIM4_IRQHandler                          0x080001db   Thumb Code     0  startup_stm32f429xx.o(.text)
    TIM5_IRQHandler                          0x080001db   Thumb Code     0  startup_stm32f429xx.o(.text)
    TIM6_DAC_IRQHandler                      0x080001db   Thumb Code     0  startup_stm32f429xx.o(.text)
    TIM7_IRQHandler                          0x080001db   Thumb Code     0  startup_stm32f429xx.o(.text)
    TIM8_BRK_TIM12_IRQHandler                0x080001db   Thumb Code     0  startup_stm32f429xx.o(.text)
    TIM8_CC_IRQHandler                       0x080001db   Thumb Code     0  startup_stm32f429xx.o(.text)
    TIM8_TRG_COM_TIM14_IRQHandler            0x080001db   Thumb Code     0  startup_stm32f429xx.o(.text)
    TIM8_UP_TIM13_IRQHandler                 0x080001db   Thumb Code     0  startup_stm32f429xx.o(.text)
    UART4_IRQHandler                         0x080001db   Thumb Code     0  startup_stm32f429xx.o(.text)
    UART5_IRQHandler                         0x080001db   Thumb Code     0  startup_stm32f429xx.o(.text)
    UART7_IRQHandler                         0x080001db   Thumb Code     0  startup_stm32f429xx.o(.text)
    UART8_IRQHandler                         0x080001db   Thumb Code     0  startup_stm32f429xx.o(.text)
    USART1_IRQHandler                        0x080001db   Thumb Code     0  startup_stm32f429xx.o(.text)
    USART2_IRQHandler                        0x080001db   Thumb Code     0  startup_stm32f429xx.o(.text)
    USART3_IRQHandler                        0x080001db   Thumb Code     0  startup_stm32f429xx.o(.text)
    USART6_IRQHandler                        0x080001db   Thumb Code     0  startup_stm32f429xx.o(.text)
    WWDG_IRQHandler                          0x080001db   Thumb Code     0  startup_stm32f429xx.o(.text)
    __aeabi_uldivmod                         0x080001e5   Thumb Code    98  uldiv.o(.text)
    __aeabi_memcpy                           0x08000247   Thumb Code    36  memcpya.o(.text)
    __aeabi_memcpy4                          0x08000247   Thumb Code     0  memcpya.o(.text)
    __aeabi_memcpy8                          0x08000247   Thumb Code     0  memcpya.o(.text)
    __aeabi_memset                           0x0800026b   Thumb Code    14  memseta.o(.text)
    __aeabi_memset4                          0x0800026b   Thumb Code     0  memseta.o(.text)
    __aeabi_memset8                          0x0800026b   Thumb Code     0  memseta.o(.text)
    __aeabi_memclr                           0x08000279   Thumb Code     4  memseta.o(.text)
    __aeabi_memclr4                          0x08000279   Thumb Code     0  memseta.o(.text)
    __aeabi_memclr8                          0x08000279   Thumb Code     0  memseta.o(.text)
    _memset$wrapper                          0x0800027d   Thumb Code    18  memseta.o(.text)
    __aeabi_llsl                             0x0800028f   Thumb Code    30  llshl.o(.text)
    _ll_shift_l                              0x0800028f   Thumb Code     0  llshl.o(.text)
    __aeabi_llsr                             0x080002ad   Thumb Code    32  llushr.o(.text)
    _ll_ushift_r                             0x080002ad   Thumb Code     0  llushr.o(.text)
    __scatterload                            0x080002cd   Thumb Code    28  init.o(.text)
    __scatterload_rt2                        0x080002cd   Thumb Code     0  init.o(.text)
    __decompress                             0x080002f1   Thumb Code     0  __dczerorl2.o(.text)
    __decompress1                            0x080002f1   Thumb Code    86  __dczerorl2.o(.text)
    BusFault_Handler                         0x08000347   Thumb Code     2  stm32f4xx_it.o(i.BusFault_Handler)
    CDC_Transmit_FS                          0x08000391   Thumb Code    38  usbd_cdc_if.o(i.CDC_Transmit_FS)
    DebugMon_Handler                         0x080003bd   Thumb Code     2  stm32f4xx_it.o(i.DebugMon_Handler)
    EXTI9_5_IRQHandler                       0x080003bf   Thumb Code    18  stm32f4xx_it.o(i.EXTI9_5_IRQHandler)
    Error_Handler                            0x080003d1   Thumb Code     4  main.o(i.Error_Handler)
    HAL_Delay                                0x080003d5   Thumb Code    32  stm32f4xx_hal.o(i.HAL_Delay)
    HAL_GPIO_EXTI_Callback                   0x080003f9   Thumb Code    70  main.o(i.HAL_GPIO_EXTI_Callback)
    HAL_GPIO_EXTI_IRQHandler                 0x0800044d   Thumb Code    18  stm32f4xx_hal_gpio.o(i.HAL_GPIO_EXTI_IRQHandler)
    HAL_GPIO_Init                            0x08000465   Thumb Code   414  stm32f4xx_hal_gpio.o(i.HAL_GPIO_Init)
    HAL_GPIO_ReadPin                         0x08000639   Thumb Code    10  stm32f4xx_hal_gpio.o(i.HAL_GPIO_ReadPin)
    HAL_GPIO_TogglePin                       0x08000643   Thumb Code    14  stm32f4xx_hal_gpio.o(i.HAL_GPIO_TogglePin)
    HAL_GPIO_WritePin                        0x08000651   Thumb Code    10  stm32f4xx_hal_gpio.o(i.HAL_GPIO_WritePin)
    HAL_GetTick                              0x0800065d   Thumb Code     6  stm32f4xx_hal.o(i.HAL_GetTick)
    HAL_IncTick                              0x08000669   Thumb Code    12  stm32f4xx_hal.o(i.HAL_IncTick)
    HAL_Init                                 0x08000679   Thumb Code    48  stm32f4xx_hal.o(i.HAL_Init)
    HAL_InitTick                             0x080006ad   Thumb Code    54  stm32f4xx_hal.o(i.HAL_InitTick)
    HAL_MspInit                              0x080006ed   Thumb Code    42  stm32f4xx_hal_msp.o(i.HAL_MspInit)
    HAL_NVIC_DisableIRQ                      0x0800071d   Thumb Code    34  stm32f4xx_hal_cortex.o(i.HAL_NVIC_DisableIRQ)
    HAL_NVIC_EnableIRQ                       0x0800073f   Thumb Code    26  stm32f4xx_hal_cortex.o(i.HAL_NVIC_EnableIRQ)
    HAL_NVIC_SetPriority                     0x08000759   Thumb Code    60  stm32f4xx_hal_cortex.o(i.HAL_NVIC_SetPriority)
    HAL_NVIC_SetPriorityGrouping             0x08000799   Thumb Code    26  stm32f4xx_hal_cortex.o(i.HAL_NVIC_SetPriorityGrouping)
    HAL_PCDEx_LPM_Callback                   0x080007bd   Thumb Code     2  stm32f4xx_hal_pcd_ex.o(i.HAL_PCDEx_LPM_Callback)
    HAL_PCDEx_SetRxFiFo                      0x080007bf   Thumb Code     8  stm32f4xx_hal_pcd_ex.o(i.HAL_PCDEx_SetRxFiFo)
    HAL_PCDEx_SetTxFiFo                      0x080007c7   Thumb Code    68  stm32f4xx_hal_pcd_ex.o(i.HAL_PCDEx_SetTxFiFo)
    HAL_PCD_ConnectCallback                  0x0800080b   Thumb Code     8  usbd_conf.o(i.HAL_PCD_ConnectCallback)
    HAL_PCD_DataInStageCallback              0x08000813   Thumb Code    18  usbd_conf.o(i.HAL_PCD_DataInStageCallback)
    HAL_PCD_DataOutStageCallback             0x08000825   Thumb Code    20  usbd_conf.o(i.HAL_PCD_DataOutStageCallback)
    HAL_PCD_DisconnectCallback               0x08000839   Thumb Code     8  usbd_conf.o(i.HAL_PCD_DisconnectCallback)
    HAL_PCD_EP_Close                         0x08000841   Thumb Code    76  stm32f4xx_hal_pcd.o(i.HAL_PCD_EP_Close)
    HAL_PCD_EP_ClrStall                      0x0800088d   Thumb Code    92  stm32f4xx_hal_pcd.o(i.HAL_PCD_EP_ClrStall)
    HAL_PCD_EP_GetRxCount                    0x080008e9   Thumb Code    18  stm32f4xx_hal_pcd.o(i.HAL_PCD_EP_GetRxCount)
    HAL_PCD_EP_Open                          0x080008fb   Thumb Code    96  stm32f4xx_hal_pcd.o(i.HAL_PCD_EP_Open)
    HAL_PCD_EP_Receive                       0x0800095b   Thumb Code    72  stm32f4xx_hal_pcd.o(i.HAL_PCD_EP_Receive)
    HAL_PCD_EP_SetStall                      0x080009a3   Thumb Code   116  stm32f4xx_hal_pcd.o(i.HAL_PCD_EP_SetStall)
    HAL_PCD_EP_Transmit                      0x08000a17   Thumb Code    64  stm32f4xx_hal_pcd.o(i.HAL_PCD_EP_Transmit)
    HAL_PCD_IRQHandler                       0x08000a59   Thumb Code  1070  stm32f4xx_hal_pcd.o(i.HAL_PCD_IRQHandler)
    HAL_PCD_ISOINIncompleteCallback          0x08000e8d   Thumb Code     8  usbd_conf.o(i.HAL_PCD_ISOINIncompleteCallback)
    HAL_PCD_ISOOUTIncompleteCallback         0x08000e95   Thumb Code     8  usbd_conf.o(i.HAL_PCD_ISOOUTIncompleteCallback)
    HAL_PCD_Init                             0x08000e9d   Thumb Code   226  stm32f4xx_hal_pcd.o(i.HAL_PCD_Init)
    HAL_PCD_MspInit                          0x08000f81   Thumb Code   122  usbd_conf.o(i.HAL_PCD_MspInit)
    HAL_PCD_ResetCallback                    0x08001005   Thumb Code    44  usbd_conf.o(i.HAL_PCD_ResetCallback)
    HAL_PCD_ResumeCallback                   0x08001031   Thumb Code     8  usbd_conf.o(i.HAL_PCD_ResumeCallback)
    HAL_PCD_SOFCallback                      0x08001039   Thumb Code     8  usbd_conf.o(i.HAL_PCD_SOFCallback)
    HAL_PCD_SetAddress                       0x08001041   Thumb Code    40  stm32f4xx_hal_pcd.o(i.HAL_PCD_SetAddress)
    HAL_PCD_SetupStageCallback               0x08001069   Thumb Code    14  usbd_conf.o(i.HAL_PCD_SetupStageCallback)
    HAL_PCD_Start                            0x08001077   Thumb Code    66  stm32f4xx_hal_pcd.o(i.HAL_PCD_Start)
    HAL_PCD_SuspendCallback                  0x080010b9   Thumb Code    44  usbd_conf.o(i.HAL_PCD_SuspendCallback)
    HAL_RCC_ClockConfig                      0x080010e9   Thumb Code   288  stm32f4xx_hal_rcc.o(i.HAL_RCC_ClockConfig)
    HAL_RCC_GetHCLKFreq                      0x0800121d   Thumb Code     6  stm32f4xx_hal_rcc.o(i.HAL_RCC_GetHCLKFreq)
    HAL_RCC_GetSysClockFreq                  0x08001229   Thumb Code    88  stm32f4xx_hal_rcc.o(i.HAL_RCC_GetSysClockFreq)
    HAL_RCC_OscConfig                        0x0800128d   Thumb Code   840  stm32f4xx_hal_rcc.o(i.HAL_RCC_OscConfig)
    HAL_SYSTICK_Config                       0x080015e9   Thumb Code    40  stm32f4xx_hal_cortex.o(i.HAL_SYSTICK_Config)
    HW_LED_set                               0x08001611   Thumb Code    12  led.o(i.HW_LED_set)
    HW_LED_turn                              0x0800161d   Thumb Code     8  led.o(i.HW_LED_turn)
    HW_OV5640_SCCB_No_Ack                    0x08001625   Thumb Code     6  ov5640.o(i.HW_OV5640_SCCB_No_Ack)
    HW_OV5640_SCCB_Start                     0x0800162b   Thumb Code    44  ov5640.o(i.HW_OV5640_SCCB_Start)
    HW_OV5640_SCCB_Stop                      0x08001657   Thumb Code    44  ov5640.o(i.HW_OV5640_SCCB_Stop)
    HW_OV5640_SCCB_read_bit                  0x08001683   Thumb Code    50  ov5640.o(i.HW_OV5640_SCCB_read_bit)
    HW_OV5640_SCCB_read_byte                 0x080016b5   Thumb Code    44  ov5640.o(i.HW_OV5640_SCCB_read_byte)
    HW_OV5640_SCCB_read_reg                  0x080016e1   Thumb Code    82  ov5640.o(i.HW_OV5640_SCCB_read_reg)
    HW_OV5640_SCCB_write_bit                 0x08001733   Thumb Code    38  ov5640.o(i.HW_OV5640_SCCB_write_bit)
    HW_OV5640_SCCB_write_byte                0x08001759   Thumb Code    38  ov5640.o(i.HW_OV5640_SCCB_write_byte)
    HW_OV5640_SCCB_write_reg                 0x0800177f   Thumb Code    76  ov5640.o(i.HW_OV5640_SCCB_write_reg)
    HW_OV5640_delay_ms                       0x080017cb   Thumb Code    30  ov5640.o(i.HW_OV5640_delay_ms)
    HW_OV5640_get_chip_id                    0x080017e9   Thumb Code    36  ov5640.o(i.HW_OV5640_get_chip_id)
    HW_OV5640_init                           0x0800180d   Thumb Code    96  ov5640.o(i.HW_OV5640_init)
    HW_OV5640_set_jpeg                       0x08001871   Thumb Code    34  ov5640.o(i.HW_OV5640_set_jpeg)
    HW_OV5640_set_resolution                 0x08001899   Thumb Code   146  ov5640.o(i.HW_OV5640_set_resolution)
    HW_OV5640_soft_reset                     0x0800192b   Thumb Code    38  ov5640.o(i.HW_OV5640_soft_reset)
    HardFault_Handler                        0x08001951   Thumb Code     2  stm32f4xx_it.o(i.HardFault_Handler)
    MX_GPIO_Init                             0x0800198d   Thumb Code   250  gpio.o(i.MX_GPIO_Init)
    MX_USB_DEVICE_Init                       0x08001a9d   Thumb Code    66  usb_device.o(i.MX_USB_DEVICE_Init)
    MemManage_Handler                        0x08001af1   Thumb Code     2  stm32f4xx_it.o(i.MemManage_Handler)
    NMI_Handler                              0x08001af3   Thumb Code     2  stm32f4xx_it.o(i.NMI_Handler)
    OTG_FS_IRQHandler                        0x08001af5   Thumb Code     6  stm32f4xx_it.o(i.OTG_FS_IRQHandler)
    PendSV_Handler                           0x08001c6f   Thumb Code     2  stm32f4xx_it.o(i.PendSV_Handler)
    SVC_Handler                              0x08001c71   Thumb Code     2  stm32f4xx_it.o(i.SVC_Handler)
    SysTick_Handler                          0x08001c7d   Thumb Code     4  stm32f4xx_it.o(i.SysTick_Handler)
    SystemClock_Config                       0x08001c81   Thumb Code   142  main.o(i.SystemClock_Config)
    SystemInit                               0x08001d19   Thumb Code    22  system_stm32f4xx.o(i.SystemInit)
    USBD_CDC_GetDeviceQualifierDescriptor    0x08001e31   Thumb Code     8  usbd_cdc.o(i.USBD_CDC_GetDeviceQualifierDescriptor)
    USBD_CDC_ReceivePacket                   0x08001f03   Thumb Code    40  usbd_cdc.o(i.USBD_CDC_ReceivePacket)
    USBD_CDC_RegisterInterface               0x08001f2b   Thumb Code    14  usbd_cdc.o(i.USBD_CDC_RegisterInterface)
    USBD_CDC_SetRxBuffer                     0x08001f39   Thumb Code    12  usbd_cdc.o(i.USBD_CDC_SetRxBuffer)
    USBD_CDC_SetTxBuffer                     0x08001f45   Thumb Code    16  usbd_cdc.o(i.USBD_CDC_SetTxBuffer)
    USBD_CDC_TransmitPacket                  0x08002005   Thumb Code    54  usbd_cdc.o(i.USBD_CDC_TransmitPacket)
    USBD_ClrClassConfig                      0x0800203b   Thumb Code    16  usbd_core.o(i.USBD_ClrClassConfig)
    USBD_CtlContinueRx                       0x0800204b   Thumb Code    16  usbd_ioreq.o(i.USBD_CtlContinueRx)
    USBD_CtlContinueSendData                 0x0800205b   Thumb Code    16  usbd_ioreq.o(i.USBD_CtlContinueSendData)
    USBD_CtlError                            0x0800206b   Thumb Code    22  usbd_ctlreq.o(i.USBD_CtlError)
    USBD_CtlPrepareRx                        0x08002081   Thumb Code    30  usbd_ioreq.o(i.USBD_CtlPrepareRx)
    USBD_CtlReceiveStatus                    0x0800209f   Thumb Code    22  usbd_ioreq.o(i.USBD_CtlReceiveStatus)
    USBD_CtlSendData                         0x080020b5   Thumb Code    26  usbd_ioreq.o(i.USBD_CtlSendData)
    USBD_CtlSendStatus                       0x080020cf   Thumb Code    22  usbd_ioreq.o(i.USBD_CtlSendStatus)
    USBD_FS_ConfigStrDescriptor              0x080020e5   Thumb Code    16  usbd_desc.o(i.USBD_FS_ConfigStrDescriptor)
    USBD_FS_DeviceDescriptor                 0x08002105   Thumb Code     8  usbd_desc.o(i.USBD_FS_DeviceDescriptor)
    USBD_FS_InterfaceStrDescriptor           0x08002111   Thumb Code    16  usbd_desc.o(i.USBD_FS_InterfaceStrDescriptor)
    USBD_FS_LangIDStrDescriptor              0x08002135   Thumb Code     8  usbd_desc.o(i.USBD_FS_LangIDStrDescriptor)
    USBD_FS_ManufacturerStrDescriptor        0x08002141   Thumb Code    16  usbd_desc.o(i.USBD_FS_ManufacturerStrDescriptor)
    USBD_FS_ProductStrDescriptor             0x08002169   Thumb Code    16  usbd_desc.o(i.USBD_FS_ProductStrDescriptor)
    USBD_FS_SerialStrDescriptor              0x08002195   Thumb Code    48  usbd_desc.o(i.USBD_FS_SerialStrDescriptor)
    USBD_GetString                           0x080022b3   Thumb Code    72  usbd_ctlreq.o(i.USBD_GetString)
    USBD_Get_USB_Status                      0x080022fb   Thumb Code    24  usbd_conf.o(i.USBD_Get_USB_Status)
    USBD_Init                                0x08002313   Thumb Code    52  usbd_core.o(i.USBD_Init)
    USBD_LL_ClearStallEP                     0x08002347   Thumb Code    18  usbd_conf.o(i.USBD_LL_ClearStallEP)
    USBD_LL_CloseEP                          0x08002359   Thumb Code    18  usbd_conf.o(i.USBD_LL_CloseEP)
    USBD_LL_DataInStage                      0x0800236b   Thumb Code   170  usbd_core.o(i.USBD_LL_DataInStage)
    USBD_LL_DataOutStage                     0x08002415   Thumb Code   110  usbd_core.o(i.USBD_LL_DataOutStage)
    USBD_LL_DevConnected                     0x08002483   Thumb Code     4  usbd_core.o(i.USBD_LL_DevConnected)
    USBD_LL_DevDisconnected                  0x08002487   Thumb Code    24  usbd_core.o(i.USBD_LL_DevDisconnected)
    USBD_LL_GetRxDataSize                    0x0800249f   Thumb Code     8  usbd_conf.o(i.USBD_LL_GetRxDataSize)
    USBD_LL_Init                             0x080024a9   Thumb Code    90  usbd_conf.o(i.USBD_LL_Init)
    USBD_LL_IsStallEP                        0x08002509   Thumb Code    32  usbd_conf.o(i.USBD_LL_IsStallEP)
    USBD_LL_IsoINIncomplete                  0x08002529   Thumb Code     4  usbd_core.o(i.USBD_LL_IsoINIncomplete)
    USBD_LL_IsoOUTIncomplete                 0x0800252d   Thumb Code     4  usbd_core.o(i.USBD_LL_IsoOUTIncomplete)
    USBD_LL_OpenEP                           0x08002531   Thumb Code    24  usbd_conf.o(i.USBD_LL_OpenEP)
    USBD_LL_PrepareReceive                   0x08002549   Thumb Code    18  usbd_conf.o(i.USBD_LL_PrepareReceive)
    USBD_LL_Reset                            0x0800255b   Thumb Code    82  usbd_core.o(i.USBD_LL_Reset)
    USBD_LL_Resume                           0x080025ad   Thumb Code    20  usbd_core.o(i.USBD_LL_Resume)
    USBD_LL_SOF                              0x080025c1   Thumb Code    24  usbd_core.o(i.USBD_LL_SOF)
    USBD_LL_SetSpeed                         0x080025d9   Thumb Code     6  usbd_core.o(i.USBD_LL_SetSpeed)
    USBD_LL_SetUSBAddress                    0x080025df   Thumb Code    18  usbd_conf.o(i.USBD_LL_SetUSBAddress)
    USBD_LL_SetupStage                       0x080025f1   Thumb Code    96  usbd_core.o(i.USBD_LL_SetupStage)
    USBD_LL_StallEP                          0x08002651   Thumb Code    18  usbd_conf.o(i.USBD_LL_StallEP)
    USBD_LL_Start                            0x08002663   Thumb Code    18  usbd_conf.o(i.USBD_LL_Start)
    USBD_LL_Suspend                          0x08002675   Thumb Code    18  usbd_core.o(i.USBD_LL_Suspend)
    USBD_LL_Transmit                         0x08002687   Thumb Code    18  usbd_conf.o(i.USBD_LL_Transmit)
    USBD_ParseSetupRequest                   0x08002699   Thumb Code    44  usbd_ctlreq.o(i.USBD_ParseSetupRequest)
    USBD_RegisterClass                       0x080026c5   Thumb Code    34  usbd_core.o(i.USBD_RegisterClass)
    USBD_SetClassConfig                      0x080026e7   Thumb Code    20  usbd_core.o(i.USBD_SetClassConfig)
    USBD_Start                               0x080027b9   Thumb Code     4  usbd_core.o(i.USBD_Start)
    USBD_StdDevReq                           0x080027bd   Thumb Code   276  usbd_ctlreq.o(i.USBD_StdDevReq)
    USBD_StdEPReq                            0x080028d1   Thumb Code   332  usbd_ctlreq.o(i.USBD_StdEPReq)
    USBD_StdItfReq                           0x08002a1d   Thumb Code    82  usbd_ctlreq.o(i.USBD_StdItfReq)
    USB_ActivateEndpoint                     0x08002a71   Thumb Code   122  stm32f4xx_ll_usb.o(i.USB_ActivateEndpoint)
    USB_ActivateSetup                        0x08002af1   Thumb Code    28  stm32f4xx_ll_usb.o(i.USB_ActivateSetup)
    USB_CoreInit                             0x08002b0d   Thumb Code   112  stm32f4xx_ll_usb.o(i.USB_CoreInit)
    USB_DeactivateEndpoint                   0x08002bb9   Thumb Code   194  stm32f4xx_ll_usb.o(i.USB_DeactivateEndpoint)
    USB_DevConnect                           0x08002c85   Thumb Code    28  stm32f4xx_ll_usb.o(i.USB_DevConnect)
    USB_DevDisconnect                        0x08002ca1   Thumb Code    28  stm32f4xx_ll_usb.o(i.USB_DevDisconnect)
    USB_DevInit                              0x08002cbd   Thumb Code   362  stm32f4xx_ll_usb.o(i.USB_DevInit)
    USB_DisableGlobalInt                     0x08002e31   Thumb Code    12  stm32f4xx_ll_usb.o(i.USB_DisableGlobalInt)
    USB_EP0StartXfer                         0x08002e3d   Thumb Code   276  stm32f4xx_ll_usb.o(i.USB_EP0StartXfer)
    USB_EP0_OutStart                         0x08002f55   Thumb Code    84  stm32f4xx_ll_usb.o(i.USB_EP0_OutStart)
    USB_EPClearStall                         0x08002fad   Thumb Code    88  stm32f4xx_ll_usb.o(i.USB_EPClearStall)
    USB_EPSetStall                           0x08003005   Thumb Code    88  stm32f4xx_ll_usb.o(i.USB_EPSetStall)
    USB_EPStartXfer                          0x0800305d   Thumb Code   482  stm32f4xx_ll_usb.o(i.USB_EPStartXfer)
    USB_EnableGlobalInt                      0x08003245   Thumb Code    12  stm32f4xx_ll_usb.o(i.USB_EnableGlobalInt)
    USB_FlushRxFifo                          0x08003251   Thumb Code    28  stm32f4xx_ll_usb.o(i.USB_FlushRxFifo)
    USB_FlushTxFifo                          0x08003271   Thumb Code    32  stm32f4xx_ll_usb.o(i.USB_FlushTxFifo)
    USB_GetDevSpeed                          0x08003295   Thumb Code    26  stm32f4xx_ll_usb.o(i.USB_GetDevSpeed)
    USB_GetMode                              0x080032af   Thumb Code     8  stm32f4xx_ll_usb.o(i.USB_GetMode)
    USB_ReadDevAllInEpInterrupt              0x080032b7   Thumb Code    14  stm32f4xx_ll_usb.o(i.USB_ReadDevAllInEpInterrupt)
    USB_ReadDevAllOutEpInterrupt             0x080032c5   Thumb Code    14  stm32f4xx_ll_usb.o(i.USB_ReadDevAllOutEpInterrupt)
    USB_ReadDevInEPInterrupt                 0x080032d3   Thumb Code    36  stm32f4xx_ll_usb.o(i.USB_ReadDevInEPInterrupt)
    USB_ReadDevOutEPInterrupt                0x080032f7   Thumb Code    16  stm32f4xx_ll_usb.o(i.USB_ReadDevOutEPInterrupt)
    USB_ReadInterrupts                       0x08003307   Thumb Code     8  stm32f4xx_ll_usb.o(i.USB_ReadInterrupts)
    USB_ReadPacket                           0x0800330f   Thumb Code    28  stm32f4xx_ll_usb.o(i.USB_ReadPacket)
    USB_SetCurrentMode                       0x0800332b   Thumb Code    46  stm32f4xx_ll_usb.o(i.USB_SetCurrentMode)
    USB_SetDevAddress                        0x08003359   Thumb Code    34  stm32f4xx_ll_usb.o(i.USB_SetDevAddress)
    USB_SetTurnaroundTime                    0x0800337d   Thumb Code   158  stm32f4xx_ll_usb.o(i.USB_SetTurnaroundTime)
    USB_WritePacket                          0x08003465   Thumb Code    36  stm32f4xx_ll_usb.o(i.USB_WritePacket)
    UsageFault_Handler                       0x08003489   Thumb Code     2  stm32f4xx_it.o(i.UsageFault_Handler)
    __scatterload_copy                       0x080034ab   Thumb Code    14  handlers.o(i.__scatterload_copy)
    __scatterload_null                       0x080034b9   Thumb Code     2  handlers.o(i.__scatterload_null)
    __scatterload_zeroinit                   0x080034bb   Thumb Code    14  handlers.o(i.__scatterload_zeroinit)
    delay_ms                                 0x080034c9   Thumb Code    26  hardware.o(i.delay_ms)
    delay_us                                 0x080034e5   Thumb Code    54  hardware.o(i.delay_us)
    free                                     0x08003525   Thumb Code    76  malloc.o(i.free)
    led_init                                 0x08003575   Thumb Code    20  hardware.o(i.led_init)
    main                                     0x08003591   Thumb Code    88  main.o(i.main)
    malloc                                   0x080035f5   Thumb Code    92  malloc.o(i.malloc)
    ov5640_init                              0x08003661   Thumb Code   108  hardware.o(i.ov5640_init)
    ov5640_pwdn                              0x080036ed   Thumb Code    10  hardware.o(i.ov5640_pwdn)
    ov5640_rst                               0x080036fd   Thumb Code    12  hardware.o(i.ov5640_rst)
    ov5640_scl                               0x0800370d   Thumb Code    10  hardware.o(i.ov5640_scl)
    ov5640_sda_in                            0x0800371d   Thumb Code     8  hardware.o(i.ov5640_sda_in)
    ov5640_sda_out                           0x08003729   Thumb Code    10  hardware.o(i.ov5640_sda_out)
    ov5640_sda_switch                        0x08003739   Thumb Code    48  hardware.o(i.ov5640_sda_switch)
    AHBPrescTable                            0x0800376c   Data          16  system_stm32f4xx.o(.constdata)
    OV5640_jpeg_reg_tbl                      0x0800377c   Data         164  ov5640.o(.constdata)
    ov5640_rgb565_reg_tbl                    0x08003820   Data         180  ov5640.o(.constdata)
    ov5640_uxga_init_reg_tbl                 0x080038d4   Data         828  ov5640.o(.constdata)
    Region$$Table$$Base                      0x08003c10   Number         0  anon$$obj.o(Region$$Table)
    Region$$Table$$Limit                     0x08003c30   Number         0  anon$$obj.o(Region$$Table)
    led0                                     0x20000000   Data           8  hardware.o(.data)
    led1                                     0x20000008   Data           8  hardware.o(.data)
    current_buf                              0x20000010   Data           1  main.o(.data)
    cnt                                      0x20000014   Data           4  main.o(.data)
    FS_Desc                                  0x20000018   Data          28  usbd_desc.o(.data)
    USBD_LangIDDesc                          0x20000034   Data           4  usbd_desc.o(.data)
    USBD_FS_DeviceDesc                       0x20000038   Data          18  usbd_desc.o(.data)
    USBD_StringSerial                        0x2000004c   Data          26  usbd_desc.o(.data)
    USBD_Interface_fops_FS                   0x20000068   Data          20  usbd_cdc_if.o(.data)
    uwTickFreq                               0x2000007c   Data           1  stm32f4xx_hal.o(.data)
    uwTickPrio                               0x20000080   Data           4  stm32f4xx_hal.o(.data)
    uwTick                                   0x20000084   Data           4  stm32f4xx_hal.o(.data)
    SystemCoreClock                          0x20000088   Data           4  system_stm32f4xx.o(.data)
    USBD_CDC                                 0x20000168   Data          56  usbd_cdc.o(.data)
    __microlib_freelist                      0x200001a0   Data           4  mvars.o(.data)
    __microlib_freelist_initialised          0x200001a4   Data           4  mvars.o(.data)
    ov5640                                   0x200001a8   Data          32  hardware.o(.bss)
    dcmi_buffer                              0x200001c8   Data        4096  main.o(.bss)
    hUsbDeviceFS                             0x200011c8   Data         720  usb_device.o(.bss)
    USBD_StrDesc                             0x20001498   Data         512  usbd_desc.o(.bss)
    UserRxBufferFS                           0x20001698   Data        2048  usbd_cdc_if.o(.bss)
    UserTxBufferFS                           0x20001e98   Data        2048  usbd_cdc_if.o(.bss)
    hpcd_USB_OTG_FS                          0x20002698   Data        1032  usbd_conf.o(.bss)
    __heap_base                              0x20002aa0   Data           0  startup_stm32f429xx.o(HEAP)
    __heap_limit                             0x200030a0   Data           0  startup_stm32f429xx.o(HEAP)
    __initial_sp                             0x200034a0   Data           0  startup_stm32f429xx.o(STACK)



==============================================================================

Memory Map of the image

  Image Entry point : 0x080001ad

  Load Region LR_IROM1 (Base: 0x08000000, Size: 0x00003dd8, Max: 0x00100000, ABSOLUTE, COMPRESSED[0x00003cf8])

    Execution Region ER_IROM1 (Base: 0x08000000, Size: 0x00003c30, Max: 0x00100000, ABSOLUTE)

    Base Addr    Size         Type   Attr      Idx    E Section Name        Object

    0x08000000   0x000001ac   Data   RO            3    RESET               startup_stm32f429xx.o
    0x080001ac   0x00000000   Code   RO         3170  * .ARM.Collect$$$$00000000  mc_w.l(entry.o)
    0x080001ac   0x00000004   Code   RO         3209    .ARM.Collect$$$$00000001  mc_w.l(entry2.o)
    0x080001b0   0x00000004   Code   RO         3212    .ARM.Collect$$$$00000004  mc_w.l(entry5.o)
    0x080001b4   0x00000000   Code   RO         3214    .ARM.Collect$$$$00000008  mc_w.l(entry7b.o)
    0x080001b4   0x00000000   Code   RO         3216    .ARM.Collect$$$$0000000A  mc_w.l(entry8b.o)
    0x080001b4   0x00000008   Code   RO         3217    .ARM.Collect$$$$0000000B  mc_w.l(entry9a.o)
    0x080001bc   0x00000000   Code   RO         3219    .ARM.Collect$$$$0000000D  mc_w.l(entry10a.o)
    0x080001bc   0x00000000   Code   RO         3221    .ARM.Collect$$$$0000000F  mc_w.l(entry11a.o)
    0x080001bc   0x00000004   Code   RO         3210    .ARM.Collect$$$$00002712  mc_w.l(entry2.o)
    0x080001c0   0x00000024   Code   RO            4    .text               startup_stm32f429xx.o
    0x080001e4   0x00000062   Code   RO         3173    .text               mc_w.l(uldiv.o)
    0x08000246   0x00000024   Code   RO         3175    .text               mc_w.l(memcpya.o)
    0x0800026a   0x00000024   Code   RO         3177    .text               mc_w.l(memseta.o)
    0x0800028e   0x0000001e   Code   RO         3223    .text               mc_w.l(llshl.o)
    0x080002ac   0x00000020   Code   RO         3225    .text               mc_w.l(llushr.o)
    0x080002cc   0x00000024   Code   RO         3229    .text               mc_w.l(init.o)
    0x080002f0   0x00000056   Code   RO         3239    .text               mc_w.l(__dczerorl2.o)
    0x08000346   0x00000002   Code   RO          298    i.BusFault_Handler  stm32f4xx_it.o
    0x08000348   0x00000004   Code   RO          544    i.CDC_Control_FS    usbd_cdc_if.o
    0x0800034c   0x00000004   Code   RO          545    i.CDC_DeInit_FS     usbd_cdc_if.o
    0x08000350   0x00000024   Code   RO          546    i.CDC_Init_FS       usbd_cdc_if.o
    0x08000374   0x00000018   Code   RO          547    i.CDC_Receive_FS    usbd_cdc_if.o
    0x0800038c   0x00000004   Code   RO          548    i.CDC_TransmitCplt_FS  usbd_cdc_if.o
    0x08000390   0x0000002c   Code   RO          549    i.CDC_Transmit_FS   usbd_cdc_if.o
    0x080003bc   0x00000002   Code   RO          299    i.DebugMon_Handler  stm32f4xx_it.o
    0x080003be   0x00000012   Code   RO          300    i.EXTI9_5_IRQHandler  stm32f4xx_it.o
    0x080003d0   0x00000004   Code   RO          201    i.Error_Handler     main.o
    0x080003d4   0x00000024   Code   RO         2315    i.HAL_Delay         stm32f4xx_hal.o
    0x080003f8   0x00000054   Code   RO          202    i.HAL_GPIO_EXTI_Callback  main.o
    0x0800044c   0x00000018   Code   RO         1770    i.HAL_GPIO_EXTI_IRQHandler  stm32f4xx_hal_gpio.o
    0x08000464   0x000001d4   Code   RO         1771    i.HAL_GPIO_Init     stm32f4xx_hal_gpio.o
    0x08000638   0x0000000a   Code   RO         1773    i.HAL_GPIO_ReadPin  stm32f4xx_hal_gpio.o
    0x08000642   0x0000000e   Code   RO         1774    i.HAL_GPIO_TogglePin  stm32f4xx_hal_gpio.o
    0x08000650   0x0000000a   Code   RO         1775    i.HAL_GPIO_WritePin  stm32f4xx_hal_gpio.o
    0x0800065a   0x00000002   PAD
    0x0800065c   0x0000000c   Code   RO         2323    i.HAL_GetTick       stm32f4xx_hal.o
    0x08000668   0x00000010   Code   RO         2329    i.HAL_IncTick       stm32f4xx_hal.o
    0x08000678   0x00000034   Code   RO         2330    i.HAL_Init          stm32f4xx_hal.o
    0x080006ac   0x00000040   Code   RO         2331    i.HAL_InitTick      stm32f4xx_hal.o
    0x080006ec   0x00000030   Code   RO          386    i.HAL_MspInit       stm32f4xx_hal_msp.o
    0x0800071c   0x00000022   Code   RO         2177    i.HAL_NVIC_DisableIRQ  stm32f4xx_hal_cortex.o
    0x0800073e   0x0000001a   Code   RO         2178    i.HAL_NVIC_EnableIRQ  stm32f4xx_hal_cortex.o
    0x08000758   0x00000040   Code   RO         2184    i.HAL_NVIC_SetPriority  stm32f4xx_hal_cortex.o
    0x08000798   0x00000024   Code   RO         2185    i.HAL_NVIC_SetPriorityGrouping  stm32f4xx_hal_cortex.o
    0x080007bc   0x00000002   Code   RO         1023    i.HAL_PCDEx_LPM_Callback  stm32f4xx_hal_pcd_ex.o
    0x080007be   0x00000008   Code   RO         1024    i.HAL_PCDEx_SetRxFiFo  stm32f4xx_hal_pcd_ex.o
    0x080007c6   0x00000044   Code   RO         1025    i.HAL_PCDEx_SetTxFiFo  stm32f4xx_hal_pcd_ex.o
    0x0800080a   0x00000008   Code   RO          601    i.HAL_PCD_ConnectCallback  usbd_conf.o
    0x08000812   0x00000012   Code   RO          602    i.HAL_PCD_DataInStageCallback  usbd_conf.o
    0x08000824   0x00000014   Code   RO          603    i.HAL_PCD_DataOutStageCallback  usbd_conf.o
    0x08000838   0x00000008   Code   RO          604    i.HAL_PCD_DisconnectCallback  usbd_conf.o
    0x08000840   0x0000004c   Code   RO          805    i.HAL_PCD_EP_Close  stm32f4xx_hal_pcd.o
    0x0800088c   0x0000005c   Code   RO          806    i.HAL_PCD_EP_ClrStall  stm32f4xx_hal_pcd.o
    0x080008e8   0x00000012   Code   RO          808    i.HAL_PCD_EP_GetRxCount  stm32f4xx_hal_pcd.o
    0x080008fa   0x00000060   Code   RO          809    i.HAL_PCD_EP_Open   stm32f4xx_hal_pcd.o
    0x0800095a   0x00000048   Code   RO          810    i.HAL_PCD_EP_Receive  stm32f4xx_hal_pcd.o
    0x080009a2   0x00000074   Code   RO          811    i.HAL_PCD_EP_SetStall  stm32f4xx_hal_pcd.o
    0x08000a16   0x00000040   Code   RO          812    i.HAL_PCD_EP_Transmit  stm32f4xx_hal_pcd.o
    0x08000a56   0x00000002   PAD
    0x08000a58   0x00000434   Code   RO          814    i.HAL_PCD_IRQHandler  stm32f4xx_hal_pcd.o
    0x08000e8c   0x00000008   Code   RO          605    i.HAL_PCD_ISOINIncompleteCallback  usbd_conf.o
    0x08000e94   0x00000008   Code   RO          606    i.HAL_PCD_ISOOUTIncompleteCallback  usbd_conf.o
    0x08000e9c   0x000000e2   Code   RO          817    i.HAL_PCD_Init      stm32f4xx_hal_pcd.o
    0x08000f7e   0x00000002   PAD
    0x08000f80   0x00000084   Code   RO          608    i.HAL_PCD_MspInit   usbd_conf.o
    0x08001004   0x0000002c   Code   RO          609    i.HAL_PCD_ResetCallback  usbd_conf.o
    0x08001030   0x00000008   Code   RO          610    i.HAL_PCD_ResumeCallback  usbd_conf.o
    0x08001038   0x00000008   Code   RO          611    i.HAL_PCD_SOFCallback  usbd_conf.o
    0x08001040   0x00000028   Code   RO          823    i.HAL_PCD_SetAddress  stm32f4xx_hal_pcd.o
    0x08001068   0x0000000e   Code   RO          612    i.HAL_PCD_SetupStageCallback  usbd_conf.o
    0x08001076   0x00000042   Code   RO          825    i.HAL_PCD_Start     stm32f4xx_hal_pcd.o
    0x080010b8   0x00000030   Code   RO          613    i.HAL_PCD_SuspendCallback  usbd_conf.o
    0x080010e8   0x00000134   Code   RO         1365    i.HAL_RCC_ClockConfig  stm32f4xx_hal_rcc.o
    0x0800121c   0x0000000c   Code   RO         1370    i.HAL_RCC_GetHCLKFreq  stm32f4xx_hal_rcc.o
    0x08001228   0x00000064   Code   RO         1374    i.HAL_RCC_GetSysClockFreq  stm32f4xx_hal_rcc.o
    0x0800128c   0x0000035c   Code   RO         1377    i.HAL_RCC_OscConfig  stm32f4xx_hal_rcc.o
    0x080015e8   0x00000028   Code   RO         2189    i.HAL_SYSTICK_Config  stm32f4xx_hal_cortex.o
    0x08001610   0x0000000c   Code   RO         3029    i.HW_LED_set        led.o
    0x0800161c   0x00000008   Code   RO         3030    i.HW_LED_turn       led.o
    0x08001624   0x00000006   Code   RO         3059    i.HW_OV5640_SCCB_No_Ack  ov5640.o
    0x0800162a   0x0000002c   Code   RO         3060    i.HW_OV5640_SCCB_Start  ov5640.o
    0x08001656   0x0000002c   Code   RO         3061    i.HW_OV5640_SCCB_Stop  ov5640.o
    0x08001682   0x00000032   Code   RO         3062    i.HW_OV5640_SCCB_read_bit  ov5640.o
    0x080016b4   0x0000002c   Code   RO         3063    i.HW_OV5640_SCCB_read_byte  ov5640.o
    0x080016e0   0x00000052   Code   RO         3064    i.HW_OV5640_SCCB_read_reg  ov5640.o
    0x08001732   0x00000026   Code   RO         3065    i.HW_OV5640_SCCB_write_bit  ov5640.o
    0x08001758   0x00000026   Code   RO         3066    i.HW_OV5640_SCCB_write_byte  ov5640.o
    0x0800177e   0x0000004c   Code   RO         3067    i.HW_OV5640_SCCB_write_reg  ov5640.o
    0x080017ca   0x0000001e   Code   RO         3068    i.HW_OV5640_delay_ms  ov5640.o
    0x080017e8   0x00000024   Code   RO         3069    i.HW_OV5640_get_chip_id  ov5640.o
    0x0800180c   0x00000064   Code   RO         3070    i.HW_OV5640_init    ov5640.o
    0x08001870   0x00000028   Code   RO         3071    i.HW_OV5640_set_jpeg  ov5640.o
    0x08001898   0x00000092   Code   RO         3072    i.HW_OV5640_set_resolution  ov5640.o
    0x0800192a   0x00000026   Code   RO         3074    i.HW_OV5640_soft_reset  ov5640.o
    0x08001950   0x00000002   Code   RO          301    i.HardFault_Handler  stm32f4xx_it.o
    0x08001952   0x00000002   PAD
    0x08001954   0x00000038   Code   RO          458    i.IntToUnicode      usbd_desc.o
    0x0800198c   0x00000110   Code   RO          274    i.MX_GPIO_Init      gpio.o
    0x08001a9c   0x00000054   Code   RO          410    i.MX_USB_DEVICE_Init  usb_device.o
    0x08001af0   0x00000002   Code   RO          302    i.MemManage_Handler  stm32f4xx_it.o
    0x08001af2   0x00000002   Code   RO          303    i.NMI_Handler       stm32f4xx_it.o
    0x08001af4   0x0000000c   Code   RO          304    i.OTG_FS_IRQHandler  stm32f4xx_it.o
    0x08001b00   0x000000cc   Code   RO          829    i.PCD_EP_OutXfrComplete_int  stm32f4xx_hal_pcd.o
    0x08001bcc   0x000000a2   Code   RO          830    i.PCD_WriteEmptyTxFifo  stm32f4xx_hal_pcd.o
    0x08001c6e   0x00000002   Code   RO          305    i.PendSV_Handler    stm32f4xx_it.o
    0x08001c70   0x00000002   Code   RO          306    i.SVC_Handler       stm32f4xx_it.o
    0x08001c72   0x0000000a   Code   RO         2790    i.SWAPBYTE          usbd_ctlreq.o
    0x08001c7c   0x00000004   Code   RO          307    i.SysTick_Handler   stm32f4xx_it.o
    0x08001c80   0x00000098   Code   RO          203    i.SystemClock_Config  main.o
    0x08001d18   0x0000001c   Code   RO         2615    i.SystemInit        system_stm32f4xx.o
    0x08001d34   0x00000062   Code   RO         2923    i.USBD_CDC_DataIn   usbd_cdc.o
    0x08001d96   0x0000002a   Code   RO         2924    i.USBD_CDC_DataOut  usbd_cdc.o
    0x08001dc0   0x0000004a   Code   RO         2925    i.USBD_CDC_DeInit   usbd_cdc.o
    0x08001e0a   0x00000024   Code   RO         2926    i.USBD_CDC_EP0_RxReady  usbd_cdc.o
    0x08001e2e   0x00000002   PAD
    0x08001e30   0x0000000c   Code   RO         2927    i.USBD_CDC_GetDeviceQualifierDescriptor  usbd_cdc.o
    0x08001e3c   0x0000000c   Code   RO         2928    i.USBD_CDC_GetFSCfgDesc  usbd_cdc.o
    0x08001e48   0x0000000c   Code   RO         2929    i.USBD_CDC_GetHSCfgDesc  usbd_cdc.o
    0x08001e54   0x0000000c   Code   RO         2930    i.USBD_CDC_GetOtherSpeedCfgDesc  usbd_cdc.o
    0x08001e60   0x000000a2   Code   RO         2931    i.USBD_CDC_Init     usbd_cdc.o
    0x08001f02   0x00000028   Code   RO         2932    i.USBD_CDC_ReceivePacket  usbd_cdc.o
    0x08001f2a   0x0000000e   Code   RO         2933    i.USBD_CDC_RegisterInterface  usbd_cdc.o
    0x08001f38   0x0000000c   Code   RO         2934    i.USBD_CDC_SetRxBuffer  usbd_cdc.o
    0x08001f44   0x00000010   Code   RO         2935    i.USBD_CDC_SetTxBuffer  usbd_cdc.o
    0x08001f54   0x000000b0   Code   RO         2936    i.USBD_CDC_Setup    usbd_cdc.o
    0x08002004   0x00000036   Code   RO         2937    i.USBD_CDC_TransmitPacket  usbd_cdc.o
    0x0800203a   0x00000010   Code   RO         2652    i.USBD_ClrClassConfig  usbd_core.o
    0x0800204a   0x00000010   Code   RO         2863    i.USBD_CtlContinueRx  usbd_ioreq.o
    0x0800205a   0x00000010   Code   RO         2864    i.USBD_CtlContinueSendData  usbd_ioreq.o
    0x0800206a   0x00000016   Code   RO         2791    i.USBD_CtlError     usbd_ctlreq.o
    0x08002080   0x0000001e   Code   RO         2865    i.USBD_CtlPrepareRx  usbd_ioreq.o
    0x0800209e   0x00000016   Code   RO         2866    i.USBD_CtlReceiveStatus  usbd_ioreq.o
    0x080020b4   0x0000001a   Code   RO         2867    i.USBD_CtlSendData  usbd_ioreq.o
    0x080020ce   0x00000016   Code   RO         2868    i.USBD_CtlSendStatus  usbd_ioreq.o
    0x080020e4   0x00000020   Code   RO          459    i.USBD_FS_ConfigStrDescriptor  usbd_desc.o
    0x08002104   0x0000000c   Code   RO          460    i.USBD_FS_DeviceDescriptor  usbd_desc.o
    0x08002110   0x00000024   Code   RO          461    i.USBD_FS_InterfaceStrDescriptor  usbd_desc.o
    0x08002134   0x0000000c   Code   RO          462    i.USBD_FS_LangIDStrDescriptor  usbd_desc.o
    0x08002140   0x00000028   Code   RO          463    i.USBD_FS_ManufacturerStrDescriptor  usbd_desc.o
    0x08002168   0x0000002c   Code   RO          464    i.USBD_FS_ProductStrDescriptor  usbd_desc.o
    0x08002194   0x00000038   Code   RO          465    i.USBD_FS_SerialStrDescriptor  usbd_desc.o
    0x080021cc   0x000000e6   Code   RO         2792    i.USBD_GetDescriptor  usbd_ctlreq.o
    0x080022b2   0x00000048   Code   RO         2793    i.USBD_GetString    usbd_ctlreq.o
    0x080022fa   0x00000018   Code   RO          614    i.USBD_Get_USB_Status  usbd_conf.o
    0x08002312   0x00000034   Code   RO         2654    i.USBD_Init         usbd_core.o
    0x08002346   0x00000012   Code   RO          615    i.USBD_LL_ClearStallEP  usbd_conf.o
    0x08002358   0x00000012   Code   RO          616    i.USBD_LL_CloseEP   usbd_conf.o
    0x0800236a   0x000000aa   Code   RO         2655    i.USBD_LL_DataInStage  usbd_core.o
    0x08002414   0x0000006e   Code   RO         2656    i.USBD_LL_DataOutStage  usbd_core.o
    0x08002482   0x00000004   Code   RO         2657    i.USBD_LL_DevConnected  usbd_core.o
    0x08002486   0x00000018   Code   RO         2658    i.USBD_LL_DevDisconnected  usbd_core.o
    0x0800249e   0x00000008   Code   RO          620    i.USBD_LL_GetRxDataSize  usbd_conf.o
    0x080024a6   0x00000002   PAD
    0x080024a8   0x00000060   Code   RO          621    i.USBD_LL_Init      usbd_conf.o
    0x08002508   0x00000020   Code   RO          622    i.USBD_LL_IsStallEP  usbd_conf.o
    0x08002528   0x00000004   Code   RO         2659    i.USBD_LL_IsoINIncomplete  usbd_core.o
    0x0800252c   0x00000004   Code   RO         2660    i.USBD_LL_IsoOUTIncomplete  usbd_core.o
    0x08002530   0x00000018   Code   RO          623    i.USBD_LL_OpenEP    usbd_conf.o
    0x08002548   0x00000012   Code   RO          624    i.USBD_LL_PrepareReceive  usbd_conf.o
    0x0800255a   0x00000052   Code   RO         2661    i.USBD_LL_Reset     usbd_core.o
    0x080025ac   0x00000014   Code   RO         2662    i.USBD_LL_Resume    usbd_core.o
    0x080025c0   0x00000018   Code   RO         2663    i.USBD_LL_SOF       usbd_core.o
    0x080025d8   0x00000006   Code   RO         2664    i.USBD_LL_SetSpeed  usbd_core.o
    0x080025de   0x00000012   Code   RO          625    i.USBD_LL_SetUSBAddress  usbd_conf.o
    0x080025f0   0x00000060   Code   RO         2665    i.USBD_LL_SetupStage  usbd_core.o
    0x08002650   0x00000012   Code   RO          626    i.USBD_LL_StallEP   usbd_conf.o
    0x08002662   0x00000012   Code   RO          627    i.USBD_LL_Start     usbd_conf.o
    0x08002674   0x00000012   Code   RO         2666    i.USBD_LL_Suspend   usbd_core.o
    0x08002686   0x00000012   Code   RO          629    i.USBD_LL_Transmit  usbd_conf.o
    0x08002698   0x0000002c   Code   RO         2794    i.USBD_ParseSetupRequest  usbd_ctlreq.o
    0x080026c4   0x00000022   Code   RO         2667    i.USBD_RegisterClass  usbd_core.o
    0x080026e6   0x00000014   Code   RO         2669    i.USBD_SetClassConfig  usbd_core.o
    0x080026fa   0x00000002   PAD
    0x080026fc   0x000000bc   Code   RO         2795    i.USBD_SetConfig    usbd_ctlreq.o
    0x080027b8   0x00000004   Code   RO         2670    i.USBD_Start        usbd_core.o
    0x080027bc   0x00000114   Code   RO         2796    i.USBD_StdDevReq    usbd_ctlreq.o
    0x080028d0   0x0000014c   Code   RO         2797    i.USBD_StdEPReq     usbd_ctlreq.o
    0x08002a1c   0x00000052   Code   RO         2798    i.USBD_StdItfReq    usbd_ctlreq.o
    0x08002a6e   0x00000002   PAD
    0x08002a70   0x00000080   Code   RO         1065    i.USB_ActivateEndpoint  stm32f4xx_ll_usb.o
    0x08002af0   0x0000001c   Code   RO         1067    i.USB_ActivateSetup  stm32f4xx_ll_usb.o
    0x08002b0c   0x00000074   Code   RO         1069    i.USB_CoreInit      stm32f4xx_ll_usb.o
    0x08002b80   0x00000038   Code   RO         1070    i.USB_CoreReset     stm32f4xx_ll_usb.o
    0x08002bb8   0x000000cc   Code   RO         1073    i.USB_DeactivateEndpoint  stm32f4xx_ll_usb.o
    0x08002c84   0x0000001c   Code   RO         1074    i.USB_DevConnect    stm32f4xx_ll_usb.o
    0x08002ca0   0x0000001c   Code   RO         1075    i.USB_DevDisconnect  stm32f4xx_ll_usb.o
    0x08002cbc   0x00000174   Code   RO         1076    i.USB_DevInit       stm32f4xx_ll_usb.o
    0x08002e30   0x0000000c   Code   RO         1077    i.USB_DisableGlobalInt  stm32f4xx_ll_usb.o
    0x08002e3c   0x00000118   Code   RO         1080    i.USB_EP0StartXfer  stm32f4xx_ll_usb.o
    0x08002f54   0x00000058   Code   RO         1081    i.USB_EP0_OutStart  stm32f4xx_ll_usb.o
    0x08002fac   0x00000058   Code   RO         1082    i.USB_EPClearStall  stm32f4xx_ll_usb.o
    0x08003004   0x00000058   Code   RO         1083    i.USB_EPSetStall    stm32f4xx_ll_usb.o
    0x0800305c   0x000001e8   Code   RO         1084    i.USB_EPStartXfer   stm32f4xx_ll_usb.o
    0x08003244   0x0000000c   Code   RO         1085    i.USB_EnableGlobalInt  stm32f4xx_ll_usb.o
    0x08003250   0x00000020   Code   RO         1086    i.USB_FlushRxFifo   stm32f4xx_ll_usb.o
    0x08003270   0x00000024   Code   RO         1087    i.USB_FlushTxFifo   stm32f4xx_ll_usb.o
    0x08003294   0x0000001a   Code   RO         1089    i.USB_GetDevSpeed   stm32f4xx_ll_usb.o
    0x080032ae   0x00000008   Code   RO         1091    i.USB_GetMode       stm32f4xx_ll_usb.o
    0x080032b6   0x0000000e   Code   RO         1098    i.USB_ReadDevAllInEpInterrupt  stm32f4xx_ll_usb.o
    0x080032c4   0x0000000e   Code   RO         1099    i.USB_ReadDevAllOutEpInterrupt  stm32f4xx_ll_usb.o
    0x080032d2   0x00000024   Code   RO         1100    i.USB_ReadDevInEPInterrupt  stm32f4xx_ll_usb.o
    0x080032f6   0x00000010   Code   RO         1101    i.USB_ReadDevOutEPInterrupt  stm32f4xx_ll_usb.o
    0x08003306   0x00000008   Code   RO         1102    i.USB_ReadInterrupts  stm32f4xx_ll_usb.o
    0x0800330e   0x0000001c   Code   RO         1103    i.USB_ReadPacket    stm32f4xx_ll_usb.o
    0x0800332a   0x0000002e   Code   RO         1105    i.USB_SetCurrentMode  stm32f4xx_ll_usb.o
    0x08003358   0x00000022   Code   RO         1106    i.USB_SetDevAddress  stm32f4xx_ll_usb.o
    0x0800337a   0x00000002   PAD
    0x0800337c   0x000000e8   Code   RO         1108    i.USB_SetTurnaroundTime  stm32f4xx_ll_usb.o
    0x08003464   0x00000024   Code   RO         1111    i.USB_WritePacket   stm32f4xx_ll_usb.o
    0x08003488   0x00000002   Code   RO          308    i.UsageFault_Handler  stm32f4xx_it.o
    0x0800348a   0x00000020   Code   RO         2191    i.__NVIC_SetPriority  stm32f4xx_hal_cortex.o
    0x080034aa   0x0000000e   Code   RO         3233    i.__scatterload_copy  mc_w.l(handlers.o)
    0x080034b8   0x00000002   Code   RO         3234    i.__scatterload_null  mc_w.l(handlers.o)
    0x080034ba   0x0000000e   Code   RO         3235    i.__scatterload_zeroinit  mc_w.l(handlers.o)
    0x080034c8   0x0000001a   Code   RO           13    i.delay_ms          hardware.o
    0x080034e2   0x00000002   PAD
    0x080034e4   0x00000040   Code   RO           14    i.delay_us          hardware.o
    0x08003524   0x00000050   Code   RO         3181    i.free              mc_w.l(malloc.o)
    0x08003574   0x0000001c   Code   RO           15    i.led_init          hardware.o
    0x08003590   0x00000064   Code   RO          204    i.main              main.o
    0x080035f4   0x0000006c   Code   RO         3182    i.malloc            mc_w.l(malloc.o)
    0x08003660   0x0000008c   Code   RO           16    i.ov5640_init       hardware.o
    0x080036ec   0x00000010   Code   RO           17    i.ov5640_pwdn       hardware.o
    0x080036fc   0x00000010   Code   RO           18    i.ov5640_rst        hardware.o
    0x0800370c   0x00000010   Code   RO           19    i.ov5640_scl        hardware.o
    0x0800371c   0x0000000c   Code   RO           20    i.ov5640_sda_in     hardware.o
    0x08003728   0x00000010   Code   RO           21    i.ov5640_sda_out    hardware.o
    0x08003738   0x00000034   Code   RO           22    i.ov5640_sda_switch  hardware.o
    0x0800376c   0x00000010   Data   RO         2616    .constdata          system_stm32f4xx.o
    0x0800377c   0x00000494   Data   RO         3075    .constdata          ov5640.o
    0x08003c10   0x00000020   Data   RO         3231    Region$$Table       anon$$obj.o


    Execution Region RW_IRAM2 (Base: 0x10000000, Size: 0x00000000, Max: 0x00010000, ABSOLUTE)

    **** No section assigned to this execution region ****


    Execution Region RW_IRAM1 (Base: 0x20000000, Size: 0x000034a0, Max: 0x00030000, ABSOLUTE, COMPRESSED[0x000000c8])

    Base Addr    Size         Type   Attr      Idx    E Section Name        Object

    0x20000000   0x00000010   Data   RW           24    .data               hardware.o
    0x20000010   0x00000008   Data   RW          206    .data               main.o
    0x20000018   0x0000001c   Data   RW          467    .data               usbd_desc.o
    0x20000034   0x00000032   Data   RW          468    .data               usbd_desc.o
    0x20000066   0x00000002   PAD
    0x20000068   0x00000014   Data   RW          551    .data               usbd_cdc_if.o
    0x2000007c   0x0000000c   Data   RW         2337    .data               stm32f4xx_hal.o
    0x20000088   0x00000004   Data   RW         2618    .data               system_stm32f4xx.o
    0x2000008c   0x00000001   Data   RW         2799    .data               usbd_ctlreq.o
    0x2000008d   0x00000003   PAD
    0x20000090   0x000000d7   Data   RW         2938    .data               usbd_cdc.o
    0x20000167   0x00000001   PAD
    0x20000168   0x00000038   Data   RW         2939    .data               usbd_cdc.o
    0x200001a0   0x00000004   Data   RW         3227    .data               mc_w.l(mvars.o)
    0x200001a4   0x00000004   Data   RW         3228    .data               mc_w.l(mvars.o)
    0x200001a8   0x00000020   Zero   RW           23    .bss                hardware.o
    0x200001c8   0x00001000   Zero   RW          205    .bss                main.o
    0x200011c8   0x000002d0   Zero   RW          411    .bss                usb_device.o
    0x20001498   0x00000200   Zero   RW          466    .bss                usbd_desc.o
    0x20001698   0x00001000   Zero   RW          550    .bss                usbd_cdc_if.o
    0x20002698   0x00000408   Zero   RW          630    .bss                usbd_conf.o
    0x20002aa0   0x00000600   Zero   RW            2    HEAP                startup_stm32f429xx.o
    0x200030a0   0x00000400   Zero   RW            1    STACK               startup_stm32f429xx.o


==============================================================================

Image component sizes


      Code (inc. data)   RO Data    RW Data    ZI Data      Debug   Object Name

       272         22          0          0          0       1047   gpio.o
       386         80          0         16         32     708867   hardware.o
        20          0          0          0          0       1331   led.o
       340         36          0          8       4096       8246   main.o
       812         10       1172          0          0      11012   ov5640.o
        36          8        428          0       2560        860   startup_stm32f429xx.o
       180         28          0         12          0       9761   stm32f4xx_hal.o
       232         14          0          0          0      34821   stm32f4xx_hal_cortex.o
       526         60          0          0          0       4467   stm32f4xx_hal_gpio.o
        48          6          0          0          0        906   stm32f4xx_hal_msp.o
      2308         14          0          0          0      13113   stm32f4xx_hal_pcd.o
        78          0          0          0          0       2505   stm32f4xx_hal_pcd_ex.o
      1280         58          0          0          0       4642   stm32f4xx_hal_rcc.o
        50          6          0          0          0       5423   stm32f4xx_it.o
      2582        132          0          0          0      23467   stm32f4xx_ll_usb.o
        28          6         16          4          0       1227   system_stm32f4xx.o
        84         18          0          0        720       2667   usb_device.o
       772         16          0        271          0      13957   usbd_cdc.o
       116         22          0         20       4096       4116   usbd_cdc_if.o
       634         20          0          0       1032      16336   usbd_conf.o
       688          0          0          0          0      12845   usbd_core.o
      1256         30          0          1          0      14304   usbd_ctlreq.o
       288        104          0         78        512       6433   usbd_desc.o
       132          0          0          0          0       4680   usbd_ioreq.o

    ----------------------------------------------------------------------
     13168        690       1648        416      13048     907033   Object Totals
         0          0         32          0          0          0   (incl. Generated)
        20          0          0          6          0          0   (incl. Padding)

    ----------------------------------------------------------------------

      Code (inc. data)   RO Data    RW Data    ZI Data      Debug   Library Member Name

        86          0          0          0          0          0   __dczerorl2.o
         0          0          0          0          0          0   entry.o
         0          0          0          0          0          0   entry10a.o
         0          0          0          0          0          0   entry11a.o
         8          4          0          0          0          0   entry2.o
         4          0          0          0          0          0   entry5.o
         0          0          0          0          0          0   entry7b.o
         0          0          0          0          0          0   entry8b.o
         8          4          0          0          0          0   entry9a.o
        30          0          0          0          0          0   handlers.o
        36          8          0          0          0         68   init.o
        30          0          0          0          0         68   llshl.o
        32          0          0          0          0         68   llushr.o
       188         20          0          0          0        160   malloc.o
        36          0          0          0          0         68   memcpya.o
        36          0          0          0          0        108   memseta.o
         0          0          0          8          0          0   mvars.o
        98          0          0          0          0         92   uldiv.o

    ----------------------------------------------------------------------
       592         36          0          8          0        632   Library Totals
         0          0          0          0          0          0   (incl. Padding)

    ----------------------------------------------------------------------

      Code (inc. data)   RO Data    RW Data    ZI Data      Debug   Library Name

       592         36          0          8          0        632   mc_w.l

    ----------------------------------------------------------------------
       592         36          0          8          0        632   Library Totals

    ----------------------------------------------------------------------

==============================================================================


      Code (inc. data)   RO Data    RW Data    ZI Data      Debug   

     13760        726       1648        424      13048     888889   Grand Totals
     13760        726       1648        200      13048     888889   ELF Image Totals (compressed)
     13760        726       1648        200          0          0   ROM Totals

==============================================================================

    Total RO  Size (Code + RO Data)                15408 (  15.05kB)
    Total RW  Size (RW Data + ZI Data)             13472 (  13.16kB)
    Total ROM Size (Code + RO Data + RW Data)      15608 (  15.24kB)

==============================================================================

